07-19 14:53:40.474   601   617 E BatteryStatsService: no controller energy info supplied
07-19 14:53:40.491   601   617 E BatteryStatsService: modem info is invalid: ModemActivityInfo{ mTimestamp=0 mSleepTimeMs=0 mIdleTimeMs=0 mTxTimeMs[]=[0, 0, 0, 0, 0] mRxTimeMs=0 mEnergyUsed=0}
07-19 14:58:11.234   601   617 E BatteryStatsService: no controller energy info supplied
07-19 14:58:11.241   601   617 E BatteryStatsService: modem info is invalid: ModemActivityInfo{ mTimestamp=0 mSleepTimeMs=0 mIdleTimeMs=0 mTxTimeMs[]=[0, 0, 0, 0, 0] mRxTimeMs=0 mEnergyUsed=0}
07-19 14:58:58.383   601   601 D AnyMotionDetector: angleBetween: this = timeMillisSinceBoot=18039694 | x=-0.0045614108, y=-0.0041119275, z=0.9999811, other = timeMillisSinceBoot=18047272 | x=-0.0036640398, y=-0.0044634663, z=0.9999833, degrees = 0.055220157
07-19 14:58:58.908   601   983 D libgps  : proxy_gnss_sv_status_cb: called. num_svs(0)
07-19 14:58:59.843   601   983 D libgps  : proxy_gnss_sv_status_cb: called. num_svs(0)
07-19 14:59:00.859   601   983 D libgps  : proxy_gnss_sv_status_cb: called. num_svs(0)
07-19 14:59:01.865   601   983 D libgps  : proxy_gnss_sv_status_cb: called. num_svs(2)
07-19 14:59:02.867   601   983 D libgps  : proxy_gnss_sv_status_cb: called. num_svs(3)
07-19 14:59:03.866   601   983 D libgps  : proxy_gnss_sv_status_cb: called. num_svs(3)
07-19 14:59:04.889   601   983 D libgps  : proxy_gnss_sv_status_cb: called. num_svs(3)
07-19 14:59:05.878   601   983 D libgps  : proxy_gnss_sv_status_cb: called. num_svs(4)
07-19 14:59:06.873   601   983 D libgps  : proxy_gnss_sv_status_cb: called. num_svs(4)
07-19 14:59:07.881   601   983 D libgps  : proxy_gnss_sv_status_cb: called. num_svs(4)
07-19 14:59:08.872   601   983 D libgps  : proxy_gnss_sv_status_cb: called. num_svs(4)
07-19 14:59:09.887   601   983 D libgps  : proxy_gnss_sv_status_cb: called. num_svs(4)
07-19 14:59:10.871   601   983 D libgps  : proxy_gnss_sv_status_cb: called. num_svs(3)
07-19 14:59:11.870   601   983 D libgps  : proxy_gnss_sv_status_cb: called. num_svs(3)
07-19 14:59:12.864   601   983 D libgps  : proxy_gnss_sv_status_cb: called. num_svs(3)
07-19 14:59:13.871   601   983 D libgps  : proxy_gnss_sv_status_cb: called. num_svs(3)
07-19 14:59:14.872   601   983 D libgps  : proxy_gnss_sv_status_cb: called. num_svs(4)
07-19 14:59:15.874   601   983 D libgps  : proxy_gnss_sv_status_cb: called. num_svs(4)
07-19 14:59:16.870   601   983 D libgps  : proxy_gnss_sv_status_cb: called. num_svs(4)
07-19 14:59:17.871   601   983 D libgps  : proxy_gnss_sv_status_cb: called. num_svs(4)
07-19 14:59:18.872   601   983 D libgps  : proxy_gnss_sv_status_cb: called. num_svs(4)
07-19 14:59:19.871   601   983 D libgps  : proxy_gnss_sv_status_cb: called. num_svs(4)
07-19 14:59:20.873   601   983 D libgps  : proxy_gnss_sv_status_cb: called. num_svs(4)
07-19 14:59:21.871   601   983 D libgps  : proxy_gnss_sv_status_cb: called. num_svs(4)
07-19 14:59:22.869   601   983 D libgps  : proxy_gnss_sv_status_cb: called. num_svs(3)
07-19 14:59:23.864   601   983 D libgps  : proxy_gnss_sv_status_cb: called. num_svs(3)
07-19 14:59:24.864   601   983 D libgps  : proxy_gnss_sv_status_cb: called. num_svs(3)
07-19 14:59:25.863   601   983 D libgps  : proxy_gnss_sv_status_cb: called. num_svs(3)
07-19 14:59:26.863   601   983 D libgps  : proxy_gnss_sv_status_cb: called. num_svs(3)
07-19 14:59:27.870   601   983 D libgps  : proxy_gnss_sv_status_cb: called. num_svs(3)
07-19 14:59:28.867   601   983 D libgps  : proxy_gnss_sv_status_cb: called. num_svs(3)
07-19 14:59:29.862   601   983 D libgps  : proxy_gnss_sv_status_cb: called. num_svs(3)
07-19 14:59:30.864   601   983 D libgps  : proxy_gnss_sv_status_cb: called. num_svs(3)
07-19 14:59:31.868   601   983 D libgps  : proxy_gnss_sv_status_cb: called. num_svs(3)
07-19 14:59:32.868   601   983 D libgps  : proxy_gnss_sv_status_cb: called. num_svs(3)
07-19 14:59:33.865   601   983 D libgps  : proxy_gnss_sv_status_cb: called. num_svs(3)
07-19 14:59:34.866   601   983 D libgps  : proxy_gnss_sv_status_cb: called. num_svs(3)
07-19 14:59:35.869   601   983 D libgps  : proxy_gnss_sv_status_cb: called. num_svs(3)
07-19 14:59:36.865   601   983 D libgps  : proxy_gnss_sv_status_cb: called. num_svs(3)
07-19 14:59:37.863   601   983 D libgps  : proxy_gnss_sv_status_cb: called. num_svs(3)
07-19 14:59:38.864   601   983 D libgps  : proxy_gnss_sv_status_cb: called. num_svs(3)
07-19 14:59:39.863   601   983 D libgps  : proxy_gnss_sv_status_cb: called. num_svs(3)
07-19 14:59:40.863   601   983 D libgps  : proxy_gnss_sv_status_cb: called. num_svs(3)
07-19 14:59:41.863   601   983 D libgps  : proxy_gnss_sv_status_cb: called. num_svs(3)
07-19 14:59:42.863   601   983 D libgps  : proxy_gnss_sv_status_cb: called. num_svs(3)
07-19 14:59:43.864   601   983 D libgps  : proxy_gnss_sv_status_cb: called. num_svs(3)
07-19 14:59:44.864   601   983 D libgps  : proxy_gnss_sv_status_cb: called. num_svs(3)
07-19 14:59:45.863   601   983 D libgps  : proxy_gnss_sv_status_cb: called. num_svs(3)
07-19 14:59:46.864   601   983 D libgps  : proxy_gnss_sv_status_cb: called. num_svs(3)
07-19 14:59:47.863   601   983 D libgps  : proxy_gnss_sv_status_cb: called. num_svs(3)
07-19 15:09:40.243   601   614 I ProcessStatsService: Prepared write state in 5ms
07-19 15:09:40.247   601   614 I ProcessStatsService: Prepared write state in 4ms
07-19 15:28:11.239   601   617 E BatteryStatsService: no controller energy info supplied
07-19 15:28:11.250   601   617 E BatteryStatsService: modem info is invalid: ModemActivityInfo{ mTimestamp=0 mSleepTimeMs=0 mIdleTimeMs=0 mTxTimeMs[]=[0, 0, 0, 0, 0] mRxTimeMs=0 mEnergyUsed=0}
07-19 15:37:07.824   601   637 I PowerManagerService: Waking up from sleep (uid 1000)...
07-19 15:37:07.837   601   623 I DisplayPowerController: Blocking screen on until initial contents have been drawn.
07-19 15:37:07.842   601   621 I DisplayManagerService: Display device changed state: "Built-in Screen", ON
07-19 15:37:07.850   601   621 W LocalDisplayAdapter: Unable to find color mode 0, ignoring request.
07-19 15:37:08.134   601   623 I DisplayPowerController: Unblocked screen on after 298 ms
07-19 15:37:08.369   601   825 W ActivityManager: Permission Denial: Accessing service ComponentInfo{com.google.android.music/com.google.android.music.dial.DialMediaRouteProviderService} from pid=1265, uid=10011 that is not exported from uid 10070
07-19 15:37:08.707   601 13198 W ActivityManager: Unable to start service Intent { act=com.google.firebase.MESSAGING_EVENT pkg=com.google.android.googlequicksearchbox (has extras) } U=0: not found
07-19 15:37:09.481   601  2677 W InputMethodManagerService: Window already focused, ignoring focus gain of: com.android.internal.view.IInputMethodClient$Stub$Proxy@938d84f attribute=android.view.inputmethod.EditorInfo@b365bdc, token = android.os.BinderProxy@51f660a
07-19 15:37:09.808   601   786 I ActivityManager: Setting hasTopUi=false for pid=689
07-19 15:37:10.920   601   636 I ActivityManager: START u0 {act=android.intent.action.MAIN cat=[android.intent.category.HOME] flg=0x10200000 cmp=com.google.android.googlequicksearchbox/com.google.android.launcher.GEL (has extras)} from uid 1000 on display 0
07-19 15:37:14.680   601  2677 I ActivityManager: START u0 {act=android.intent.action.MAIN cat=[android.intent.category.LAUNCHER] flg=0x10200000 cmp=com.android.settings/.Settings (has extras)} from uid 10031 on display 0
07-19 15:37:14.781   601   614 W BroadcastQueue: Permission Denial: receiving Intent { act=com.android.launcher3.action.LAUNCH flg=0x10 pkg=com.google.android.googlequicksearchbox (has extras) } to com.google.android.googlequicksearchbox/com.google.android.apps.gsa.reflection.ReflectionReceiver requires com.android.launcher3.permission.RECEIVE_LAUNCH_BROADCASTS due to sender com.google.android.googlequicksearchbox (uid 10031)
07-19 15:37:14.783   601   614 W BroadcastQueue: Permission Denial: receiving Intent { act=com.android.launcher3.action.LAUNCH flg=0x10 pkg=com.google.android.gms (has extras) } to com.google.android.gms/.chimera.GmsIntentOperationService$GmsExternalReceiver requires com.android.launcher3.permission.RECEIVE_LAUNCH_BROADCASTS due to sender com.google.android.googlequicksearchbox (uid 10031)
07-19 15:37:14.809   601 27451 I ActivityManager: Start proc 30416:com.android.settings/1000 for activity com.android.settings/.Settings
07-19 15:37:15.262   601   825 I ActivityManager: Start proc 30432:com.google.android.gms.ui/u0a11 for content provider com.google.android.gms/.app.search.GmsSearchIndexablesProvider
07-19 15:37:15.341   601   620 D BluetoothManagerService: Message: 20
07-19 15:37:15.341   601   620 D BluetoothManagerService: Added callback: android.bluetooth.IBluetoothManagerCallback$Stub$Proxy@7f9c2b7:true
07-19 15:37:15.351   601   620 D BluetoothManagerService: Message: 30
07-19 15:37:15.361   601   620 D BluetoothManagerService: Message: 30
07-19 15:37:15.393   601   620 D BluetoothManagerService: Message: 30
07-19 15:37:15.416   601   620 D BluetoothManagerService: Message: 30
07-19 15:37:15.668   601 16875 I ActivityManager: Start proc 30453:com.android.printspooler/u0a81 for service com.android.printspooler/.model.PrintSpoolerService
07-19 15:37:16.364   601   612 E BatteryStatsService: no controller energy info supplied
07-19 15:37:16.372   601   612 E BatteryStatsService: modem info is invalid: ModemActivityInfo{ mTimestamp=0 mSleepTimeMs=0 mIdleTimeMs=0 mTxTimeMs[]=[0, 0, 0, 0, 0] mRxTimeMs=0 mEnergyUsed=0}
07-19 15:37:24.098   601   611 I ActivityManager: START u0 {flg=0x8000 cmp=com.android.settings/.Settings$DeviceInfoSettingsActivity (has extras)} from uid 1000 on display 0
07-19 15:37:29.800   601   636 I ActivityManager: START u0 {act=android.intent.action.MAIN cat=[android.intent.category.HOME] flg=0x10200000 cmp=com.google.android.googlequicksearchbox/com.google.android.launcher.GEL (has extras)} from uid 1000 on display 0
07-19 15:37:42.621   601  2623 I ActivityManager: Killing 29332:com.google.android.apps.photos/u0a74 (adj 904): empty for 7169s
07-19 15:37:42.622   601  2623 I ActivityManager: Killing 29362:com.google.android.GoogleCamera/u0a53 (adj 906): empty for 7174s
07-19 15:37:42.655   601   612 D ActivityManager: cleanUpApplicationRecord -- 29332
07-19 15:37:42.660   601  1088 D ActivityManager: cleanUpApplicationRecord -- 29362
07-19 15:37:44.416   601   617 E BatteryStatsService: no controller energy info supplied
07-19 15:37:44.419   601   601 I EntropyMixer: Writing entropy...
07-19 15:37:44.443   601   617 E BatteryStatsService: modem info is invalid: ModemActivityInfo{ mTimestamp=0 mSleepTimeMs=0 mIdleTimeMs=0 mTxTimeMs[]=[0, 0, 0, 0, 0] mRxTimeMs=0 mEnergyUsed=0}
07-19 15:37:44.478   601   614 W ActivityManager: Slow operation: 64ms so far, now at startProcess: done updating battery stats
07-19 15:37:44.478   601   614 W ActivityManager: Slow operation: 64ms so far, now at startProcess: building log message
07-19 15:37:44.478   601   614 I ActivityManager: Start proc 30507:com.google.android.apps.photos/u0a74 for broadcast com.google.android.apps.photos/.scheduler.PowerReceiver
07-19 15:37:44.478   601   614 W ActivityManager: Slow operation: 64ms so far, now at startProcess: starting to update pids map
07-19 15:37:44.478   601   614 W ActivityManager: Slow operation: 64ms so far, now at startProcess: done updating pids map
07-19 15:37:44.478   601   614 W ActivityManager: Slow operation: 64ms so far, now at startProcess: done starting proc!
07-19 15:37:44.598   601   613 I ActivityManager: Start proc 30524:com.google.android.apps.docs/u0a46 for service com.google.android.apps.docs/.sync.syncadapter.DocsSyncAdapterService
07-19 15:37:44.642   601   614 I ActivityManager: Start proc 30536:android.process.media/u0a8 for broadcast com.android.providers.media/.MtpReceiver
07-19 15:37:44.729   601   613 I ActivityManager: Start proc 30552:com.google.android.apps.docs.editors.docs/u0a48 for service com.google.android.apps.docs.editors.docs/com.google.android.apps.docs.sync.syncadapter.DocsSyncAdapterService
07-19 15:37:44.921   601   613 I ActivityManager: Start proc 30568:com.google.android.apps.docs.editors.sheets/u0a49 for service com.google.android.apps.docs.editors.sheets/com.google.android.apps.docs.sync.syncadapter.DocsSyncAdapterService
07-19 15:37:45.049   601   613 I ActivityManager: Start proc 30585:com.google.android.apps.docs.editors.slides/u0a50 for service com.google.android.apps.docs.editors.slides/com.google.android.apps.docs.sync.syncadapter.DocsSyncAdapterService
07-19 15:37:45.066   601 27660 I ActivityManager: Killing 29450:com.google.android.partnersetup/u0a17 (adj 904): empty for 6291s
07-19 15:37:45.197   601 27660 D ActivityManager: cleanUpApplicationRecord -- 29450
07-19 15:37:46.390   601  1088 I ActivityManager: Process com.android.chrome:webview_service (pid 29924) has died
07-19 15:37:46.393   601  1088 D ActivityManager: cleanUpApplicationRecord -- 29924
07-19 15:37:46.449   601   786 I ActivityManager: Process com.android.chrome:sandboxed_process0 (pid 29279) has died
07-19 15:37:46.449   601   786 D ActivityManager: cleanUpApplicationRecord -- 29279
07-19 15:37:46.449   601   786 W ActivityManager: Scheduling restart of crashed service com.android.chrome/org.chromium.content.app.SandboxedProcessService0 in 1000ms
07-19 15:37:46.752   601  1002 D UsbDebuggingManager: Received public key: QAAAAIul/a7dJbGTgAUJMPCvIQLjXTEwOZcnDae1RNzu2fG1aSO5TCgqesZLq2tLIwgMqhH2grmOLRnsp2xckCj0mJF/zgboXs8bwnL0Y3TjnZjv4ZoHmFTU2Q/1Sjpb8P8orFLCmpzyRygi8ktejq52+iF3yE0dZ/gJKol//UHb5wK5Jgcqh295RI16Kq+4SVGwgvJZvHqQheTs19rTwF/0kLziaNNO6/7WLIOZooNCPc/B/mGMRg2rrGKPcuQ2hkJGRSljKRgSxoAotBl5LwrRIm/sjfRuXNdhjt96xRXZbSNlcX/kYyGValPhOZeZ/r3/woSctf9+2tofjGdCHcXYopBRstyrAGeLHPttazJ/6y5qyrvGm3TlM961QuTV3kuwl1tvo0vPFRKnOEANCTKLqlFu7kCCqq3vkqY/8KnNL8lvEOsibNq368ku2XYbymR6M8I8MG+25bnGgHYYdQuYE29qrE7zOqU3/X7CD7RZn1f6t2uG0cXTVTtjpxZjjcjmbgFYtygJ9QOFZfT+xlhfUxdb1jyGfcrHWXjQARqMFMTaRb/f9dx8T/vwaxQOYOmaaNGipQ/5BbuUDp1kQ1Vw809BDUIagFCIcvbILV6ltbfpHiR7jCeuwIit+oY9NZgxQaTVMJNXGogZxSr/GyYmv9DpNzg+0Xc9p4vcN+5FRsarE8/mXwEAAQA= commonuser@MacBook-Pro.local
07-19 15:37:46.820   601   619 I ActivityManager: START u0 {flg=0x10000000 cmp=com.android.systemui/.usb.UsbDebuggingActivity (has extras)} from uid 1000 on display 0
07-19 15:37:47.567   601   614 W ActivityManager: Slow operation: 116ms so far, now at startProcess: returned from zygote!
07-19 15:37:47.567   601   614 W ActivityManager: Slow operation: 116ms so far, now at startProcess: done updating battery stats
07-19 15:37:47.567   601   614 W ActivityManager: Slow operation: 116ms so far, now at startProcess: building log message
07-19 15:37:47.567   601   614 I ActivityManager: Start proc 30680:com.android.chrome:sandboxed_process0/u0i6 for service com.android.chrome/org.chromium.content.app.SandboxedProcessService0
07-19 15:37:47.567   601   614 W ActivityManager: Slow operation: 116ms so far, now at startProcess: starting to update pids map
07-19 15:37:47.567   601   614 W ActivityManager: Slow operation: 116ms so far, now at startProcess: done updating pids map
07-19 15:37:47.567   601   614 W ActivityManager: Slow operation: 118ms so far, now at startProcess: done starting proc!
07-19 15:37:48.047   601  2677 I ActivityManager: Killing 30680:com.android.chrome:sandboxed_process0/u0a42i6 (adj 0): isolated not needed
07-19 15:37:48.119   601  1166 D ConnectivityService: Returning unblocked NetworkInfo to uid=10049
07-19 15:37:48.244   601   611 D ActivityManager: cleanUpApplicationRecord -- 30680
07-19 15:37:48.770   601  2677 I ActivityManager: Start proc 30731:com.google.android.apps.plus/u0a76 for broadcast com.google.android.apps.plus/.service.BatteryReceiver
07-19 15:37:50.735   601 27451 W InputMethodManagerService: Window already focused, ignoring focus gain of: com.android.internal.view.IInputMethodClient$Stub$Proxy@a0ed1ba attribute=null, token = android.os.BinderProxy@2059180
07-19 15:37:51.077   601   832 I ActivityManager: Start proc 30792:com.google.android.music:main/u0a70 for service com.google.android.music/.sync.google.MusicGcmTaskService
07-19 15:37:52.661   601  1167 I ActivityManager: Start proc 30839:com.google.android.instantapps.supervisor/u0a91 for service com.google.android.instantapps.supervisor/.hygiene.HygieneTaskService
07-19 15:37:55.358   601 27660 I ActivityManager: Process com.android.chrome (pid 29225) has died
07-19 15:37:55.358   601   786 D ConnectivityService: ConnectivityService NetworkRequestInfo binderDied(NetworkRequest [ LISTEN id=67, [ Capabilities: INTERNET&NOT_RESTRICTED&TRUSTED&FOREGROUND] ], android.os.BinderProxy@18525a7)
07-19 15:37:55.359   601 27660 D ActivityManager: cleanUpApplicationRecord -- 29225
07-19 15:37:55.359   601  1167 D ConnectivityService: ConnectivityService NetworkRequestInfo binderDied(NetworkRequest [ LISTEN id=68, [ Capabilities: INTERNET&NOT_RESTRICTED&TRUSTED&FOREGROUND] ], android.os.BinderProxy@d541a54)
07-19 15:37:55.361   601 27660 W ActivityManager: Scheduling restart of crashed service com.android.chrome/org.chromium.chrome.browser.customtabs.CustomTabsConnectionService in 1000ms
07-19 15:37:55.403   601   652 E ConnectivityService: RemoteException caught trying to send a callback msg for NetworkRequest [ LISTEN id=67, [ Capabilities: INTERNET&NOT_RESTRICTED&TRUSTED&FOREGROUND] ]
07-19 15:37:55.404   601   652 E ConnectivityService: RemoteException caught trying to send a callback msg for NetworkRequest [ LISTEN id=68, [ Capabilities: INTERNET&NOT_RESTRICTED&TRUSTED&FOREGROUND] ]
07-19 15:37:55.444   601 27451 I ActivityManager: Process com.android.chrome:privileged_process0 (pid 29293) has died
07-19 15:37:55.444   601 27451 D ActivityManager: cleanUpApplicationRecord -- 29293
07-19 15:37:55.512   601 13198 I ActivityManager: Start proc 30913:com.android.vending:instant_app_installer/u0a22 for content provider com.android.vending/com.google.android.finsky.instantapps.dna.PhoneskyArchiveProvider
07-19 15:37:56.376   601   614 I ActivityManager: Start proc 30930:com.android.chrome/u0a42 for service com.android.chrome/org.chromium.chrome.browser.customtabs.CustomTabsConnectionService
07-19 15:37:57.307   601 27660 I ActivityManager: Process com.google.android.talk (pid 30109) has died
07-19 15:37:57.307   601 27660 D ActivityManager: cleanUpApplicationRecord -- 30109
07-19 15:37:58.171   601   825 D ConnectivityService: Returning unblocked NetworkInfo to uid=10042
07-19 15:37:58.216   601  1166 I ActivityManager: Start proc 30991:com.android.chrome:sandboxed_process0/u0i7 for service com.android.chrome/org.chromium.content.app.SandboxedProcessService0
07-19 15:37:58.271   601  1088 I ActivityManager: Start proc 31005:com.android.chrome:privileged_process0/u0a42 for service com.android.chrome/org.chromium.content.app.PrivilegedProcessService0
07-19 15:37:58.301   601   620 D BluetoothManagerService: Message: 20
07-19 15:37:58.301   601   620 D BluetoothManagerService: Added callback: android.bluetooth.IBluetoothManagerCallback$Stub$Proxy@3b14fd6:true
07-19 15:38:01.666   601  1167 I ActivityManager: Start proc 31057:com.google.android.apps.fitness/u0a52 for broadcast com.google.android.apps.fitness/com.google.apps.tiktok.experiments.phenotype.ConfigurationUpdatedReceiver_Receiver
07-19 15:38:02.806   601   612 I ActivityManager: START u0 {act=android.intent.action.ASSIST cmp=com.google.android.googlequicksearchbox/.SearchActivity} from uid 10031 on display 0
07-19 15:38:03.604   601 27660 I ActivityManager: START u0 {act=android.intent.action.ASSIST dat=agsa:/data?type=searchnow.TYPE_SEARCHNOW&inputProto=CAEQAYgBAZoBEmFuZC5nc2EuZC5zYS5lLmFzc6IBkgESjwEQABj/////ByAAKAUoybgCOAFIAFAB
07-19 15:38:03.604   601 27660 I ActivityManager: WACAAQCgAQCoAQCwAQDAAQDIAQDQAQGIAgCQAgCaAlZUaGlzIHNlYXJjaCBpcyByZWxhdGVkIHRv
07-19 15:38:03.604   601 27660 I ActivityManager: IHdoYXQgeW914oCZcmUgdHlwaW5nIGFuZCB5b3VyIHByZXZpb3VzIHdlYiBhbmQgYXBwIGFjdGl2
07-19 15:38:03.604   601 27660 I ActivityManager: aXR5LqACAOgBA/ABAPgBAA==
07-19 15:38:03.604   601 27660 I ActivityManager:  flg=0x8000 cmp=com.google.android.googlequicksearchbox/com.google.android.apps.gsa.searchnow.SearchNowActivity (has extras)} from uid 10031 on display 0
07-19 15:38:03.970   601  2628 I ActivityManager: Process com.google.android.gms.ui (pid 30432) has died
07-19 15:38:03.971   601  2628 D ActivityManager: cleanUpApplicationRecord -- 30432
07-19 15:38:04.786   601 16875 I ActivityManager: Start proc 31108:com.google.android.apps.maps/u0a69 for service com.google.android.apps.maps/com.google.android.apps.gmm.offline.update.OfflineAutoUpdateMaintenanceGcmService
07-19 15:38:05.563   601 27660 I ActivityManager: Process com.android.printspooler (pid 30453) has died
07-19 15:38:05.563   601 27660 D ActivityManager: cleanUpApplicationRecord -- 30453
07-19 15:38:05.567   601   616 W libprocessgroup: failed to kill pid 30453: No such process
07-19 15:38:06.444   689   689 V DeadZone: consuming errant click: (775.2476,10.703735)
07-19 15:38:06.953   689   689 V DeadZone: consuming errant click: (820.233,16.923218)
07-19 15:38:07.621   601   636 I ActivityManager: START u0 {act=android.intent.action.MAIN cat=[android.intent.category.HOME] flg=0x10200000 cmp=com.google.android.googlequicksearchbox/com.google.android.launcher.GEL (has extras)} from uid 1000 on display 0
07-19 15:38:08.006   601   636 I ActivityManager: START u0 {act=android.intent.action.MAIN cat=[android.intent.category.HOME] flg=0x10200000 cmp=com.google.android.googlequicksearchbox/com.google.android.launcher.GEL (has extras)} from uid 1000 on display 0
07-19 15:38:08.167   601   786 I ActivityManager: Start proc 31170:com.google.android.partnersetup/u0a17 for content provider com.google.android.partnersetup/.RlzAppProvider
07-19 15:38:10.037   601   626 I ActivityManager: Start proc 31205:com.android.defcontainer/u0a6 for service com.android.defcontainer/.DefaultContainerService
07-19 15:38:10.605   601   786 D ConnectivityService: requestNetwork for uid/pid:10031/27788 NetworkRequest [ REQUEST id=73, [ Transports: CELLULAR Capabilities: INTERNET&NOT_RESTRICTED&TRUSTED&NOT_VPN] ]
07-19 15:38:10.683   601  1328 D ConnectivityService: reportNetworkConnectivity(101, false) by 10031
07-19 15:38:11.336   601   652 D NetworkNotificationManager: clearNotification id=101
07-19 15:38:11.337   601   652 D ConnectivityService: NetworkAgentInfo [WIFI () - 101] validation passed
07-19 15:38:11.443   601   611 W ActivityManager: Slow operation: 812ms so far, now at startProcess: returned from zygote!
07-19 15:38:11.443   601   611 W ActivityManager: Slow operation: 813ms so far, now at startProcess: done updating battery stats
07-19 15:38:11.443   601   611 W ActivityManager: Slow operation: 813ms so far, now at startProcess: building log message
07-19 15:38:11.443   601   611 I ActivityManager: Start proc 31231:com.google.android.videos/u0a83 for service com.google.android.videos/com.google.android.apps.play.movies.common.service.player.logging.QoePingService
07-19 15:38:11.443   601   611 W ActivityManager: Slow operation: 813ms so far, now at startProcess: starting to update pids map
07-19 15:38:11.443   601   611 W ActivityManager: Slow operation: 813ms so far, now at startProcess: done updating pids map
07-19 15:38:11.443   601   611 W ActivityManager: Slow operation: 813ms so far, now at startProcess: done starting proc!
07-19 15:38:11.814   601   620 D BluetoothManagerService: Message: 20
07-19 15:38:11.814   601   614 W ActivityManager: Slow operation: 68ms so far, now at startProcess: returned from zygote!
07-19 15:38:11.814   601   614 W ActivityManager: Slow operation: 68ms so far, now at startProcess: done updating battery stats
07-19 15:38:11.814   601   620 D BluetoothManagerService: Added callback: android.bluetooth.IBluetoothManagerCallback$Stub$Proxy@471a813:true
07-19 15:38:11.814   601   614 W ActivityManager: Slow operation: 68ms so far, now at startProcess: building log message
07-19 15:38:11.814   601   614 I ActivityManager: Start proc 31240:com.android.vending/u0a22 for broadcast com.android.vending/com.google.android.finsky.verifier.impl.PackageVerificationReceiver
07-19 15:38:11.814   601   614 W ActivityManager: Slow operation: 68ms so far, now at startProcess: starting to update pids map
07-19 15:38:11.814   601   614 W ActivityManager: Slow operation: 68ms so far, now at startProcess: done updating pids map
07-19 15:38:11.814   601   614 W ActivityManager: Slow operation: 68ms so far, now at startProcess: done starting proc!
07-19 15:38:12.537   601   612 I ActivityManager: Process com.google.android.apps.docs.editors.docs (pid 30552) has died
07-19 15:38:12.537   601   612 D ActivityManager: cleanUpApplicationRecord -- 30552
07-19 15:38:12.794   601  1328 I ActivityManager: Setting hasTopUi=true for pid=689
07-19 15:38:14.397   601 27660 I ActivityManager: Process com.google.android.apps.photos (pid 30507) has died
07-19 15:38:14.397   601 27660 D ActivityManager: cleanUpApplicationRecord -- 30507
07-19 15:38:14.401   601 16875 I ActivityManager: Process com.google.android.apps.docs.editors.slides (pid 30585) has died
07-19 15:38:14.401   601 16875 D ActivityManager: cleanUpApplicationRecord -- 30585
07-19 15:38:14.749   601 16875 D ConnectivityService: Returning blocked NetworkInfo to uid=10052
07-19 15:38:15.471   601  1088 I ActivityManager: Process com.google.android.instantapps.supervisor (pid 30839) has died
07-19 15:38:15.471   601  1088 D ActivityManager: cleanUpApplicationRecord -- 30839
07-19 15:38:15.935   601   983 D libgps  : proxy_gnss_sv_status_cb: called. num_svs(0)
07-19 15:38:16.651   601   983 D libgps  : proxy_gnss_sv_status_cb: called. num_svs(0)
07-19 15:38:19.975   601  2677 I ActivityManager: Process com.google.android.apps.docs.editors.sheets (pid 30568) has died
07-19 15:38:19.975   601  2677 D ActivityManager: cleanUpApplicationRecord -- 30568
07-19 15:38:20.424   601  2628 I ActivityManager: Process com.android.vending:instant_app_installer (pid 30913) has died
07-19 15:38:20.425   601  2628 D ActivityManager: cleanUpApplicationRecord -- 30913
07-19 15:38:20.539   601  1166 I ActivityManager: START u0 {act=android.intent.action.MAIN cat=[android.intent.category.LAUNCHER] flg=0x10008000 cmp=com.android.settings/.deviceinfo.UsbModeChooserActivity} from uid 1000 on display 0
07-19 15:38:20.622   601   612 W InputMethodManagerService: Window already focused, ignoring focus gain of: com.android.internal.view.IInputMethodClient$Stub$Proxy@53d0710 attribute=null, token = android.os.BinderProxy@2059180
07-19 15:38:20.835   601  2628 E ActivityManager: applyOptionsLocked: Unknown animationType=0
07-19 15:38:21.570   601 27660 I ActivityManager: Setting hasTopUi=false for pid=689
07-19 15:38:21.810   601   614 W BroadcastQueue: Timeout of broadcast BroadcastRecord{89a6c27 u0 android.intent.action.PACKAGE_NEEDS_VERIFICATION} - receiver=android.os.BinderProxy@3de1ed4, started 10000ms ago
07-19 15:38:21.810   601   614 W BroadcastQueue: Receiver during timeout: ResolveInfo{eefe87d com.android.vending/com.google.android.finsky.verifier.impl.PackageVerificationReceiver m=0x0}
07-19 15:38:21.948   601  2628 I ActivityManager: Process com.google.android.music:main (pid 30792) has died
07-19 15:38:21.948   601  2628 D ActivityManager: cleanUpApplicationRecord -- 30792
07-19 15:38:22.454   601  2623 I ActivityManager: Process com.google.android.apps.docs (pid 30524) has died
07-19 15:38:22.454   601  2623 D ActivityManager: cleanUpApplicationRecord -- 30524
07-19 15:38:23.073   601   614 E ActivityManager: ANR in com.android.vending
07-19 15:38:23.073   601   614 E ActivityManager: PID: 31240
07-19 15:38:23.073   601   614 E ActivityManager: Reason: Broadcast of Intent { act=android.intent.action.PACKAGE_NEEDS_VERIFICATION dat=file:///data/app/vmdl1999650363.tmp typ=application/vnd.android.package-archive flg=0x10000011 cmp=com.android.vending/com.google.android.finsky.verifier.impl.PackageVerificationReceiver (has extras) }
07-19 15:38:23.073   601   614 E ActivityManager: Load: 0.0 / 0.0 / 0.0
07-19 15:38:23.073   601   614 E ActivityManager: CPU usage from 37412ms to 0ms ago (2019-07-19 15:37:44.478 to 2019-07-19 15:38:21.891):
07-19 15:38:23.073   601   614 E ActivityManager:   18% 601/system_server: 12% user + 6.8% kernel / faults: 39911 minor 770 major
07-19 15:38:23.073   601   614 E ActivityManager:   12% 49/kswapd0: 0% user + 12% kernel
07-19 15:38:23.073   601   614 E ActivityManager:   12% 27788/com.google.android.googlequicksearchbox:search: 8.5% user + 3.8% kernel / faults: 61691 minor 3589 major
07-19 15:38:23.073   601   614 E ActivityManager:   10% 789/com.google.android.gms.persistent: 7.5% user + 3.4% kernel / faults: 39269 minor 1234 major
07-19 15:38:23.073   601   614 E ActivityManager:   8.3% 101/mmcqd/0: 0% user + 8.3% kernel
07-19 15:38:23.073   601   614 E ActivityManager:   6.7% 1265/com.google.android.gms: 3.5% user + 3.1% kernel / faults: 62028 minor 3312 major
07-19 15:38:23.073   601   614 E ActivityManager:   5.4% 199/surfaceflinger: 2.5% user + 2.9% kernel / faults: 4160 minor 10 major
07-19 15:38:23.073   601   614 E ActivityManager:   4.9% 689/com.android.systemui: 3.9% user + 1% kernel / faults: 20523 minor 503 major
07-19 15:38:23.073   601   614 E ActivityManager:   3.2% 30003/kworker/u5:0: 0% user + 3.2% kernel
07-19 15:38:23.073   601   614 E ActivityManager:   3% 22575/com.google.android.googlequicksearchbox: 2.1% user + 0.9% kernel / faults: 9846 minor 153 major
07-19 15:38:23.073   601   614 E ActivityManager:   2.9% 30202/kworker/u5:2: 0% user + 2.9% kernel
07-19 15:38:23.073   601   614 E ActivityManager:   1.2% 30063/kworker/u5:1: 0% user + 1.2% kernel
07-19 15:38:23.073   601   614 E ActivityManager:   2.1% 81/spi2: 0% user + 2.1% kernel
07-19 15:38:23.073   601   614 E ActivityManager:   1.8% 30370/kworker/u5:3: 0% user + 1.8% kernel
07-19 15:38:23.073   601   614 E ActivityManager:   1.5% 238/audioserver: 0.9% user + 0.5% kernel / faults: 1469 minor 34 major
07-19 15:38:23.073   601   614 E ActivityManager:   1.3% 125/dhd_dpc: 0% user + 1.3% kernel
07-19 15:38:23.073   601   614 E ActivityManager:   1.2% 26303/com.google.process.gapps: 0.6% user + 0.6% kernel / faults: 6798 minor 35 major
07-19 15:38:23.073   601   614 E ActivityManager:   1.1% 29544/com.outsystems.android: 0.8% user + 0.3% kernel / faults: 5607 minor 483 major
07-19 15:38:23.073   601   614 E ActivityManager:   0.9% 30383/kworker/0:2: 0% user + 0.9% kernel
07-19 15:38:23.073   601   614 E ActivityManager:   0.5% 95/irq/349-cwmcu: 0% user + 0.5% kernel
07-19 15:38:23.073   601   614 E ActivityManager:   0.5% 247/netd: 0.1% user + 0.4% kernel / faults: 1905 minor 3 major
07-19 15:38:23.073   601   614 E ActivityManager:   0.4% 66/tegradc.0: 0% user + 0.4% kernel
07-19 15:38:23.073   601   614 E ActivityManager:   0.2% 8274/glgps: 0.1% user + 0% kernel / faults: 1186 minor 43 major
07-19 15:38:23.073   601   614 E ActivityManager:   0.3% 30306/kworker/0:0: 0% user + 0.3% kernel
07-19 15:38:23.073   601   614 E ActivityManager:   0.3% 126/dhd_rxf: 0% user + 0.3% kernel
07-19 15:38:23.073   601   614 E ActivityManager:   0% 665/adbd: 0% user + 0% kernel / faults: 963 minor 16 major
07-19 15:38:23.073   601   614 E ActivityManager:   0.2% 236/zygote64: 0% user + 0.2% kernel / faults: 3029 minor 1 major
07-19 15:38:23.073   601   614 E ActivityManager:   0% 237/zygote: 0% user + 0% kernel / faults: 2956 minor 122 major
07-19 15:38:23.073   601   614 E ActivityManager:   0.2% 176/logd: 0.1% user + 0.1% kernel / faults: 683 minor 3 major
07-19 15:38:23.073   601   614 E ActivityManager:   0.2% 198/servicemanager: 0% user + 0.1% kernel / faults: 706 minor
07-19 15:38:23.073   601   614 E ActivityManager:   0.2% 30416/com.android.settings: 0.1% user + 0.1% kernel / faults: 2785 minor 82 major
07-19 15:38:23.073   601   614 E ActivityManager:   0.2% 197/lmkd: 0% user + 0.1% kernel / faults: 156 minor 1 major
07-19 15:38:23.073   601   614 E ActivityManager:   0.1% 8/rcu_preempt: 0% user + 0.1% kernel
07-19 15:38:23.073   601   614 E ActivityManager:   0.1% 88/irq/291-synapti: 0% user + 0.1% kernel
07-19 15:38:23.073   601   614 E ActivityManager:   0.1% 13106/irq/475-CwMcuSe: 0% user + 0.1% kernel
07-19 15:38:23.073   601   614 E ActivityManager:   0.1% 30307/kworker/1:0: 0% user + 0.1% kernel
07-19 15:38:23.073   601   614 E ActivityManager:   0.1% 65/irq/105-tegradc: 0% user + 0.1% kernel
07-19 15:38:23.073   601   614 E ActivityManager:   0.1% 98/cfinteractive: 0% user + 0.1% kernel
07-19 15:38:23.073   601   614 E ActivityManager:   0.1% 124/dhd_watchdog_th: 0% user + 0.1% kernel
07-19 15:38:23.073   601   614 E ActivityManager:   0.1% 227/dmcrypt_write: 0% user + 0.1% kernel
07-19 15:38:23.073   601   614 E ActivityManager:   0.1% 122/irq/77-tegra_mo: 0% user + 0.1% kernel
07-19 15:38:23.073   601   614 E ActivityManager:   0.1% 678/com.google.android.inputmethod.latin: 0% user + 0% kernel / faults: 1873 minor 100 major
07-19 15:38:23.073   601   614 E ActivityManager:   0.1% 812/com.android.phone: 0% user + 0% kernel / faults: 1995 minor 26 major
07-19 15:38:23.073   601   614 E ActivityManager:   0.1% 835/wpa_supplicant: 0% user + 0% kernel / faults: 741 minor 16 major
07-19 15:38:23.073   601   614 E ActivityManager:   0.1% 1393/com.outsystemsenterprise.libertymutualdev.DispatchMobile: 0% user + 0% kernel / faults: 2077 minor 77 major
07-19 15:38:23.073   601   614 E ActivityManager:   0.1% 27122/kworker/u4:0: 0% user + 0.1% kernel
07-19 15:38:23.073   601   614 E ActivityManager:   0% 3/ksoftirqd/0: 0% user + 0% kernel
07-19 15:38:23.073   601   614 E ActivityManager:   0% 1080/com.android.nfc: 0% user + 0% kernel / faults: 1008 minor 4 major
07-19 15:38:23.073   601   614 E ActivityManager:   0% 14/ksoftirqd/1: 0% user + 0% kernel
07-19 15:38:23.073   601   614 E ActivityManager:   0% 246/mediaserver: 0% user + 0% kernel / faults: 497 minor 3 major
07-19 15:38:23.073   601   614 E ActivityManager:   0% 21/irq/80-soctherm: 0% user + 0% kernel
07-19 15:38:23.073   601   614 E ActivityManager:   0% 77/irq/189-gk20a_s: 0% user + 0% kernel
07-19 15:38:23.073   601   614 E ActivityManager:   0% 120/irq/77-tegra_ac: 0% user + 0% kernel
07-19 15:38:23.073   601   614 E ActivityManager:   0% 694/sdcard: 0% user + 0% kernel / faults: 168 minor 1 major
07-19 15:38:23.073   601   614 E ActivityManager:   0% 1003/com.google.android.ext.services: 0% user + 0% kernel / faults: 727 minor 2 major
07-19 15:38:23.073   601   614 E ActivityManager:   0% 1072/com.google.android.googlequicksearchbox:interactor: 0% user + 0% ker
07-19 15:38:23.147   601   614 I ActivityManager: Killing 31240:com.android.vending/u0a22 (adj 902): bg anr
07-19 15:38:23.170   601   832 D ActivityManager: cleanUpApplicationRecord -- 31240
07-19 15:38:24.885   601  1166 I ActivityManager: Start proc 31330:com.android.vending/u0a22 for service com.android.vending/com.google.android.finsky.contentfilterui.ContentFiltersService
07-19 15:38:25.791   601   832 I ActivityManager: Start proc 31368:com.google.android.instantapps.supervisor/u0a91 for service com.google.android.instantapps.supervisor/.hygiene.HygieneTaskService
07-19 15:38:26.274   601   619 I UsbDeviceManager: Setting USB config to mtp,adb
07-19 15:38:26.335   601 27660 W InputMethodManagerService: Window already focused, ignoring focus gain of: com.android.internal.view.IInputMethodClient$Stub$Proxy@fd6bfdb attribute=null, token = android.os.BinderProxy@2059180
07-19 15:38:26.345   601  1166 W ActivityManager: Finishing task with all activities already finished
07-19 15:38:26.361   601  1166 W ActivityManager: Duplicate finish request for ActivityRecord{9831209 u0 com.android.settings/.deviceinfo.UsbModeChooserActivity t100 f}
07-19 15:38:26.364   601 13198 W InputMethodManagerService: Focus gain on non-focused client com.android.internal.view.IInputMethodClient$Stub$Proxy@cada1b6 (uid=1000 pid=30416)
07-19 15:38:38.976   601   626 I PackageManager: Verification timed out for file:///data/app/vmdl1999650363.tmp
07-19 15:38:38.976   601   626 I PackageManager: Continuing with installation of file:///data/app/vmdl1999650363.tmp
07-19 15:38:41.290   601   614 I ActivityManager: Start proc 31512:com.android.musicfx/u0a21 for broadcast com.android.musicfx/.Compatibility$Receiver
07-19 15:38:41.292   601 27451 W ActivityManager: Permission Denial: Accessing service ComponentInfo{com.google.android.music/com.google.android.music.dial.DialMediaRouteProviderService} from pid=1265, uid=10011 that is not exported from uid 10070
07-19 15:38:41.577   601   825 I ActivityManager: Start proc 31529:android.process.acore/u0a1 for broadcast com.android.providers.contacts/.PackageIntentReceiver
07-19 15:38:43.961   601  2623 I ActivityManager: Process com.google.android.apps.plus (pid 30731) has died
07-19 15:38:43.961   601  2623 D ActivityManager: cleanUpApplicationRecord -- 30731
07-19 15:38:48.692   601   614 I ActivityManager: Force stopping com.trial appid=10094 user=-1: installPackageLI
07-19 15:38:48.842   601   626 I PackageManager: Package com.trial codePath changed from /data/app/com.trial-1 to /data/app/com.trial-2; Retaining data and using new
07-19 15:38:48.842   601   626 W PackageManager: Code path for com.trial changing from /data/app/com.trial-1 to /data/app/com.trial-2
07-19 15:38:48.842   601   626 W PackageManager: Resource path for com.trial changing from /data/app/com.trial-1 to /data/app/com.trial-2
07-19 15:38:49.175   601   626 I ActivityManager: Force stopping com.trial appid=10094 user=0: pkg removed
07-19 15:38:49.223   601   614 I ActivityManager: Start proc 31575:com.android.keychain/1000 for broadcast com.android.keychain/.KeyChainBroadcastReceiver
07-19 15:38:49.223   601 13198 W ActivityManager: Permission Denial: Accessing service ComponentInfo{com.google.android.music/com.google.android.music.dial.DialMediaRouteProviderService} from pid=1265, uid=10011 that is not exported from uid 10070
07-19 15:38:49.254   601   786 W ActivityManager: Permission Denial: Accessing service ComponentInfo{com.google.android.music/com.google.android.music.dial.DialMediaRouteProviderService} from pid=1265, uid=10011 that is not exported from uid 10070
07-19 15:38:49.255   601  2628 W ActivityManager: Permission Denial: Accessing service ComponentInfo{com.google.android.music/com.google.android.music.dial.DialMediaRouteProviderService} from pid=1265, uid=10011 that is not exported from uid 10070
07-19 15:38:49.536 31575 31575 W ContextImpl: Calling a method in the system process without a qualified user: android.app.ContextImpl.startService:1357 android.content.ContextWrapper.startService:613 android.content.ContextWrapper.startService:613 com.android.keychain.KeyChainBroadcastReceiver.onReceive:12 android.app.ActivityThread.handleReceiver:3040 
07-19 15:38:50.059   601   825 I ActivityManager: Start proc 31615:com.google.android.apps.photos/u0a74 for broadcast com.google.android.apps.photos/.account.full.FetchAccountPropertiesAppUpgradeBroadcastReceiver
07-19 15:38:50.195   601 16875 I ActivityManager: Process com.google.android.apps.maps (pid 31108) has died
07-19 15:38:50.195   601 16875 D ActivityManager: cleanUpApplicationRecord -- 31108
07-19 15:38:50.693   601   652 D ConnectivityService: releasing NetworkRequest [ REQUEST id=73, [ Transports: CELLULAR Capabilities: INTERNET&NOT_RESTRICTED&TRUSTED&NOT_VPN] ]
07-19 15:38:50.793   601   613 I ActivityManager: Start proc 31633:com.android.printspooler/u0a81 for service com.android.printspooler/.model.PrintSpoolerService
07-19 15:38:51.207   601  2623 I ActivityManager: START u0 {flg=0x10000000 cmp=com.trial/.MainActivity} from uid 2000 on display 0
07-19 15:38:51.250   601  1167 I ActivityManager: Start proc 31656:com.trial/u0a94 for activity com.trial/.MainActivity
--------- beginning of crash
07-19 15:38:51.869 31656 31689 E AndroidRuntime: FATAL EXCEPTION: create_react_context
07-19 15:38:51.869 31656 31689 E AndroidRuntime: Process: com.trial, PID: 31656
07-19 15:38:51.869 31656 31689 E AndroidRuntime: java.lang.UnsatisfiedLinkError: couldn't find DSO to load: libhermes.so
07-19 15:38:51.869 31656 31689 E AndroidRuntime: 	at com.facebook.soloader.SoLoader.doLoadLibraryBySoName(SoLoader.java:738)
07-19 15:38:51.869 31656 31689 E AndroidRuntime: 	at com.facebook.soloader.SoLoader.loadLibraryBySoName(SoLoader.java:591)
07-19 15:38:51.869 31656 31689 E AndroidRuntime: 	at com.facebook.soloader.SoLoader.loadLibrary(SoLoader.java:529)
07-19 15:38:51.869 31656 31689 E AndroidRuntime: 	at com.facebook.soloader.SoLoader.loadLibrary(SoLoader.java:484)
07-19 15:38:51.869 31656 31689 E AndroidRuntime: 	at com.facebook.hermes.reactexecutor.HermesExecutor.<clinit>(HermesExecutor.java:20)
07-19 15:38:51.869 31656 31689 E AndroidRuntime: 	at com.facebook.hermes.reactexecutor.HermesExecutorFactory.create(HermesExecutorFactory.java:27)
07-19 15:38:51.869 31656 31689 E AndroidRuntime: 	at com.facebook.react.ReactInstanceManager$5.run(ReactInstanceManager.java:949)
07-19 15:38:51.869 31656 31689 E AndroidRuntime: 	at java.lang.Thread.run(Thread.java:761)
07-19 15:38:51.937   601  2677 W ActivityManager:   Force finishing activity com.trial/.MainActivity
07-19 15:38:52.333   601   611 I WindowManager: Failed to capture screenshot of Token{b5bff20 ActivityRecord{915ae23 u0 com.trial/.MainActivity t101 f}} appWin=Window{30c8a5a u0 com.trial/com.trial.MainActivity} drawState=4
07-19 15:38:52.626   601 16875 I ActivityManager: Process com.google.android.apps.fitness (pid 31057) has died
07-19 15:38:52.627   601 16875 D ActivityManager: cleanUpApplicationRecord -- 31057
07-19 15:38:52.779   601 27660 I ActivityManager: Process com.android.chrome:sandboxed_process0 (pid 30991) has died
07-19 15:38:52.779   601 27660 D ActivityManager: cleanUpApplicationRecord -- 30991
07-19 15:38:52.779   601 27660 W ActivityManager: Scheduling restart of crashed service com.android.chrome/org.chromium.content.app.SandboxedProcessService0 in 1000ms
07-19 15:38:58.430   601 16875 D ConnectivityService: ConnectivityService NetworkRequestInfo binderDied(NetworkRequest [ LISTEN id=72, [ Capabilities: INTERNET&NOT_RESTRICTED&TRUSTED&FOREGROUND] ], android.os.BinderProxy@546fabe)
07-19 15:38:58.432   601 27660 D ConnectivityService: ConnectivityService NetworkRequestInfo binderDied(NetworkRequest [ LISTEN id=74, [ Capabilities: INTERNET&NOT_RESTRICTED&TRUSTED&FOREGROUND] ], android.os.BinderProxy@c92d71f)
07-19 15:38:58.433   601  1328 I ActivityManager: Process com.android.chrome (pid 30930) has died
07-19 15:38:58.433   601  1328 D ActivityManager: cleanUpApplicationRecord -- 30930
07-19 15:38:58.435   601  1328 W ActivityManager: Scheduling restart of crashed service com.android.chrome/org.chromium.chrome.browser.customtabs.CustomTabsConnectionService in 1000ms
07-19 15:38:58.447   601   652 E ConnectivityService: RemoteException caught trying to send a callback msg for NetworkRequest [ LISTEN id=72, [ Capabilities: INTERNET&NOT_RESTRICTED&TRUSTED&FOREGROUND] ]
07-19 15:38:58.447   601   652 E ConnectivityService: RemoteException caught trying to send a callback msg for NetworkRequest [ LISTEN id=74, [ Capabilities: INTERNET&NOT_RESTRICTED&TRUSTED&FOREGROUND] ]
07-19 15:38:58.490   601 13198 I ActivityManager: Process com.android.chrome:privileged_process0 (pid 31005) has died
07-19 15:38:58.490   601 13198 D ActivityManager: cleanUpApplicationRecord -- 31005
07-19 15:38:59.471   601   614 I ActivityManager: Start proc 31740:com.android.chrome/u0a42 for service com.android.chrome/org.chromium.chrome.browser.customtabs.CustomTabsConnectionService
07-19 15:38:59.810   601  2677 I ActivityManager: Killing 31656:com.trial/u0a94 (adj 902): crash
07-19 15:38:59.810   601  2677 D ActivityManager: cleanUpApplicationRecord -- 31656
07-19 15:38:59.812   601  2677 I ActivityManager: START u0 {flg=0x10100000 cmp=com.trial/.MainActivity} from uid 2000 on display 0
07-19 15:38:59.876   601 27660 E ActivityManager: applyOptionsLocked: Unknown animationType=0
07-19 15:38:59.891   601 27660 I ActivityManager: Start proc 31764:com.trial/u0a94 for activity com.trial/.MainActivity
07-19 15:39:00.090   601   621 W AppOps  : Finishing op nesting under-run: uid 1000 pkg android code 24 time=0 duration=0 nesting=0
07-19 15:39:00.220 31764 31794 E AndroidRuntime: FATAL EXCEPTION: create_react_context
07-19 15:39:00.220 31764 31794 E AndroidRuntime: Process: com.trial, PID: 31764
07-19 15:39:00.220 31764 31794 E AndroidRuntime: java.lang.UnsatisfiedLinkError: couldn't find DSO to load: libhermes.so
07-19 15:39:00.220 31764 31794 E AndroidRuntime: 	at com.facebook.soloader.SoLoader.doLoadLibraryBySoName(SoLoader.java:738)
07-19 15:39:00.220 31764 31794 E AndroidRuntime: 	at com.facebook.soloader.SoLoader.loadLibraryBySoName(SoLoader.java:591)
07-19 15:39:00.220 31764 31794 E AndroidRuntime: 	at com.facebook.soloader.SoLoader.loadLibrary(SoLoader.java:529)
07-19 15:39:00.220 31764 31794 E AndroidRuntime: 	at com.facebook.soloader.SoLoader.loadLibrary(SoLoader.java:484)
07-19 15:39:00.220 31764 31794 E AndroidRuntime: 	at com.facebook.hermes.reactexecutor.HermesExecutor.<clinit>(HermesExecutor.java:20)
07-19 15:39:00.220 31764 31794 E AndroidRuntime: 	at com.facebook.hermes.reactexecutor.HermesExecutorFactory.create(HermesExecutorFactory.java:27)
07-19 15:39:00.220 31764 31794 E AndroidRuntime: 	at com.facebook.react.ReactInstanceManager$5.run(ReactInstanceManager.java:949)
07-19 15:39:00.220 31764 31794 E AndroidRuntime: 	at java.lang.Thread.run(Thread.java:761)
07-19 15:39:00.233   601 27451 W ActivityManager:   Force finishing activity com.trial/.MainActivity
07-19 15:39:00.249   601  2628 W InputMethodManagerService: Focus gain on non-focused client com.android.internal.view.IInputMethodClient$Stub$Proxy@e25bb64 (uid=10094 pid=31764)
07-19 15:39:00.805   601   832 I ActivityManager: Process com.google.android.videos (pid 31231) has died
07-19 15:39:00.806   601   832 D ActivityManager: cleanUpApplicationRecord -- 31231
07-19 15:39:01.071   601 13198 I ActivityManager: Process com.google.android.instantapps.supervisor (pid 31368) has died
07-19 15:39:01.071   601 13198 D ActivityManager: cleanUpApplicationRecord -- 31368
07-19 15:39:01.569   601  2623 I ActivityManager: Start proc 31819:com.android.chrome:sandboxed_process0/u0i8 for service com.android.chrome/org.chromium.content.app.SandboxedProcessService0
07-19 15:39:01.634   601   825 I ActivityManager: Start proc 31833:com.android.chrome:privileged_process0/u0a42 for service com.android.chrome/org.chromium.content.app.PrivilegedProcessService0
07-19 15:39:01.685   601   620 D BluetoothManagerService: Message: 20
07-19 15:39:01.685   601   620 D BluetoothManagerService: Added callback: android.bluetooth.IBluetoothManagerCallback$Stub$Proxy@cbb37a8:true
07-19 15:39:02.344   601 27451 I ActivityManager: Killing 31764:com.trial/u0a94 (adj 900): crash
07-19 15:39:02.345   601 27451 D ActivityManager: cleanUpApplicationRecord -- 31764
07-19 15:39:02.551   601   621 W AppOps  : Finishing op nesting under-run: uid 1000 pkg android code 24 time=0 duration=0 nesting=0
07-19 15:39:06.648   601   614 I ActivityManager: Waited long enough for: ServiceRecord{ade6613 u0 com.google.android.apps.photos/com.google.android.libraries.social.async.BackgroundTaskService}
07-19 15:39:18.418   601   983 D libgps  : proxy_gnss_sv_status_cb: called. num_svs(0)
07-19 15:39:43.131   601   614 I ProcessStatsService: Prepared write state in 5ms
07-19 15:39:43.134   601   614 I ProcessStatsService: Prepared write state in 3ms
07-19 15:39:44.412   601   617 E BatteryStatsService: no controller energy info supplied
07-19 15:39:44.449   601   617 E BatteryStatsService: modem info is invalid: ModemActivityInfo{ mTimestamp=0 mSleepTimeMs=0 mIdleTimeMs=0 mTxTimeMs[]=[0, 0, 0, 0, 0] mRxTimeMs=0 mEnergyUsed=0}
07-19 15:41:44.426   601   617 E BatteryStatsService: no controller energy info supplied
07-19 15:41:44.459   601   617 E BatteryStatsService: modem info is invalid: ModemActivityInfo{ mTimestamp=0 mSleepTimeMs=0 mIdleTimeMs=0 mTxTimeMs[]=[0, 0, 0, 0, 0] mRxTimeMs=0 mEnergyUsed=0}
07-19 15:44:02.288   601   623 I PowerManagerService: Going to sleep due to screen timeout (uid 1000)...
07-19 15:44:02.299   601   623 I PowerManagerService: Sleeping (uid 1000)...
07-19 15:44:02.912   601   621 I DisplayManagerService: Display device changed state: "Built-in Screen", OFF
07-19 15:44:02.931   601   621 W LocalDisplayAdapter: Unable to find color mode 0, ignoring request.
07-19 15:44:07.349   601 27451 I ActivityManager: Setting hasTopUi=true for pid=689
07-19 15:44:07.617   601 27451 W LocalDisplayAdapter: Unable to find color mode 0, ignoring request.
07-19 15:44:07.664   601   621 W LocalDisplayAdapter: Unable to find color mode 0, ignoring request.
07-19 15:46:25.236   601 16875 W ActivityManager: Unable to start service Intent { act=com.google.firebase.MESSAGING_EVENT pkg=com.google.android.googlequicksearchbox (has extras) } U=0: not found
07-19 15:46:39.784   601   614 I ActivityManager: Waited long enough for: ServiceRecord{3fab479 u0 com.google.android.googlequicksearchbox/com.google.android.apps.gsa.shared.util.keepalive.StandaloneKeepAlive$KeepAliveService}
07-19 15:52:44.427   601   617 E BatteryStatsService: no controller energy info supplied
07-19 15:52:44.458   601   617 E BatteryStatsService: modem info is invalid: ModemActivityInfo{ mTimestamp=0 mSleepTimeMs=0 mIdleTimeMs=0 mTxTimeMs[]=[0, 0, 0, 0, 0] mRxTimeMs=0 mEnergyUsed=0}
07-19 15:52:44.483   601   601 W ActivityManager: Slow operation: 56ms so far, now at startProcess: returned from zygote!
07-19 15:52:44.484   601   601 W ActivityManager: Slow operation: 56ms so far, now at startProcess: done updating battery stats
07-19 15:52:44.484   601   601 W ActivityManager: Slow operation: 57ms so far, now at startProcess: building log message
