07-19 15:52:44.484   601   601 I ActivityManager: Start proc 31986:com.android.chrome:webview_service/u0a42 for service com.android.chrome/org.chromium.android_webview.services.AwVariationsSeedFetcher
07-19 15:52:44.484   601   601 W ActivityManager: Slow operation: 57ms so far, now at startProcess: starting to update pids map
07-19 15:52:44.484   601   601 W ActivityManager: Slow operation: 57ms so far, now at startProcess: done updating pids map
07-19 15:52:44.484   601   601 W ActivityManager: Slow operation: 58ms so far, now at startProcess: done starting proc!
07-19 15:52:44.525   601   601 V BackupManagerService: Scheduling immediate backup pass
07-19 15:52:44.533   601   601 W BackupManagerService: Backup pass but e=false p=true
07-19 15:57:09.552   601   613 I UsageStatsService: User[0] Flushing usage stats to disk
07-19 15:58:11.286   601   617 E BatteryStatsService: no controller energy info supplied
07-19 15:58:11.305   601   617 E BatteryStatsService: modem info is invalid: ModemActivityInfo{ mTimestamp=0 mSleepTimeMs=0 mIdleTimeMs=0 mTxTimeMs[]=[0, 0, 0, 0, 0] mRxTimeMs=0 mEnergyUsed=0}
07-19 15:58:37.695   601   601 I EntropyMixer: Writing entropy...
07-19 15:58:48.268   601 16875 I ActivityManager: Start proc 32044:com.google.android.instantapps.supervisor/u0a91 for service com.google.android.instantapps.supervisor/.logging.LogFlushTaskService
07-19 15:59:19.194   601   611 I ActivityManager: Start proc 32100:com.google.android.apps.fitness/u0a52 for service com.google.android.apps.fitness/com.firebase.jobdispatcher.GooglePlayReceiver
07-19 15:59:19.327   601   611 I ActivityManager: Start proc 32115:com.google.android.apps.plus/u0a76 for service com.google.android.apps.plus/com.firebase.jobdispatcher.GooglePlayReceiver
07-19 15:59:31.265   601   637 I PowerManagerService: Waking up from sleep (uid 1000)...
07-19 15:59:31.278   601   623 I DisplayPowerController: Blocking screen on until initial contents have been drawn.
07-19 15:59:31.285   601   621 I DisplayManagerService: Display device changed state: "Built-in Screen", ON
07-19 15:59:31.289   601   621 W LocalDisplayAdapter: Unable to find color mode 0, ignoring request.
07-19 15:59:31.613   601   623 I DisplayPowerController: Unblocked screen on after 335 ms
07-19 15:59:31.671   601  1166 W ActivityManager: Permission Denial: Accessing service ComponentInfo{com.google.android.music/com.google.android.music.dial.DialMediaRouteProviderService} from pid=1265, uid=10011 that is not exported from uid 10070
07-19 15:59:34.501   601   611 W InputMethodManagerService: Window already focused, ignoring focus gain of: com.android.internal.view.IInputMethodClient$Stub$Proxy@4124012 attribute=android.view.inputmethod.EditorInfo@b36f3e3, token = android.os.BinderProxy@2059180
07-19 15:59:34.884   601  2628 I ActivityManager: Setting hasTopUi=false for pid=689
07-19 15:59:35.826   601   611 I ActivityManager: Setting hasTopUi=true for pid=689
07-19 15:59:38.105   601 16875 I ActivityManager: START u0 {act=android.intent.action.MAIN cat=[android.intent.category.LAUNCHER] flg=0x10008000 cmp=com.android.settings/.DevelopmentSettings} from uid 1000 on display 0
07-19 15:59:38.118   601  2623 W InputMethodManagerService: Window already focused, ignoring focus gain of: com.android.internal.view.IInputMethodClient$Stub$Proxy@cdbd393 attribute=null, token = android.os.BinderProxy@2059180
07-19 15:59:38.139   601 13198 E ActivityManager: applyOptionsLocked: Unknown animationType=0
07-19 15:59:38.380   601   832 E UserRestrictionsUtils: Unknown restriction: null
07-19 15:59:38.387   601  1166 E UserRestrictionsUtils: Unknown restriction: null
07-19 15:59:38.420   601  1328 D CryptdConnector: SND -> {8 cryptfs isConvertibleToFBE}
07-19 15:59:38.428   187   193 D VoldCryptCmdListener: cryptfs isConvertibleToFBE
07-19 15:59:38.429   601   640 D CryptdConnector: RCV <- {200 8 0}
07-19 15:59:38.528   601   611 I ActivityManager: Setting hasTopUi=false for pid=689
07-19 15:59:39.144 22575 22575 I chatty  : uid=10031(com.google.android.googlequicksearchbox) expire 180 lines
07-19 15:59:40.719   689   689 V DeadZone: consuming errant click: (535.32574,16.923218)
07-19 15:59:41.669   601  1167 I ActivityManager: Setting hasTopUi=true for pid=689
07-19 15:59:42.168 22575 22575 W ViewRootImpl[GEL]: Dropping event due to no window focus: MotionEvent { action=ACTION_MOVE, actionButton=0, id[0]=0, x[0]=0.0, y[0]=637.0568, toolType[0]=TOOL_TYPE_FINGER, buttonState=0, metaState=0, flags=0x0, edgeFlags=0x0, pointerCount=1, historySize=2, eventTime=21691056, downTime=21684678, deviceId=1, source=0x1002 }
07-19 15:59:42.187 22575 22575 W ViewRootImpl[GEL]: Dropping event due to no window focus: MotionEvent { action=ACTION_MOVE, actionButton=0, id[0]=0, x[0]=0.0, y[0]=637.0568, toolType[0]=TOOL_TYPE_FINGER, buttonState=0, metaState=0, flags=0x0, edgeFlags=0x0, pointerCount=1, historySize=1, eventTime=21691072, downTime=21684678, deviceId=1, source=0x1002 }
07-19 15:59:42.202 22575 22575 W ViewRootImpl[GEL]: Dropping event due to no window focus: MotionEvent { action=ACTION_MOVE, actionButton=0, id[0]=0, x[0]=0.0, y[0]=637.0568, toolType[0]=TOOL_TYPE_FINGER, buttonState=0, metaState=0, flags=0x0, edgeFlags=0x0, pointerCount=1, historySize=2, eventTime=21691089, downTime=21684678, deviceId=1, source=0x1002 }
07-19 15:59:42.220 22575 22575 W ViewRootImpl[GEL]: Dropping event due to no window focus: MotionEvent { action=ACTION_MOVE, actionButton=0, id[0]=0, x[0]=0.0, y[0]=637.0568, toolType[0]=TOOL_TYPE_FINGER, buttonState=0, metaState=0, flags=0x0, edgeFlags=0x0, pointerCount=1, historySize=2, eventTime=21691106, downTime=21684678, deviceId=1, source=0x1002 }
07-19 15:59:42.235 22575 22575 W ViewRootImpl[GEL]: Dropping event due to no window focus: MotionEvent { action=ACTION_MOVE, actionButton=0, id[0]=0, x[0]=0.0, y[0]=637.0568, toolType[0]=TOOL_TYPE_FINGER, buttonState=0, metaState=0, flags=0x0, edgeFlags=0x0, pointerCount=1, historySize=2, eventTime=21691122, downTime=21684678, deviceId=1, source=0x1002 }
07-19 15:59:42.253 22575 22575 W ViewRootImpl[GEL]: Dropping event due to no window focus: MotionEvent { action=ACTION_MOVE, actionButton=0, id[0]=0, x[0]=0.0, y[0]=637.0568, toolType[0]=TOOL_TYPE_FINGER, buttonState=0, metaState=0, flags=0x0, edgeFlags=0x0, pointerCount=1, historySize=2, eventTime=21691139, downTime=21684678, deviceId=1, source=0x1002 }
07-19 15:59:42.268 22575 22575 W ViewRootImpl[GEL]: Dropping event due to no window focus: MotionEvent { action=ACTION_MOVE, actionButton=0, id[0]=0, x[0]=0.0, y[0]=637.0568, toolType[0]=TOOL_TYPE_FINGER, buttonState=0, metaState=0, flags=0x0, edgeFlags=0x0, pointerCount=1, historySize=2, eventTime=21691156, downTime=21684678, deviceId=1, source=0x1002 }
07-19 15:59:42.284 22575 22575 W ViewRootImpl[GEL]: Dropping event due to no window focus: MotionEvent { action=ACTION_MOVE, actionButton=0, id[0]=0, x[0]=0.0, y[0]=637.0568, toolType[0]=TOOL_TYPE_FINGER, buttonState=0, metaState=0, flags=0x0, edgeFlags=0x0, pointerCount=1, historySize=2, eventTime=21691173, downTime=21684678, deviceId=1, source=0x1002 }
07-19 15:59:42.301 22575 22575 W ViewRootImpl[GEL]: Dropping event due to no window focus: MotionEvent { action=ACTION_MOVE, actionButton=0, id[0]=0, x[0]=0.0, y[0]=637.0568, toolType[0]=TOOL_TYPE_FINGER, buttonState=0, metaState=0, flags=0x0, edgeFlags=0x0, pointerCount=1, historySize=1, eventTime=21691180, downTime=21684678, deviceId=1, source=0x1002 }
07-19 15:59:42.317 22575 22575 W ViewRootImpl[GEL]: Dropping event due to no window focus: MotionEvent { action=ACTION_MOVE, actionButton=0, id[0]=0, x[0]=0.0, y[0]=637.0568, toolType[0]=TOOL_TYPE_FINGER, buttonState=0, metaState=0, flags=0x0, edgeFlags=0x0, pointerCount=1, historySize=0, eventTime=21691200, downTime=21684678, deviceId=1, source=0x1002 }
07-19 15:59:42.334 22575 22575 W ViewRootImpl[GEL]: Dropping event due to no window focus: MotionEvent { action=ACTION_MOVE, actionButton=0, id[0]=0, x[0]=0.0, y[0]=637.0568, toolType[0]=TOOL_TYPE_FINGER, buttonState=0, metaState=0, flags=0x0, edgeFlags=0x0, pointerCount=1, historySize=1, eventTime=21691223, downTime=21684678, deviceId=1, source=0x1002 }
07-19 15:59:42.350 22575 22575 W ViewRootImpl[GEL]: Dropping event due to no window focus: MotionEvent { action=ACTION_MOVE, actionButton=0, id[0]=0, x[0]=0.0, y[0]=637.0568, toolType[0]=TOOL_TYPE_FINGER, buttonState=0, metaState=0, flags=0x0, edgeFlags=0x0, pointerCount=1, historySize=2, eventTime=21691239, downTime=21684678, deviceId=1, source=0x1002 }
07-19 15:59:42.367 22575 22575 W ViewRootImpl[GEL]: Dropping event due to no window focus: MotionEvent { action=ACTION_MOVE, actionButton=0, id[0]=0, x[0]=0.0, y[0]=637.0568, toolType[0]=TOOL_TYPE_FINGER, buttonState=0, metaState=0, flags=0x0, edgeFlags=0x0, pointerCount=1, historySize=2, eventTime=21691256, downTime=21684678, deviceId=1, source=0x1002 }
07-19 15:59:42.384 22575 22575 W ViewRootImpl[GEL]: Dropping event due to no window focus: MotionEvent { action=ACTION_MOVE, actionButton=0, id[0]=0, x[0]=0.0, y[0]=637.0568, toolType[0]=TOOL_TYPE_FINGER, buttonState=0, metaState=0, flags=0x0, edgeFlags=0x0, pointerCount=1, historySize=2, eventTime=21691273, downTime=21684678, deviceId=1, source=0x1002 }
07-19 15:59:42.400 22575 22575 W ViewRootImpl[GEL]: Dropping event due to no window focus: MotionEvent { action=ACTION_MOVE, actionButton=0, id[0]=0, x[0]=0.0, y[0]=637.0568, toolType[0]=TOOL_TYPE_FINGER, buttonState=0, metaState=0, flags=0x0, edgeFlags=0x0, pointerCount=1, historySize=3, eventTime=21691290, downTime=21684678, deviceId=1, source=0x1002 }
07-19 15:59:42.417 22575 22575 W ViewRootImpl[GEL]: Dropping event due to no window focus: MotionEvent { action=ACTION_MOVE, actionButton=0, id[0]=0, x[0]=0.0, y[0]=637.0568, toolType[0]=TOOL_TYPE_FINGER, buttonState=0, metaState=0, flags=0x0, edgeFlags=0x0, pointerCount=1, historySize=1, eventTime=21691306, downTime=21684678, deviceId=1, source=0x1002 }
07-19 15:59:42.434 22575 22575 W ViewRootImpl[GEL]: Dropping event due to no window focus: MotionEvent { action=ACTION_MOVE, actionButton=0, id[0]=0, x[0]=0.0, y[0]=637.0568, toolType[0]=TOOL_TYPE_FINGER, buttonState=0, metaState=0, flags=0x0, edgeFlags=0x0, pointerCount=1, historySize=2, eventTime=21691323, downTime=21684678, deviceId=1, source=0x1002 }
07-19 15:59:42.450 22575 22575 W ViewRootImpl[GEL]: Dropping event due to no window focus: MotionEvent { action=ACTION_MOVE, actionButton=0, id[0]=0, x[0]=0.0, y[0]=637.0568, toolType[0]=TOOL_TYPE_FINGER, buttonState=0, metaState=0, flags=0x0, edgeFlags=0x0, pointerCount=1, historySize=2, eventTime=21691340, downTime=21684678, deviceId=1, source=0x1002 }
07-19 15:59:42.467 22575 22575 W ViewRootImpl[GEL]: Dropping event due to no window focus: MotionEvent { action=ACTION_MOVE, actionButton=0, id[0]=0, x[0]=0.0, y[0]=637.0568, toolType[0]=TOOL_TYPE_FINGER, buttonState=0, metaState=0, flags=0x0, edgeFlags=0x0, pointerCount=1, historySize=2, eventTime=21691356, downTime=21684678, deviceId=1, source=0x1002 }
07-19 15:59:42.484 22575 22575 W ViewRootImpl[GEL]: Dropping event due to no window focus: MotionEvent { action=ACTION_MOVE, actionButton=0, id[0]=0, x[0]=0.0, y[0]=637.0568, toolType[0]=TOOL_TYPE_FINGER, buttonState=0, metaState=0, flags=0x0, edgeFlags=0x0, pointerCount=1, historySize=2, eventTime=21691373, downTime=21684678, deviceId=1, source=0x1002 }
07-19 15:59:42.501 22575 22575 W ViewRootImpl[GEL]: Dropping event due to no window focus: MotionEvent { action=ACTION_MOVE, actionButton=0, id[0]=0, x[0]=0.0, y[0]=637.0568, toolType[0]=TOOL_TYPE_FINGER, buttonState=0, metaState=0, flags=0x0, edgeFlags=0x0, pointerCount=1, historySize=2, eventTime=21691390, downTime=21684678, deviceId=1, source=0x1002 }
07-19 15:59:42.517 22575 22575 W ViewRootImpl[GEL]: Dropping event due to no window focus: MotionEvent { action=ACTION_MOVE, actionButton=0, id[0]=0, x[0]=0.0, y[0]=637.0568, toolType[0]=TOOL_TYPE_FINGER, buttonState=0, metaState=0, flags=0x0, edgeFlags=0x0, pointerCount=1, historySize=2, eventTime=21691407, downTime=21684678, deviceId=1, source=0x1002 }
07-19 15:59:42.534 22575 22575 W ViewRootImpl[GEL]: Dropping event due to no window focus: MotionEvent { action=ACTION_MOVE, actionButton=0, id[0]=0, x[0]=0.0, y[0]=637.0568, toolType[0]=TOOL_TYPE_FINGER, buttonState=0, metaState=0, flags=0x0, edgeFlags=0x0, pointerCount=1, historySize=2, eventTime=21691423, downTime=21684678, deviceId=1, source=0x1002 }
07-19 15:59:42.551 22575 22575 W ViewRootImpl[GEL]: Dropping event due to no window focus: MotionEvent { action=ACTION_MOVE, actionButton=0, id[0]=0, x[0]=0.0, y[0]=637.0568, toolType[0]=TOOL_TYPE_FINGER, buttonState=0, metaState=0, flags=0x0, edgeFlags=0x0, pointerCount=1, historySize=2, eventTime=21691440, downTime=21684678, deviceId=1, source=0x1002 }
07-19 15:59:42.567 22575 22575 W ViewRootImpl[GEL]: Dropping event due to no window focus: MotionEvent { action=ACTION_MOVE, actionButton=0, id[0]=0, x[0]=0.0, y[0]=637.0568, toolType[0]=TOOL_TYPE_FINGER, buttonState=0, metaState=0, flags=0x0, edgeFlags=0x0, pointerCount=1, historySize=2, eventTime=21691457, downTime=21684678, deviceId=1, source=0x1002 }
07-19 15:59:42.584 22575 22575 W ViewRootImpl[GEL]: Dropping event due to no window focus: MotionEvent { action=ACTION_MOVE, actionButton=0, id[0]=0, x[0]=0.0, y[0]=637.0568, toolType[0]=TOOL_TYPE_FINGER, buttonState=0, metaState=0, flags=0x0, edgeFlags=0x0, pointerCount=1, historySize=2, eventTime=21691473, downTime=21684678, deviceId=1, source=0x1002 }
07-19 15:59:42.601 22575 22575 W ViewRootImpl[GEL]: Dropping event due to no window focus: MotionEvent { action=ACTION_MOVE, actionButton=0, id[0]=0, x[0]=0.0, y[0]=637.0568, toolType[0]=TOOL_TYPE_FINGER, buttonState=0, metaState=0, flags=0x0, edgeFlags=0x0, pointerCount=1, historySize=1, eventTime=21691490, downTime=21684678, deviceId=1, source=0x1002 }
07-19 15:59:42.617 22575 22575 W ViewRootImpl[GEL]: Dropping event due to no window focus: MotionEvent { action=ACTION_MOVE, actionButton=0, id[0]=0, x[0]=0.0, y[0]=637.0568, toolType[0]=TOOL_TYPE_FINGER, buttonState=0, metaState=0, flags=0x0, edgeFlags=0x0, pointerCount=1, historySize=2, eventTime=21691507, downTime=21684678, deviceId=1, source=0x1002 }
07-19 15:59:42.634 22575 22575 W ViewRootImpl[GEL]: Dropping event due to no window focus: MotionEvent { action=ACTION_MOVE, actionButton=0, id[0]=0, x[0]=0.0, y[0]=637.0568, toolType[0]=TOOL_TYPE_FINGER, buttonState=0, metaState=0, flags=0x0, edgeFlags=0x0, pointerCount=1, historySize=2, eventTime=21691524, downTime=21684678, deviceId=1, source=0x1002 }
07-19 15:59:42.651 22575 22575 W ViewRootImpl[GEL]: Dropping event due to no window focus: MotionEvent { action=ACTION_MOVE, actionButton=0, id[0]=0, x[0]=0.0, y[0]=637.0568, toolType[0]=TOOL_TYPE_FINGER, buttonState=0, metaState=0, flags=0x0, edgeFlags=0x0, pointerCount=1, historySize=2, eventTime=21691540, downTime=21684678, deviceId=1, source=0x1002 }
07-19 15:59:42.668 22575 22575 W ViewRootImpl[GEL]: Dropping event due to no window focus: MotionEvent { action=ACTION_MOVE, actionButton=0, id[0]=0, x[0]=0.0, y[0]=637.0568, toolType[0]=TOOL_TYPE_FINGER, buttonState=0, metaState=0, flags=0x0, edgeFlags=0x0, pointerCount=1, historySize=2, eventTime=21691557, downTime=21684678, deviceId=1, source=0x1002 }
07-19 15:59:42.684 22575 22575 W ViewRootImpl[GEL]: Dropping event due to no window focus: MotionEvent { action=ACTION_MOVE, actionButton=0, id[0]=0, x[0]=0.0, y[0]=637.0568, toolType[0]=TOOL_TYPE_FINGER, buttonState=0, metaState=0, flags=0x0, edgeFlags=0x0, pointerCount=1, historySize=3, eventTime=21691574, downTime=21684678, deviceId=1, source=0x1002 }
07-19 15:59:42.718 22575 22575 W ViewRootImpl[GEL]: Dropping event due to no window focus: MotionEvent { action=ACTION_MOVE, actionButton=0, id[0]=0, x[0]=0.0, y[0]=637.0568, toolType[0]=TOOL_TYPE_FINGER, buttonState=0, metaState=0, flags=0x0, edgeFlags=0x0, pointerCount=1, historySize=2, eventTime=21691607, downTime=21684678, deviceId=1, source=0x1002 }
07-19 15:59:42.734 22575 22575 W ViewRootImpl[GEL]: Dropping event due to no window focus: MotionEvent { action=ACTION_MOVE, actionButton=0, id[0]=0, x[0]=0.0, y[0]=637.0568, toolType[0]=TOOL_TYPE_FINGER, buttonState=0, metaState=0, flags=0x0, edgeFlags=0x0, pointerCount=1, historySize=2, eventTime=21691624, downTime=21684678, deviceId=1, source=0x1002 }
07-19 15:59:42.751 22575 22575 W ViewRootImpl[GEL]: Dropping event due to no window focus: MotionEvent { action=ACTION_MOVE, actionButton=0, id[0]=0, x[0]=0.0, y[0]=637.0568, toolType[0]=TOOL_TYPE_FINGER, buttonState=0, metaState=0, flags=0x0, edgeFlags=0x0, pointerCount=1, historySize=2, eventTime=21691641, downTime=21684678, deviceId=1, source=0x1002 }
07-19 15:59:42.768 22575 22575 W ViewRootImpl[GEL]: Dropping event due to no window focus: MotionEvent { action=ACTION_MOVE, actionButton=0, id[0]=0, x[0]=0.0, y[0]=637.0568, toolType[0]=TOOL_TYPE_FINGER, buttonState=0, metaState=0, flags=0x0, edgeFlags=0x0, pointerCount=1, historySize=2, eventTime=21691657, downTime=21684678, deviceId=1, source=0x1002 }
07-19 15:59:42.785 22575 22575 W ViewRootImpl[GEL]: Dropping event due to no window focus: MotionEvent { action=ACTION_MOVE, actionButton=0, id[0]=0, x[0]=0.0, y[0]=637.0568, toolType[0]=TOOL_TYPE_FINGER, buttonState=0, metaState=0, flags=0x0, edgeFlags=0x0, pointerCount=1, historySize=1, eventTime=21691674, downTime=21684678, deviceId=1, source=0x1002 }
07-19 15:59:42.801 22575 22575 W ViewRootImpl[GEL]: Dropping event due to no window focus: MotionEvent { action=ACTION_MOVE, actionButton=0, id[0]=0, x[0]=0.0, y[0]=637.0568, toolType[0]=TOOL_TYPE_FINGER, buttonState=0, metaState=0, flags=0x0, edgeFlags=0x0, pointerCount=1, historySize=2, eventTime=21691691, downTime=21684678, deviceId=1, source=0x1002 }
07-19 15:59:42.818 22575 22575 W ViewRootImpl[GEL]: Dropping event due to no window focus: MotionEvent { action=ACTION_MOVE, actionButton=0, id[0]=0, x[0]=0.0, y[0]=637.0568, toolType[0]=TOOL_TYPE_FINGER, buttonState=0, metaState=0, flags=0x0, edgeFlags=0x0, pointerCount=1, historySize=1, eventTime=21691699, downTime=21684678, deviceId=1, source=0x1002 }
07-19 15:59:42.835 22575 22575 W ViewRootImpl[GEL]: Dropping event due to no window focus: MotionEvent { action=ACTION_MOVE, actionButton=0, id[0]=0, x[0]=0.0, y[0]=637.0568, toolType[0]=TOOL_TYPE_FINGER, buttonState=0, metaState=0, flags=0x0, edgeFlags=0x0, pointerCount=1, historySize=1, eventTime=21691724, downTime=21684678, deviceId=1, source=0x1002 }
07-19 15:59:42.853 22575 22575 W ViewRootImpl[GEL]: Dropping event due to no window focus: MotionEvent { action=ACTION_MOVE, actionButton=0, id[0]=0, x[0]=0.0, y[0]=637.0568, toolType[0]=TOOL_TYPE_FINGER, buttonState=0, metaState=0, flags=0x0, edgeFlags=0x0, pointerCount=1, historySize=2, eventTime=21691742, downTime=21684678, deviceId=1, source=0x1002 }
07-19 15:59:42.868 22575 22575 W ViewRootImpl[GEL]: Dropping event due to no window focus: MotionEvent { action=ACTION_MOVE, actionButton=0, id[0]=0, x[0]=0.0, y[0]=637.0568, toolType[0]=TOOL_TYPE_FINGER, buttonState=0, metaState=0, flags=0x0, edgeFlags=0x0, pointerCount=1, historySize=2, eventTime=21691757, downTime=21684678, deviceId=1, source=0x1002 }
07-19 15:59:42.885 22575 22575 W ViewRootImpl[GEL]: Dropping event due to no window focus: MotionEvent { action=ACTION_MOVE, actionButton=0, id[0]=0, x[0]=0.0, y[0]=637.0568, toolType[0]=TOOL_TYPE_FINGER, buttonState=0, metaState=0, flags=0x0, edgeFlags=0x0, pointerCount=1, historySize=2, eventTime=21691774, downTime=21684678, deviceId=1, source=0x1002 }
07-19 15:59:42.902 22575 22575 W ViewRootImpl[GEL]: Dropping event due to no window focus: MotionEvent { action=ACTION_MOVE, actionButton=0, id[0]=0, x[0]=0.0, y[0]=637.0568, toolType[0]=TOOL_TYPE_FINGER, buttonState=0, metaState=0, flags=0x0, edgeFlags=0x0, pointerCount=1, historySize=2, eventTime=21691791, downTime=21684678, deviceId=1, source=0x1002 }
07-19 15:59:42.918 22575 22575 W ViewRootImpl[GEL]: Dropping event due to no window focus: MotionEvent { action=ACTION_MOVE, actionButton=0, id[0]=0, x[0]=0.0, y[0]=637.0568, toolType[0]=TOOL_TYPE_FINGER, buttonState=0, metaState=0, flags=0x0, edgeFlags=0x0, pointerCount=1, historySize=2, eventTime=21691808, downTime=21684678, deviceId=1, source=0x1002 }
07-19 15:59:42.935 22575 22575 W ViewRootImpl[GEL]: Dropping event due to no window focus: MotionEvent { action=ACTION_MOVE, actionButton=0, id[0]=0, x[0]=0.0, y[0]=637.0568, toolType[0]=TOOL_TYPE_FINGER, buttonState=0, metaState=0, flags=0x0, edgeFlags=0x0, pointerCount=1, historySize=2, eventTime=21691824, downTime=21684678, deviceId=1, source=0x1002 }
07-19 15:59:42.952 22575 22575 W ViewRootImpl[GEL]: Dropping event due to no window focus: MotionEvent { action=ACTION_MOVE, actionButton=0, id[0]=0, x[0]=0.0, y[0]=637.0568, toolType[0]=TOOL_TYPE_FINGER, buttonState=0, metaState=0, flags=0x0, edgeFlags=0x0, pointerCount=1, historySize=2, eventTime=21691837, downTime=21684678, deviceId=1, source=0x1002 }
07-19 15:59:42.969 22575 22575 W ViewRootImpl[GEL]: Dropping event due to no window focus: MotionEvent { action=ACTION_MOVE, actionButton=0, id[0]=0, x[0]=0.0, y[0]=637.0568, toolType[0]=TOOL_TYPE_FINGER, buttonState=0, metaState=0, flags=0x0, edgeFlags=0x0, pointerCount=1, historySize=2, eventTime=21691858, downTime=21684678, deviceId=1, source=0x1002 }
07-19 15:59:42.985 22575 22575 W ViewRootImpl[GEL]: Dropping event due to no window focus: MotionEvent { action=ACTION_MOVE, actionButton=0, id[0]=0, x[0]=0.0, y[0]=637.0568, toolType[0]=TOOL_TYPE_FINGER, buttonState=0, metaState=0, flags=0x0, edgeFlags=0x0, pointerCount=1, historySize=1, eventTime=21691869, downTime=21684678, deviceId=1, source=0x1002 }
07-19 15:59:43.002 22575 22575 W ViewRootImpl[GEL]: Dropping event due to no window focus: MotionEvent { action=ACTION_MOVE, actionButton=0, id[0]=0, x[0]=0.0, y[0]=637.0568, toolType[0]=TOOL_TYPE_FINGER, buttonState=0, metaState=0, flags=0x0, edgeFlags=0x0, pointerCount=1, historySize=2, eventTime=21691891, downTime=21684678, deviceId=1, source=0x1002 }
07-19 15:59:43.018 22575 22575 W ViewRootImpl[GEL]: Dropping event due to no window focus: MotionEvent { action=ACTION_MOVE, actionButton=0, id[0]=0, x[0]=0.0, y[0]=637.0568, toolType[0]=TOOL_TYPE_FINGER, buttonState=0, metaState=0, flags=0x0, edgeFlags=0x0, pointerCount=1, historySize=2, eventTime=21691908, downTime=21684678, deviceId=1, source=0x1002 }
07-19 15:59:43.035 22575 22575 W ViewRootImpl[GEL]: Dropping event due to no window focus: MotionEvent { action=ACTION_MOVE, actionButton=0, id[0]=0, x[0]=0.0, y[0]=637.0568, toolType[0]=TOOL_TYPE_FINGER, buttonState=0, metaState=0, flags=0x0, edgeFlags=0x0, pointerCount=1, historySize=2, eventTime=21691925, downTime=21684678, deviceId=1, source=0x1002 }
07-19 15:59:43.052 22575 22575 W ViewRootImpl[GEL]: Dropping event due to no window focus: MotionEvent { action=ACTION_MOVE, actionButton=0, id[0]=0, x[0]=0.0, y[0]=637.0568, toolType[0]=TOOL_TYPE_FINGER, buttonState=0, metaState=0, flags=0x0, edgeFlags=0x0, pointerCount=1, historySize=2, eventTime=21691941, downTime=21684678, deviceId=1, source=0x1002 }
07-19 15:59:43.069 22575 22575 W ViewRootImpl[GEL]: Dropping event due to no window focus: MotionEvent { action=ACTION_MOVE, actionButton=0, id[0]=0, x[0]=0.0, y[0]=637.0568, toolType[0]=TOOL_TYPE_FINGER, buttonState=0, metaState=0, flags=0x0, edgeFlags=0x0, pointerCount=1, historySize=2, eventTime=21691958, downTime=21684678, deviceId=1, source=0x1002 }
07-19 15:59:43.085 22575 22575 W ViewRootImpl[GEL]: Dropping event due to no window focus: MotionEvent { action=ACTION_MOVE, actionButton=0, id[0]=0, x[0]=0.0, y[0]=637.0568, toolType[0]=TOOL_TYPE_FINGER, buttonState=0, metaState=0, flags=0x0, edgeFlags=0x0, pointerCount=1, historySize=2, eventTime=21691975, downTime=21684678, deviceId=1, source=0x1002 }
07-19 15:59:43.102 22575 22575 W ViewRootImpl[GEL]: Dropping event due to no window focus: MotionEvent { action=ACTION_MOVE, actionButton=0, id[0]=0, x[0]=0.0, y[0]=637.0568, toolType[0]=TOOL_TYPE_FINGER, buttonState=0, metaState=0, flags=0x0, edgeFlags=0x0, pointerCount=1, historySize=2, eventTime=21691991, downTime=21684678, deviceId=1, source=0x1002 }
07-19 15:59:43.119 22575 22575 W ViewRootImpl[GEL]: Dropping event due to no window focus: MotionEvent { action=ACTION_MOVE, actionButton=0, id[0]=0, x[0]=0.0, y[0]=637.0568, toolType[0]=TOOL_TYPE_FINGER, buttonState=0, metaState=0, flags=0x0, edgeFlags=0x0, pointerCount=1, historySize=2, eventTime=21692008, downTime=21684678, deviceId=1, source=0x1002 }
07-19 15:59:43.135 22575 22575 W ViewRootImpl[GEL]: Dropping event due to no window focus: MotionEvent { action=ACTION_MOVE, actionButton=0, id[0]=0, x[0]=0.0, y[0]=637.0568, toolType[0]=TOOL_TYPE_FINGER, buttonState=0, metaState=0, flags=0x0, edgeFlags=0x0, pointerCount=1, historySize=2, eventTime=21692025, downTime=21684678, deviceId=1, source=0x1002 }
07-19 15:59:43.152 22575 22575 W ViewRootImpl[GEL]: Dropping event due to no window focus: MotionEvent { action=ACTION_MOVE, actionButton=0, id[0]=0, x[0]=0.0, y[0]=637.0568, toolType[0]=TOOL_TYPE_FINGER, buttonState=0, metaState=0, flags=0x0, edgeFlags=0x0, pointerCount=1, historySize=2, eventTime=21692042, downTime=21684678, deviceId=1, source=0x1002 }
07-19 15:59:43.169 22575 22575 W ViewRootImpl[GEL]: Dropping event due to no window focus: MotionEvent { action=ACTION_MOVE, actionButton=0, id[0]=0, x[0]=0.0, y[0]=637.0568, toolType[0]=TOOL_TYPE_FINGER, buttonState=0, metaState=0, flags=0x0, edgeFlags=0x0, pointerCount=1, historySize=1, eventTime=21692058, downTime=21684678, deviceId=1, source=0x1002 }
07-19 15:59:43.186 22575 22575 W ViewRootImpl[GEL]: Dropping event due to no window focus: MotionEvent { action=ACTION_MOVE, actionButton=0, id[0]=0, x[0]=0.0, y[0]=637.0568, toolType[0]=TOOL_TYPE_FINGER, buttonState=0, metaState=0, flags=0x0, edgeFlags=0x0, pointerCount=1, historySize=2, eventTime=21692075, downTime=21684678, deviceId=1, source=0x1002 }
07-19 15:59:43.202 22575 22575 W ViewRootImpl[GEL]: Dropping event due to no window focus: MotionEvent { action=ACTION_MOVE, actionButton=0, id[0]=0, x[0]=0.0, y[0]=637.0568, toolType[0]=TOOL_TYPE_FINGER, buttonState=0, metaState=0, flags=0x0, edgeFlags=0x0, pointerCount=1, historySize=2, eventTime=21692092, downTime=21684678, deviceId=1, source=0x1002 }
07-19 15:59:43.219 22575 22575 W ViewRootImpl[GEL]: Dropping event due to no window focus: MotionEvent { action=ACTION_MOVE, actionButton=0, id[0]=0, x[0]=0.0, y[0]=637.0568, toolType[0]=TOOL_TYPE_FINGER, buttonState=0, metaState=0, flags=0x0, edgeFlags=0x0, pointerCount=1, historySize=3, eventTime=21692108, downTime=21684678, deviceId=1, source=0x1002 }
07-19 15:59:43.236 22575 22575 W ViewRootImpl[GEL]: Dropping event due to no window focus: MotionEvent { action=ACTION_MOVE, actionButton=0, id[0]=0, x[0]=0.0, y[0]=637.0568, toolType[0]=TOOL_TYPE_FINGER, buttonState=0, metaState=0, flags=0x0, edgeFlags=0x0, pointerCount=1, historySize=2, eventTime=21692125, downTime=21684678, deviceId=1, source=0x1002 }
07-19 15:59:43.253 22575 22575 W ViewRootImpl[GEL]: Dropping event due to no window focus: MotionEvent { action=ACTION_MOVE, actionButton=0, id[0]=0, x[0]=0.0, y[0]=637.0568, toolType[0]=TOOL_TYPE_FINGER, buttonState=0, metaState=0, flags=0x0, edgeFlags=0x0, pointerCount=1, historySize=3, eventTime=21692142, downTime=21684678, deviceId=1, source=0x1002 }
07-19 15:59:43.270 22575 22575 W ViewRootImpl[GEL]: Dropping event due to no window focus: MotionEvent { action=ACTION_MOVE, actionButton=0, id[0]=0, x[0]=0.0, y[0]=637.0568, toolType[0]=TOOL_TYPE_FINGER, buttonState=0, metaState=0, flags=0x0, edgeFlags=0x0, pointerCount=1, historySize=2, eventTime=21692159, downTime=21684678, deviceId=1, source=0x1002 }
07-19 15:59:43.294   601 27660 I ActivityManager: START u0 {act=android.intent.action.MAIN cat=[android.intent.category.LAUNCHER] flg=0x10008000 cmp=com.android.settings/.deviceinfo.UsbModeChooserActivity} from uid 1000 on display 0
07-19 15:59:43.296 22575 22575 W ViewRootImpl[GEL]: Dropping event due to no window focus: MotionEvent { action=ACTION_MOVE, actionButton=0, id[0]=0, x[0]=0.0, y[0]=637.0568, toolType[0]=TOOL_TYPE_FINGER, buttonState=0, metaState=0, flags=0x0, edgeFlags=0x0, pointerCount=1, historySize=3, eventTime=21692176, downTime=21684678, deviceId=1, source=0x1002 }
07-19 15:59:43.301   601  1167 E ActivityManager: applyOptionsLocked: Unknown animationType=0
07-19 15:59:43.307 22575 22575 W ViewRootImpl[GEL]: Dropping event due to no window focus: MotionEvent { action=ACTION_MOVE, actionButton=0, id[0]=0, x[0]=0.0, y[0]=637.0568, toolType[0]=TOOL_TYPE_FINGER, buttonState=0, metaState=0, flags=0x0, edgeFlags=0x0, pointerCount=1, historySize=2, eventTime=21692193, downTime=21684678, deviceId=1, source=0x1002 }
07-19 15:59:43.322 22575 22575 W ViewRootImpl[GEL]: Dropping event due to no window focus: MotionEvent { action=ACTION_MOVE, actionButton=0, id[0]=0, x[0]=0.0, y[0]=637.0568, toolType[0]=TOOL_TYPE_FINGER, buttonState=0, metaState=0, flags=0x0, edgeFlags=0x0, pointerCount=1, historySize=1, eventTime=21692209, downTime=21684678, deviceId=1, source=0x1002 }
07-19 15:59:43.352 22575 22575 W ViewRootImpl[GEL]: Dropping event due to no window focus: MotionEvent { action=ACTION_MOVE, actionButton=0, id[0]=0, x[0]=0.0, y[0]=637.0568, toolType[0]=TOOL_TYPE_FINGER, buttonState=0, metaState=0, flags=0x0, edgeFlags=0x0, pointerCount=1, historySize=1, eventTime=21692225, downTime=21684678, deviceId=1, source=0x1002 }
07-19 15:59:43.435 22575 22575 W ViewRootImpl[GEL]: Dropping event due to no window focus: MotionEvent { action=ACTION_MOVE, actionButton=0, id[0]=0, x[0]=0.0, y[0]=637.0568, toolType[0]=TOOL_TYPE_FINGER, buttonState=0, metaState=0, flags=0x0, edgeFlags=0x0, pointerCount=1, historySize=5, eventTime=21692309, downTime=21684678, deviceId=1, source=0x1002 }
07-19 15:59:43.460 22575 22575 W ViewRootImpl[GEL]: Dropping event due to no window focus: MotionEvent { action=ACTION_MOVE, actionButton=0, id[0]=0, x[0]=0.0, y[0]=637.0568, toolType[0]=TOOL_TYPE_FINGER, buttonState=0, metaState=0, flags=0x0, edgeFlags=0x0, pointerCount=1, historySize=1, eventTime=21692342, downTime=21684678, deviceId=1, source=0x1002 }
07-19 15:59:43.470 22575 22575 W ViewRootImpl[GEL]: Dropping event due to no window focus: MotionEvent { action=ACTION_MOVE, actionButton=0, id[0]=0, x[0]=0.0, y[0]=637.0568, toolType[0]=TOOL_TYPE_FINGER, buttonState=0, metaState=0, flags=0x0, edgeFlags=0x0, pointerCount=1, historySize=1, eventTime=21692359, downTime=21684678, deviceId=1, source=0x1002 }
07-19 15:59:43.493 22575 22575 W ViewRootImpl[GEL]: Dropping event due to no window focus: MotionEvent { action=ACTION_MOVE, actionButton=0, id[0]=0, x[0]=0.0, y[0]=637.0568, toolType[0]=TOOL_TYPE_FINGER, buttonState=0, metaState=0, flags=0x0, edgeFlags=0x0, pointerCount=1, historySize=3, eventTime=21692376, downTime=21684678, deviceId=1, source=0x1002 }
07-19 15:59:43.507 22575 22575 W ViewRootImpl[GEL]: Dropping event due to no window focus: MotionEvent { action=ACTION_MOVE, actionButton=0, id[0]=0, x[0]=0.0, y[0]=637.0568, toolType[0]=TOOL_TYPE_FINGER, buttonState=0, metaState=0, flags=0x0, edgeFlags=0x0, pointerCount=1, historySize=2, eventTime=21692392, downTime=21684678, deviceId=1, source=0x1002 }
07-19 15:59:43.529 22575 22575 W ViewRootImpl[GEL]: Dropping event due to no window focus: MotionEvent { action=ACTION_MOVE, actionButton=0, id[0]=0, x[0]=0.0, y[0]=637.0568, toolType[0]=TOOL_TYPE_FINGER, buttonState=0, metaState=0, flags=0x0, edgeFlags=0x0, pointerCount=1, historySize=1, eventTime=21692409, downTime=21684678, deviceId=1, source=0x1002 }
07-19 15:59:43.540 22575 22575 W ViewRootImpl[GEL]: Dropping event due to no window focus: MotionEvent { action=ACTION_MOVE, actionButton=0, id[0]=0, x[0]=0.0, y[0]=637.0568, toolType[0]=TOOL_TYPE_FINGER, buttonState=0, metaState=0, flags=0x0, edgeFlags=0x0, pointerCount=1, historySize=0, eventTime=21692423, downTime=21684678, deviceId=1, source=0x1002 }
07-19 15:59:43.557 22575 22575 W ViewRootImpl[GEL]: Dropping event due to no window focus: MotionEvent { action=ACTION_MOVE, actionButton=0, id[0]=0, x[0]=0.0, y[0]=637.0568, toolType[0]=TOOL_TYPE_FINGER, buttonState=0, metaState=0, flags=0x0, edgeFlags=0x0, pointerCount=1, historySize=2, eventTime=21692442, downTime=21684678, deviceId=1, source=0x1002 }
07-19 15:59:43.573 22575 22575 W ViewRootImpl[GEL]: Dropping event due to no window focus: MotionEvent { action=ACTION_MOVE, actionButton=0, id[0]=0, x[0]=0.0, y[0]=637.0568, toolType[0]=TOOL_TYPE_FINGER, buttonState=0, metaState=0, flags=0x0, edgeFlags=0x0, pointerCount=1, historySize=2, eventTime=21692458, downTime=21684678, deviceId=1, source=0x1002 }
07-19 15:59:43.589 22575 22575 W ViewRootImpl[GEL]: Dropping event due to no window focus: MotionEvent { action=ACTION_MOVE, actionButton=0, id[0]=0, x[0]=0.0, y[0]=637.0568, toolType[0]=TOOL_TYPE_FINGER, buttonState=0, metaState=0, flags=0x0, edgeFlags=0x0, pointerCount=1, historySize=2, eventTime=21692476, downTime=21684678, deviceId=1, source=0x1002 }
07-19 15:59:43.610 22575 22575 W ViewRootImpl[GEL]: Dropping event due to no window focus: MotionEvent { action=ACTION_MOVE, actionButton=0, id[0]=0, x[0]=0.0, y[0]=637.0568, toolType[0]=TOOL_TYPE_FINGER, buttonState=0, metaState=0, flags=0x0, edgeFlags=0x0, pointerCount=1, historySize=2, eventTime=21692493, downTime=21684678, deviceId=1, source=0x1002 }
07-19 15:59:43.637 22575 22575 W ViewRootImpl[GEL]: Dropping event due to no window focus: MotionEvent { action=ACTION_MOVE, actionButton=0, id[0]=0, x[0]=0.0, y[0]=637.0568, toolType[0]=TOOL_TYPE_FINGER, buttonState=0, metaState=0, flags=0x0, edgeFlags=0x0, pointerCount=1, historySize=2, eventTime=21692526, downTime=21684678, deviceId=1, source=0x1002 }
07-19 15:59:43.664 22575 22575 W ViewRootImpl[GEL]: Dropping event due to no window focus: MotionEvent { action=ACTION_MOVE, actionButton=0, id[0]=0, x[0]=0.0, y[0]=637.0568, toolType[0]=TOOL_TYPE_FINGER, buttonState=0, metaState=0, flags=0x0, edgeFlags=0x0, pointerCount=1, historySize=1, eventTime=21692543, downTime=21684678, deviceId=1, source=0x1002 }
07-19 15:59:43.674 22575 22575 W ViewRootImpl[GEL]: Dropping event due to no window focus: MotionEvent { action=ACTION_MOVE, actionButton=0, id[0]=0, x[0]=0.0, y[0]=637.0568, toolType[0]=TOOL_TYPE_FINGER, buttonState=0, metaState=0, flags=0x0, edgeFlags=0x0, pointerCount=1, historySize=2, eventTime=21692560, downTime=21684678, deviceId=1, source=0x1002 }
07-19 15:59:43.690 22575 22575 W ViewRootImpl[GEL]: Dropping event due to no window focus: MotionEvent { action=ACTION_MOVE, actionButton=0, id[0]=0, x[0]=0.0, y[0]=637.0568, toolType[0]=TOOL_TYPE_FINGER, buttonState=0, metaState=0, flags=0x0, edgeFlags=0x0, pointerCount=1, historySize=2, eventTime=21692576, downTime=21684678, deviceId=1, source=0x1002 }
07-19 15:59:43.707 22575 22575 W ViewRootImpl[GEL]: Dropping event due to no window focus: MotionEvent { action=ACTION_MOVE, actionButton=0, id[0]=0, x[0]=0.0, y[0]=637.0568, toolType[0]=TOOL_TYPE_FINGER, buttonState=0, metaState=0, flags=0x0, edgeFlags=0x0, pointerCount=1, historySize=2, eventTime=21692593, downTime=21684678, deviceId=1, source=0x1002 }
07-19 15:59:43.722 22575 22575 W ViewRootImpl[GEL]: Dropping event due to no window focus: MotionEvent { action=ACTION_MOVE, actionButton=0, id[0]=0, x[0]=0.0, y[0]=637.0568, toolType[0]=TOOL_TYPE_FINGER, buttonState=0, metaState=0, flags=0x0, edgeFlags=0x0, pointerCount=1, historySize=1, eventTime=21692610, downTime=21684678, deviceId=1, source=0x1002 }
07-19 15:59:43.739 22575 22575 W ViewRootImpl[GEL]: Dropping event due to no window focus: MotionEvent { action=ACTION_MOVE, actionButton=0, id[0]=0, x[0]=0.0, y[0]=637.0568, toolType[0]=TOOL_TYPE_FINGER, buttonState=0, metaState=0, flags=0x0, edgeFlags=0x0, pointerCount=1, historySize=2, eventTime=21692626, downTime=21684678, deviceId=1, source=0x1002 }
07-19 15:59:43.742   601   825 I ActivityManager: Setting hasTopUi=false for pid=689
07-19 15:59:43.758 22575 22575 W ViewRootImpl[GEL]: Dropping event due to no window focus: MotionEvent { action=ACTION_MOVE, actionButton=0, id[0]=0, x[0]=0.0, y[0]=637.0568, toolType[0]=TOOL_TYPE_FINGER, buttonState=0, metaState=0, flags=0x0, edgeFlags=0x0, pointerCount=1, historySize=3, eventTime=21692643, downTime=21684678, deviceId=1, source=0x1002 }
07-19 15:59:43.775 22575 22575 W ViewRootImpl[GEL]: Dropping event due to no window focus: MotionEvent { action=ACTION_MOVE, actionButton=0, id[0]=0, x[0]=0.0, y[0]=637.0568, toolType[0]=TOOL_TYPE_FINGER, buttonState=0, metaState=0, flags=0x0, edgeFlags=0x0, pointerCount=1, historySize=2, eventTime=21692660, downTime=21684678, deviceId=1, source=0x1002 }
07-19 15:59:43.791 22575 22575 W ViewRootImpl[GEL]: Dropping event due to no window focus: MotionEvent { action=ACTION_MOVE, actionButton=0, id[0]=0, x[0]=0.0, y[0]=637.0568, toolType[0]=TOOL_TYPE_FINGER, buttonState=0, metaState=0, flags=0x0, edgeFlags=0x0, pointerCount=1, historySize=2, eventTime=21692677, downTime=21684678, deviceId=1, source=0x1002 }
07-19 15:59:43.807 22575 22575 W ViewRootImpl[GEL]: Dropping event due to no window focus: MotionEvent { action=ACTION_MOVE, actionButton=0, id[0]=0, x[0]=0.0, y[0]=637.0568, toolType[0]=TOOL_TYPE_FINGER, buttonState=0, metaState=0, flags=0x0, edgeFlags=0x0, pointerCount=1, historySize=2, eventTime=21692693, downTime=21684678, deviceId=1, source=0x1002 }
07-19 15:59:43.822 22575 22575 W ViewRootImpl[GEL]: Dropping event due to no window focus: MotionEvent { action=ACTION_MOVE, actionButton=0, id[0]=0, x[0]=0.0, y[0]=637.0568, toolType[0]=TOOL_TYPE_FINGER, buttonState=0, metaState=0, flags=0x0, edgeFlags=0x0, pointerCount=1, historySize=2, eventTime=21692710, downTime=21684678, deviceId=1, source=0x1002 }
07-19 15:59:43.840 22575 22575 W ViewRootImpl[GEL]: Dropping event due to no window focus: MotionEvent { action=ACTION_MOVE, actionButton=0, id[0]=0, x[0]=0.0, y[0]=637.0568, toolType[0]=TOOL_TYPE_FINGER, buttonState=0, metaState=0, flags=0x0, edgeFlags=0x0, pointerCount=1, historySize=2, eventTime=21692727, downTime=21684678, deviceId=1, source=0x1002 }
07-19 15:59:43.858 22575 22575 W ViewRootImpl[GEL]: Dropping event due to no window focus: MotionEvent { action=ACTION_MOVE, actionButton=0, id[0]=0, x[0]=0.0, y[0]=637.0568, toolType[0]=TOOL_TYPE_FINGER, buttonState=0, metaState=0, flags=0x0, edgeFlags=0x0, pointerCount=1, historySize=2, eventTime=21692743, downTime=21684678, deviceId=1, source=0x1002 }
07-19 15:59:43.875 22575 22575 W ViewRootImpl[GEL]: Dropping event due to no window focus: MotionEvent { action=ACTION_MOVE, actionButton=0, id[0]=0, x[0]=0.0, y[0]=637.0568, toolType[0]=TOOL_TYPE_FINGER, buttonState=0, metaState=0, flags=0x0, edgeFlags=0x0, pointerCount=1, historySize=2, eventTime=21692760, downTime=21684678, deviceId=1, source=0x1002 }
07-19 15:59:43.888 22575 22575 W ViewRootImpl[GEL]: Dropping event due to no window focus: MotionEvent { action=ACTION_MOVE, actionButton=0, id[0]=0, x[0]=0.0, y[0]=637.0568, toolType[0]=TOOL_TYPE_FINGER, buttonState=0, metaState=0, flags=0x0, edgeFlags=0x0, pointerCount=1, historySize=2, eventTime=21692777, downTime=21684678, deviceId=1, source=0x1002 }
07-19 15:59:43.907 22575 22575 W ViewRootImpl[GEL]: Dropping event due to no window focus: MotionEvent { action=ACTION_MOVE, actionButton=0, id[0]=0, x[0]=0.0, y[0]=637.0568, toolType[0]=TOOL_TYPE_FINGER, buttonState=0, metaState=0, flags=0x0, edgeFlags=0x0, pointerCount=1, historySize=2, eventTime=21692793, downTime=21684678, deviceId=1, source=0x1002 }
07-19 15:59:43.923 22575 22575 W ViewRootImpl[GEL]: Dropping event due to no window focus: MotionEvent { action=ACTION_MOVE, actionButton=0, id[0]=0, x[0]=0.0, y[0]=637.0568, toolType[0]=TOOL_TYPE_FINGER, buttonState=0, metaState=0, flags=0x0, edgeFlags=0x0, pointerCount=1, historySize=1, eventTime=21692810, downTime=21684678, deviceId=1, source=0x1002 }
07-19 15:59:43.942 22575 22575 W ViewRootImpl[GEL]: Dropping event due to no window focus: MotionEvent { action=ACTION_MOVE, actionButton=0, id[0]=0, x[0]=0.0, y[0]=637.0568, toolType[0]=TOOL_TYPE_FINGER, buttonState=0, metaState=0, flags=0x0, edgeFlags=0x0, pointerCount=1, historySize=2, eventTime=21692827, downTime=21684678, deviceId=1, source=0x1002 }
07-19 15:59:43.960 22575 22575 W ViewRootImpl[GEL]: Dropping event due to no window focus: MotionEvent { action=ACTION_MOVE, actionButton=0, id[0]=0, x[0]=0.0, y[0]=637.0568, toolType[0]=TOOL_TYPE_FINGER, buttonState=0, metaState=0, flags=0x0, edgeFlags=0x0, pointerCount=1, historySize=1, eventTime=21692844, downTime=21684678, deviceId=1, source=0x1002 }
07-19 15:59:43.973 22575 22575 W ViewRootImpl[GEL]: Dropping event due to no window focus: MotionEvent { action=ACTION_MOVE, actionButton=0, id[0]=0, x[0]=0.0, y[0]=637.0568, toolType[0]=TOOL_TYPE_FINGER, buttonState=0, metaState=0, flags=0x0, edgeFlags=0x0, pointerCount=1, historySize=2, eventTime=21692860, downTime=21684678, deviceId=1, source=0x1002 }
07-19 15:59:43.991 22575 22575 W ViewRootImpl[GEL]: Dropping event due to no window focus: MotionEvent { action=ACTION_MOVE, actionButton=0, id[0]=0, x[0]=0.0, y[0]=637.0568, toolType[0]=TOOL_TYPE_FINGER, buttonState=0, metaState=0, flags=0x0, edgeFlags=0x0, pointerCount=1, historySize=2, eventTime=21692877, downTime=21684678, deviceId=1, source=0x1002 }
07-19 15:59:44.007 22575 22575 W ViewRootImpl[GEL]: Dropping event due to no window focus: MotionEvent { action=ACTION_MOVE, actionButton=0, id[0]=0, x[0]=0.0, y[0]=637.0568, toolType[0]=TOOL_TYPE_FINGER, buttonState=0, metaState=0, flags=0x0, edgeFlags=0x0, pointerCount=1, historySize=2, eventTime=21692894, downTime=21684678, deviceId=1, source=0x1002 }
07-19 15:59:44.025 22575 22575 W ViewRootImpl[GEL]: Dropping event due to no window focus: MotionEvent { action=ACTION_MOVE, actionButton=0, id[0]=0, x[0]=0.0, y[0]=637.0568, toolType[0]=TOOL_TYPE_FINGER, buttonState=0, metaState=0, flags=0x0, edgeFlags=0x0, pointerCount=1, historySize=3, eventTime=21692910, downTime=21684678, deviceId=1, source=0x1002 }
07-19 15:59:44.042 22575 22575 W ViewRootImpl[GEL]: Dropping event due to no window focus: MotionEvent { action=ACTION_MOVE, actionButton=0, id[0]=0, x[0]=0.0, y[0]=637.0568, toolType[0]=TOOL_TYPE_FINGER, buttonState=0, metaState=0, flags=0x0, edgeFlags=0x0, pointerCount=1, historySize=2, eventTime=21692927, downTime=21684678, deviceId=1, source=0x1002 }
07-19 15:59:44.058 22575 22575 W ViewRootImpl[GEL]: Dropping event due to no window focus: MotionEvent { action=ACTION_MOVE, actionButton=0, id[0]=0, x[0]=0.0, y[0]=637.0568, toolType[0]=TOOL_TYPE_FINGER, buttonState=0, metaState=0, flags=0x0, edgeFlags=0x0, pointerCount=1, historySize=2, eventTime=21692944, downTime=21684678, deviceId=1, source=0x1002 }
07-19 15:59:44.075 22575 22575 W ViewRootImpl[GEL]: Dropping event due to no window focus: MotionEvent { action=ACTION_MOVE, actionButton=0, id[0]=0, x[0]=0.0, y[0]=637.0568, toolType[0]=TOOL_TYPE_FINGER, buttonState=0, metaState=0, flags=0x0, edgeFlags=0x0, pointerCount=1, historySize=2, eventTime=21692961, downTime=21684678, deviceId=1, source=0x1002 }
07-19 15:59:44.089 22575 22575 W ViewRootImpl[GEL]: Dropping event due to no window focus: MotionEvent { action=ACTION_MOVE, actionButton=0, id[0]=0, x[0]=0.0, y[0]=637.0568, toolType[0]=TOOL_TYPE_FINGER, buttonState=0, metaState=0, flags=0x0, edgeFlags=0x0, pointerCount=1, historySize=1, eventTime=21692977, downTime=21684678, deviceId=1, source=0x1002 }
07-19 15:59:44.109 22575 22575 W ViewRootImpl[GEL]: Dropping event due to no window focus: MotionEvent { action=ACTION_MOVE, actionButton=0, id[0]=0, x[0]=0.0, y[0]=637.0568, toolType[0]=TOOL_TYPE_FINGER, buttonState=0, metaState=0, flags=0x0, edgeFlags=0x0, pointerCount=1, historySize=2, eventTime=21692994, downTime=21684678, deviceId=1, source=0x1002 }
07-19 15:59:44.125 22575 22575 W ViewRootImpl[GEL]: Dropping event due to no window focus: MotionEvent { action=ACTION_MOVE, actionButton=0, id[0]=0, x[0]=0.0, y[0]=637.0568, toolType[0]=TOOL_TYPE_FINGER, buttonState=0, metaState=0, flags=0x0, edgeFlags=0x0, pointerCount=1, historySize=2, eventTime=21693010, downTime=21684678, deviceId=1, source=0x1002 }
07-19 15:59:44.143 22575 22575 W ViewRootImpl[GEL]: Dropping event due to no window focus: MotionEvent { action=ACTION_MOVE, actionButton=0, id[0]=0, x[0]=0.0, y[0]=637.0568, toolType[0]=TOOL_TYPE_FINGER, buttonState=0, metaState=0, flags=0x0, edgeFlags=0x0, pointerCount=1, historySize=2, eventTime=21693027, downTime=21684678, deviceId=1, source=0x1002 }
07-19 15:59:44.158 22575 22575 W ViewRootImpl[GEL]: Dropping event due to no window focus: MotionEvent { action=ACTION_MOVE, actionButton=0, id[0]=0, x[0]=0.0, y[0]=637.0568, toolType[0]=TOOL_TYPE_FINGER, buttonState=0, metaState=0, flags=0x0, edgeFlags=0x0, pointerCount=1, historySize=2, eventTime=21693044, downTime=21684678, deviceId=1, source=0x1002 }
07-19 15:59:44.224 22575 22575 W ViewRootImpl[GEL]: Dropping event due to no window focus: MotionEvent { action=ACTION_MOVE, actionButton=0, id[0]=0, x[0]=0.0, y[0]=637.0568, toolType[0]=TOOL_TYPE_FINGER, buttonState=0, metaState=0, flags=0x0, edgeFlags=0x0, pointerCount=1, historySize=7, eventTime=21693112, downTime=21684678, deviceId=1, source=0x1002 }
07-19 15:59:44.238 22575 22575 W ViewRootImpl[GEL]: Dropping event due to no window focus: MotionEvent { action=ACTION_MOVE, actionButton=0, id[0]=0, x[0]=0.0, y[0]=637.0568, toolType[0]=TOOL_TYPE_FINGER, buttonState=0, metaState=0, flags=0x0, edgeFlags=0x0, pointerCount=1, historySize=2, eventTime=21693128, downTime=21684678, deviceId=1, source=0x1002 }
07-19 15:59:44.255 22575 22575 W ViewRootImpl[GEL]: Dropping event due to no window focus: MotionEvent { action=ACTION_MOVE, actionButton=0, id[0]=0, x[0]=0.0, y[0]=637.0568, toolType[0]=TOOL_TYPE_FINGER, buttonState=0, metaState=0, flags=0x0, edgeFlags=0x0, pointerCount=1, historySize=2, eventTime=21693144, downTime=21684678, deviceId=1, source=0x1002 }
07-19 15:59:44.272 22575 22575 W ViewRootImpl[GEL]: Dropping event due to no window focus: MotionEvent { action=ACTION_MOVE, actionButton=0, id[0]=0, x[0]=0.0, y[0]=637.0568, toolType[0]=TOOL_TYPE_FINGER, buttonState=0, metaState=0, flags=0x0, edgeFlags=0x0, pointerCount=1, historySize=2, eventTime=21693161, downTime=21684678, deviceId=1, source=0x1002 }
07-19 15:59:44.289 22575 22575 W ViewRootImpl[GEL]: Dropping event due to no window focus: MotionEvent { action=ACTION_MOVE, actionButton=0, id[0]=0, x[0]=0.0, y[0]=637.0568, toolType[0]=TOOL_TYPE_FINGER, buttonState=0, metaState=0, flags=0x0, edgeFlags=0x0, pointerCount=1, historySize=3, eventTime=21693178, downTime=21684678, deviceId=1, source=0x1002 }
07-19 15:59:44.305 22575 22575 W ViewRootImpl[GEL]: Dropping event due to no window focus: MotionEvent { action=ACTION_MOVE, actionButton=0, id[0]=0, x[0]=0.0, y[0]=637.0568, toolType[0]=TOOL_TYPE_FINGER, buttonState=0, metaState=0, flags=0x0, edgeFlags=0x0, pointerCount=1, historySize=1, eventTime=21693195, downTime=21684678, deviceId=1, source=0x1002 }
07-19 15:59:44.322 22575 22575 W ViewRootImpl[GEL]: Dropping event due to no window focus: MotionEvent { action=ACTION_MOVE, actionButton=0, id[0]=0, x[0]=0.0, y[0]=637.0568, toolType[0]=TOOL_TYPE_FINGER, buttonState=0, metaState=0, flags=0x0, edgeFlags=0x0, pointerCount=1, historySize=1, eventTime=21693211, downTime=21684678, deviceId=1, source=0x1002 }
07-19 15:59:44.339 22575 22575 W ViewRootImpl[GEL]: Dropping event due to no window focus: MotionEvent { action=ACTION_MOVE, actionButton=0, id[0]=0, x[0]=0.0, y[0]=637.0568, toolType[0]=TOOL_TYPE_FINGER, buttonState=0, metaState=0, flags=0x0, edgeFlags=0x0, pointerCount=1, historySize=2, eventTime=21693228, downTime=21684678, deviceId=1, source=0x1002 }
07-19 15:59:44.356 22575 22575 W ViewRootImpl[GEL]: Dropping event due to no window focus: MotionEvent { action=ACTION_MOVE, actionButton=0, id[0]=0, x[0]=0.0, y[0]=637.0568, toolType[0]=TOOL_TYPE_FINGER, buttonState=0, metaState=0, flags=0x0, edgeFlags=0x0, pointerCount=1, historySize=2, eventTime=21693245, downTime=21684678, deviceId=1, source=0x1002 }
07-19 15:59:44.372 22575 22575 W ViewRootImpl[GEL]: Dropping event due to no window focus: MotionEvent { action=ACTION_MOVE, actionButton=0, id[0]=0, x[0]=0.0, y[0]=637.0568, toolType[0]=TOOL_TYPE_FINGER, buttonState=0, metaState=0, flags=0x0, edgeFlags=0x0, pointerCount=1, historySize=1, eventTime=21693256, downTime=21684678, deviceId=1, source=0x1002 }
07-19 15:59:44.394 22575 22575 W ViewRootImpl[GEL]: Dropping event due to no window focus: MotionEvent { action=ACTION_MOVE, actionButton=0, id[0]=0, x[0]=0.0, y[0]=637.0568, toolType[0]=TOOL_TYPE_FINGER, buttonState=0, metaState=0, flags=0x0, edgeFlags=0x0, pointerCount=1, historySize=2, eventTime=21693278, downTime=21684678, deviceId=1, source=0x1002 }
07-19 15:59:44.408 22575 22575 W ViewRootImpl[GEL]: Dropping event due to no window focus: MotionEvent { action=ACTION_MOVE, actionButton=0, id[0]=0, x[0]=0.0, y[0]=637.0568, toolType[0]=TOOL_TYPE_FINGER, buttonState=0, metaState=0, flags=0x0, edgeFlags=0x0, pointerCount=1, historySize=2, eventTime=21693294, downTime=21684678, deviceId=1, source=0x1002 }
07-19 15:59:44.424 22575 22575 W ViewRootImpl[GEL]: Dropping event due to no window focus: MotionEvent { action=ACTION_MOVE, actionButton=0, id[0]=0, x[0]=0.0, y[0]=637.0568, toolType[0]=TOOL_TYPE_FINGER, buttonState=0, metaState=0, flags=0x0, edgeFlags=0x0, pointerCount=1, historySize=2, eventTime=21693311, downTime=21684678, deviceId=1, source=0x1002 }
