--------- beginning of system
07-19 09:58:20.764   187   187 I vold    : Vold 3.0 (the awakening) firing up
07-19 09:58:20.764   187   187 V vold    : Detected support for: ext4 f2fs vfat
07-19 09:58:21.065   187   193 D vold    : e4crypt_init_user0
07-19 09:58:21.066   187   193 D vold    : e4crypt_prepare_user_storage for volume null, user 0, serial 0, flags 1
07-19 09:58:21.066   187   193 D vold    : Preparing: /data/system/users/0
07-19 09:58:21.066   187   193 D vold    : Preparing: /data/misc/profiles/cur/0
07-19 09:58:21.067   187   193 D vold    : Preparing: /data/misc/profiles/cur/0/foreign-dex
07-19 09:58:21.067   187   193 D vold    : Preparing: /data/system_de/0
07-19 09:58:21.067   187   193 D vold    : Preparing: /data/misc_de/0
07-19 09:58:21.067   187   193 D vold    : Preparing: /data/user_de/0
07-19 09:58:21.068   187   193 D vold    : e4crypt_unlock_user_key 0 serial=0 token_present=0
07-19 09:58:21.068   187   193 E vold    : Failed to chmod /data/system_ce/0: No such file or directory
07-19 09:58:21.068   187   193 E vold    : Failed to chmod /data/misc_ce/0: No such file or directory
07-19 09:58:21.068   187   193 E vold    : Failed to chmod /data/media/0: No such file or directory
07-19 09:58:21.304   187   193 D VoldCryptCmdListener: cryptfs mountdefaultencrypted
07-19 09:58:21.306   187   201 I Cryptfs : cryptfs_check_passwd
07-19 09:58:21.306   187   201 D Cryptfs : crypt_ftr->fs_size = 23175168
07-19 09:58:21.306   187   201 I Cryptfs : Using scrypt with keymaster for cryptfs KDF
07-19 09:58:21.746   187   201 I Cryptfs : keymaster module name is Trusty Keymaster HAL
07-19 09:58:21.746   187   201 I Cryptfs : keymaster version is 3
07-19 09:58:21.746   187   201 I Cryptfs : Found keymaster0 module, using keymaster0 API.
07-19 09:58:21.746   187   201 I Cryptfs : Signing safely-padded object
07-19 09:58:22.151   187   201 I Cryptfs : Enabling support for allow_discards in dmcrypt.
07-19 09:58:22.154   187   191 D vold    : Disk at 253:2 changed
07-19 09:58:22.581   187   201 I Cryptfs : Password matches
07-19 09:58:22.583   187   201 D Cryptfs : test_mount_encrypted_fs(): Master key saved
07-19 09:58:22.583   187   201 I Cryptfs : keymaster module name is Trusty Keymaster HAL
07-19 09:58:22.583   187   201 I Cryptfs : keymaster version is 3
07-19 09:58:22.583   187   201 I Cryptfs : Found keymaster0 module, using keymaster0 API.
07-19 09:58:22.584   187   201 D Cryptfs : Password is default - restarting filesystem
07-19 09:58:22.584   187   201 D Cryptfs : unmounting /data succeeded
07-19 09:58:22.719   187   201 D Cryptfs : Just triggered post_fs_data
07-19 09:58:22.795   187   193 D vold    : e4crypt_init_user0
07-19 09:58:22.795   187   193 D vold    : e4crypt_prepare_user_storage for volume null, user 0, serial 0, flags 1
07-19 09:58:22.795   187   193 D vold    : Preparing: /data/system/users/0
07-19 09:58:22.798   187   193 D vold    : Preparing: /data/misc/profiles/cur/0
07-19 09:58:22.800   187   193 D vold    : Preparing: /data/misc/profiles/cur/0/foreign-dex
07-19 09:58:22.802   187   193 D vold    : Preparing: /data/system_de/0
07-19 09:58:22.805   187   193 D vold    : Preparing: /data/misc_de/0
07-19 09:58:22.807   187   193 D vold    : Preparing: /data/user_de/0
07-19 09:58:22.808   187   193 D vold    : e4crypt_unlock_user_key 0 serial=0 token_present=0
07-19 09:58:22.920   187   201 D Cryptfs : post_fs_data done
07-19 09:58:22.920   187   201 D Cryptfs : Just triggered restart_framework
07-19 09:58:29.182   601   601 I chatty  : uid=1000 system_server expire 687 lines
07-19 09:58:29.775   601   621 I chatty  : uid=1000(system) android.display expire 22 lines
07-19 09:58:38.039   601   617 I chatty  : uid=1000(system) batterystats-sy expire 12 lines
07-19 09:58:38.347   601   638 I chatty  : uid=1000(system) MountService expire 301 lines
07-19 09:58:38.351   601   640 I chatty  : uid=1000(system) CryptdConnector expire 8 lines
07-19 09:58:38.367   601   639 I chatty  : uid=1000(system) VoldConnector expire 17 lines
07-19 09:58:38.431   601   613 I chatty  : uid=1000(system) android.bg expire 11 lines
07-19 09:58:38.453   187   642 D vold    : Starting trim of /cache
07-19 09:58:38.514   187   642 I vold    : Trimmed 258629632 bytes on /cache in 60ms
07-19 09:58:38.514   187   642 D vold    : Starting trim of /data
07-19 09:58:38.516   601   619 I chatty  : uid=1000(system) android.fg expire 2 lines
07-19 09:58:38.530   601   643 I chatty  : uid=1000(system) NetdConnector expire 1 line
07-19 09:58:47.372   187   642 I vold    : Trimmed 7270825984 bytes on /data in 8857ms
07-19 09:58:47.610   601   652 I chatty  : uid=1000(system) ConnectivitySer expire 11 lines
07-19 09:58:47.633   601   623 I chatty  : uid=1000(system) PowerManagerSer expire 21 lines
07-19 09:58:47.852   601   601 I chatty  : uid=1000 system_server expire 67 lines
07-19 09:58:47.854   187   193 D vold    : e4crypt_unlock_user_key 0 serial=0 token_present=0
07-19 09:58:47.866   601   614 I chatty  : uid=1000(system) ActivityManager expire 15 lines
07-19 09:58:47.868   187   192 V vold    : Waiting for FUSE to spin up...
07-19 09:58:47.869   601   659 I chatty  : uid=1000(system) AudioService expire 1 line
07-19 09:58:47.870   601   620 I chatty  : uid=1000(system) android.io expire 19 lines
07-19 09:58:48.323   689   689 V FingerprintManager: FingerprintManagerService was null
07-19 09:58:48.634   601   615 I chatty  : uid=1000(system) android.ui expire 4 lines
07-19 09:58:48.854   601   612 I chatty  : uid=1000(system) Binder:601_2 expire 19 lines
07-19 09:58:49.190   601   611 I chatty  : uid=1000(system) Binder:601_1 expire 14 lines
07-19 09:58:49.355   601   846 I chatty  : uid=1000(system) uteStateMachine expire 1 line
07-19 09:58:49.363   601   847 I chatty  : uid=1000(system) CallAudioModeSt expire 1 line
07-19 09:58:49.384   601   848 I chatty  : uid=1000(system) AsyncQueryWorke expire 1 line
07-19 09:58:50.134   601   832 I chatty  : uid=1000(system) Binder:601_5 expire 10 lines
07-19 09:58:50.250   689   689 I StatusBar: isKeyguardShowing() called before startKeyguard(), returning true
07-19 09:58:50.256   689   689 W StatusBar: isKeyguardSecure() called before startKeyguard(), returning false
07-19 09:58:50.256   689   689 W StatusBar: java.lang.Throwable
07-19 09:58:50.256   689   689 W StatusBar: 	at com.android.systemui.statusbar.BaseStatusBar.isKeyguardSecure(BaseStatusBar.java:2647)
07-19 09:58:50.256   689   689 W StatusBar: 	at com.android.systemui.statusbar.BaseStatusBar.isCameraAllowedByAdmin(BaseStatusBar.java:2670)
07-19 09:58:50.256   689   689 W StatusBar: 	at com.android.systemui.statusbar.phone.KeyguardBottomAreaView.updateCameraVisibility(KeyguardBottomAreaView.java:309)
07-19 09:58:50.256   689   689 W StatusBar: 	at com.android.systemui.statusbar.phone.KeyguardBottomAreaView.setPhoneStatusBar(KeyguardBottomAreaView.java:272)
07-19 09:58:50.256   689   689 W StatusBar: 	at com.android.systemui.statusbar.phone.PhoneStatusBar.makeStatusBarView(PhoneStatusBar.java:904)
07-19 09:58:50.256   689   689 W StatusBar: 	at com.android.systemui.statusbar.phone.PhoneStatusBar.addStatusBarWindow(PhoneStatusBar.java:3432)
07-19 09:58:50.256   689   689 W StatusBar: 	at com.android.systemui.statusbar.phone.PhoneStatusBar.createAndAddWindows(PhoneStatusBar.java:3428)
07-19 09:58:50.256   689   689 W StatusBar: 	at com.android.systemui.statusbar.BaseStatusBar.start(BaseStatusBar.java:765)
07-19 09:58:50.256   689   689 W StatusBar: 	at com.android.systemui.statusbar.phone.PhoneStatusBar.start(PhoneStatusBar.java:686)
07-19 09:58:50.256   689   689 W StatusBar: 	at com.android.systemui.statusbar.SystemBars.createStatusBarFromConfig(SystemBars.java:106)
07-19 09:58:50.256   689   689 W StatusBar: 	at com.android.systemui.statusbar.SystemBars.onNoService(SystemBars.java:58)
07-19 09:58:50.256   689   689 W StatusBar: 	at com.android.systemui.statusbar.ServiceMonitor.startService(ServiceMonitor.java:230)
07-19 09:58:50.256   689   689 W StatusBar: 	at com.android.systemui.statusbar.ServiceMonitor.-wrap5(ServiceMonitor.java)
07-19 09:58:50.256   689   689 W StatusBar: 	at com.android.systemui.statusbar.ServiceMonitor$1.handleMessage(ServiceMonitor.java:73)
07-19 09:58:50.256   689   689 W StatusBar: 	at android.os.Handler.dispatchMessage(Handler.java:102)
07-19 09:58:50.256   689   689 W StatusBar: 	at android.os.Looper.loop(Looper.java:154)
07-19 09:58:50.256   689   689 W StatusBar: 	at android.app.ActivityThread.main(ActivityThread.java:6119)
07-19 09:58:50.256   689   689 W StatusBar: 	at java.lang.reflect.Method.invoke(Native Method)
07-19 09:58:50.256   689   689 W StatusBar: 	at com.android.internal.os.ZygoteInit$MethodAndArgsCaller.run(ZygoteInit.java:886)
07-19 09:58:50.256   689   689 W StatusBar: 	at com.android.internal.os.ZygoteInit.main(ZygoteInit.java:776)
07-19 09:58:50.259   689   689 I StatusBar: isKeyguardShowing() called before startKeyguard(), returning true
07-19 09:58:50.261   689   689 W StatusBar: isKeyguardSecure() called before startKeyguard(), returning false
07-19 09:58:50.261   689   689 W StatusBar: java.lang.Throwable
07-19 09:58:50.261   689   689 W StatusBar: 	at com.android.systemui.statusbar.BaseStatusBar.isKeyguardSecure(BaseStatusBar.java:2647)
07-19 09:58:50.261   689   689 W StatusBar: 	at com.android.systemui.statusbar.BaseStatusBar.isCameraAllowedByAdmin(BaseStatusBar.java:2670)
07-19 09:58:50.261   689   689 W StatusBar: 	at com.android.systemui.statusbar.phone.KeyguardBottomAreaView.updateCameraVisibility(KeyguardBottomAreaView.java:309)
07-19 09:58:50.261   689   689 W StatusBar: 	at com.android.systemui.statusbar.phone.KeyguardBottomAreaView.setUserSetupComplete(KeyguardBottomAreaView.java:281)
07-19 09:58:50.261   689   689 W StatusBar: 	at com.android.systemui.statusbar.phone.PhoneStatusBar.makeStatusBarView(PhoneStatusBar.java:905)
07-19 09:58:50.261   689   689 W StatusBar: 	at com.android.systemui.statusbar.phone.PhoneStatusBar.addStatusBarWindow(PhoneStatusBar.java:3432)
07-19 09:58:50.261   689   689 W StatusBar: 	at com.android.systemui.statusbar.phone.PhoneStatusBar.createAndAddWindows(PhoneStatusBar.java:3428)
07-19 09:58:50.261   689   689 W StatusBar: 	at com.android.systemui.statusbar.BaseStatusBar.start(BaseStatusBar.java:765)
07-19 09:58:50.261   689   689 W StatusBar: 	at com.android.systemui.statusbar.phone.PhoneStatusBar.start(PhoneStatusBar.java:686)
07-19 09:58:50.261   689   689 W StatusBar: 	at com.android.systemui.statusbar.SystemBars.createStatusBarFromConfig(SystemBars.java:106)
07-19 09:58:50.261   689   689 W StatusBar: 	at com.android.systemui.statusbar.SystemBars.onNoService(SystemBars.java:58)
07-19 09:58:50.261   689   689 W StatusBar: 	at com.android.systemui.statusbar.ServiceMonitor.startService(ServiceMonitor.java:230)
07-19 09:58:50.261   689   689 W StatusBar: 	at com.android.systemui.statusbar.ServiceMonitor.-wrap5(ServiceMonitor.java)
07-19 09:58:50.261   689   689 W StatusBar: 	at com.android.systemui.statusbar.ServiceMonitor$1.handleMessage(ServiceMonitor.java:73)
07-19 09:58:50.261   689   689 W StatusBar: 	at android.os.Handler.dispatchMessage(Handler.java:102)
07-19 09:58:50.261   689   689 W StatusBar: 	at android.os.Looper.loop(Looper.java:154)
07-19 09:58:50.261   689   689 W StatusBar: 	at android.app.ActivityThread.main(ActivityThread.java:6119)
07-19 09:58:50.261   689   689 W StatusBar: 	at java.lang.reflect.Method.invoke(Native Method)
07-19 09:58:50.261   689   689 W StatusBar: 	at com.android.internal.os.ZygoteInit$MethodAndArgsCaller.run(ZygoteInit.java:886)
07-19 09:58:50.261   689   689 W StatusBar: 	at com.android.internal.os.ZygoteInit.main(ZygoteInit.java:776)
07-19 09:58:50.327   601   658 I chatty  : uid=1000(system) onProviders.ECP expire 3 lines
07-19 09:58:50.358   601   646 I chatty  : uid=1000(system) WifiP2pService expire 1 line
07-19 09:58:50.402   689   689 I StatusBar: isKeyguardShowing() called before startKeyguard(), returning true
07-19 09:58:50.402   689   689 W StatusBar: isKeyguardSecure() called before startKeyguard(), returning false
07-19 09:58:50.402   689   689 W StatusBar: java.lang.Throwable
07-19 09:58:50.402   689   689 W StatusBar: 	at com.android.systemui.statusbar.BaseStatusBar.isKeyguardSecure(BaseStatusBar.java:2647)
07-19 09:58:50.402   689   689 W StatusBar: 	at com.android.systemui.statusbar.BaseStatusBar.isCameraAllowedByAdmin(BaseStatusBar.java:2670)
07-19 09:58:50.402   689   689 W StatusBar: 	at com.android.systemui.statusbar.phone.KeyguardBottomAreaView.updateCameraVisibility(KeyguardBottomAreaView.java:309)
07-19 09:58:50.402   689   689 W StatusBar: 	at com.android.systemui.statusbar.phone.KeyguardBottomAreaView.setUserSetupComplete(KeyguardBottomAreaView.java:281)
07-19 09:58:50.402   689   689 W StatusBar: 	at com.android.systemui.statusbar.phone.PhoneStatusBar$1.onChange(PhoneStatusBar.java:441)
07-19 09:58:50.402   689   689 W StatusBar: 	at com.android.systemui.statusbar.phone.PhoneStatusBar.resetUserSetupObserver(PhoneStatusBar.java:3676)
07-19 09:58:50.402   689   689 W StatusBar: 	at com.android.systemui.statusbar.phone.PhoneStatusBar.makeStatusBarView(PhoneStatusBar.java:1008)
07-19 09:58:50.402   689   689 W StatusBar: 	at com.android.systemui.statusbar.phone.PhoneStatusBar.addStatusBarWindow(PhoneStatusBar.java:3432)
07-19 09:58:50.402   689   689 W StatusBar: 	at com.android.systemui.statusbar.phone.PhoneStatusBar.createAndAddWindows(PhoneStatusBar.java:3428)
07-19 09:58:50.402   689   689 W StatusBar: 	at com.android.systemui.statusbar.BaseStatusBar.start(BaseStatusBar.java:765)
07-19 09:58:50.402   689   689 W StatusBar: 	at com.android.systemui.statusbar.phone.PhoneStatusBar.start(PhoneStatusBar.java:686)
07-19 09:58:50.402   689   689 W StatusBar: 	at com.android.systemui.statusbar.SystemBars.createStatusBarFromConfig(SystemBars.java:106)
07-19 09:58:50.402   689   689 W StatusBar: 	at com.android.systemui.statusbar.SystemBars.onNoService(SystemBars.java:58)
07-19 09:58:50.402   689   689 W StatusBar: 	at com.android.systemui.statusbar.ServiceMonitor.startService(ServiceMonitor.java:230)
07-19 09:58:50.402   689   689 W StatusBar: 	at com.android.systemui.statusbar.ServiceMonitor.-wrap5(ServiceMonitor.java)
07-19 09:58:50.402   689   689 W StatusBar: 	at com.android.systemui.statusbar.ServiceMonitor$1.handleMessage(ServiceMonitor.java:73)
07-19 09:58:50.402   689   689 W StatusBar: 	at android.os.Handler.dispatchMessage(Handler.java:102)
07-19 09:58:50.402   689   689 W StatusBar: 	at android.os.Looper.loop(Looper.java:154)
07-19 09:58:50.402   689   689 W StatusBar: 	at android.app.ActivityThread.main(ActivityThread.java:6119)
07-19 09:58:50.402   689   689 W StatusBar: 	at java.lang.reflect.Method.invoke(Native Method)
07-19 09:58:50.402   689   689 W StatusBar: 	at com.android.internal.os.ZygoteInit$MethodAndArgsCaller.run(ZygoteInit.java:886)
07-19 09:58:50.402   689   689 W StatusBar: 	at com.android.internal.os.ZygoteInit.main(ZygoteInit.java:776)
07-19 09:58:50.485   812   874 E ActivityThread: Failed to find provider info for com.android.contacts
07-19 09:58:50.533   601   786 I chatty  : uid=1000(system) Binder:601_3 expire 11 lines
07-19 09:58:50.623   187   193 D VoldCryptCmdListener: cryptfs getpw
07-19 09:58:50.624   187   193 D VoldCryptCmdListener: cryptfs clearpw
07-19 09:58:50.817   601   825 I chatty  : uid=1000(system) Binder:601_4 expire 19 lines
07-19 09:58:50.858   689   870 E ActivityThread: Failed to find provider info for com.android.contacts
07-19 09:58:50.972   601   647 I chatty  : uid=1000(system) WifiService expire 1 line
07-19 09:58:51.427   601   983 I chatty  : uid=1000(system) IPC Thread expire 20 lines
07-19 09:58:51.898   789   789 E ActivityThread: Failed to find provider info for com.google.android.gsf.gservices
07-19 09:58:51.906   789   789 E ActivityThread: Failed to find provider info for com.google.android.gsf.gservices
07-19 09:58:51.927   789   789 E ActivityThread: Failed to find provider info for com.google.android.gsf.gservices
07-19 09:58:51.928   789   789 E ActivityThread: Failed to find provider info for com.google.android.gsf.gservices
07-19 09:58:51.939   789   789 E ActivityThread: Failed to find provider info for com.google.android.gsf.gservices
07-19 09:58:51.939   789   789 E ActivityThread: Failed to find provider info for com.google.android.gsf.gservices
07-19 09:58:51.943   789   789 E ActivityThread: Failed to find provider info for com.google.android.gsf.gservices
07-19 09:58:51.944   789   789 E ActivityThread: Failed to find provider info for com.google.android.gsf.gservices
07-19 09:58:51.944   789   789 E ActivityThread: Failed to find provider info for com.google.android.gsf.gservices
07-19 09:58:51.972   789   789 E ActivityThread: Failed to find provider info for com.google.android.gsf.gservices
07-19 09:58:51.972   789   789 E ActivityThread: Failed to find provider info for com.google.android.gsf.gservices
07-19 09:58:52.063   789   789 E ActivityThread: Failed to find provider info for com.google.android.gsf.gservices
07-19 09:58:52.089   789   789 E ActivityThread: Failed to find provider info for com.google.android.gsf.gservices
07-19 09:58:52.090   789   789 E ActivityThread: Failed to find provider info for com.google.android.gsf.gservices
07-19 09:58:52.172   789   789 E ActivityThread: Failed to find provider info for com.google.android.gsf.gservices
07-19 09:58:52.172   789   789 E ActivityThread: Failed to find provider info for com.google.android.gsf.gservices
07-19 09:58:52.173   789   789 E ActivityThread: Failed to find provider info for com.google.android.gsf.gservices
07-19 09:58:52.173   789   789 E ActivityThread: Failed to find provider info for com.google.android.gsf.gservices
07-19 09:58:52.189   789   789 E ActivityThread: Failed to find provider info for com.google.android.gsf.gservices
07-19 09:58:52.191   789   789 E ActivityThread: Failed to find provider info for com.google.android.gsf.gservices
07-19 09:58:52.194   789   789 E ActivityThread: Failed to find provider info for com.google.android.gsf.gservices
07-19 09:58:52.195   789   789 E ActivityThread: Failed to find provider info for com.google.android.gsf.gservices
07-19 09:58:52.195   789   789 E ActivityThread: Failed to find provider info for com.google.android.gsf.gservices
07-19 09:58:52.203   789   789 E ActivityThread: Failed to find provider info for com.google.android.gsf.gservices
07-19 09:58:52.204   789   789 E ActivityThread: Failed to find provider info for com.google.android.gsf.gservices
07-19 09:58:52.204   789   789 E ActivityThread: Failed to find provider info for com.google.android.gsf.gservices
07-19 09:58:52.217   789   789 E ActivityThread: Failed to find provider info for com.google.android.gsf.gservices
07-19 09:58:52.217   789   789 E ActivityThread: Failed to find provider info for com.google.android.gsf.gservices
07-19 09:58:52.217   789   789 E ActivityThread: Failed to find provider info for com.google.android.gsf.gservices
07-19 09:58:52.223   789   789 E ActivityThread: Failed to find provider info for com.google.android.gsf.gservices
07-19 09:58:52.240   789   789 E ActivityThread: Failed to find provider info for com.google.android.gsf.gservices
07-19 09:58:52.240   789   789 E ActivityThread: Failed to find provider info for com.google.android.gsf.gservices
07-19 09:58:52.240   789   789 E ActivityThread: Failed to find provider info for com.google.android.gsf.gservices
07-19 09:58:52.240   789   789 E ActivityThread: Failed to find provider info for com.google.android.gsf.gservices
07-19 09:58:52.242   789   789 E ActivityThread: Failed to find provider info for com.google.android.gsf.gservices
07-19 09:58:52.243   789   789 E ActivityThread: Failed to find provider info for com.google.android.gsf.gservices
07-19 09:58:52.243   789   789 E ActivityThread: Failed to find provider info for com.google.android.gsf.gservices
07-19 09:58:52.243   789   789 E ActivityThread: Failed to find provider info for com.google.android.gsf.gservices
07-19 09:58:52.243   789   789 E ActivityThread: Failed to find provider info for com.google.android.gsf.gservices
07-19 09:58:52.244   789   789 E ActivityThread: Failed to find provider info for com.google.android.gsf.gservices
07-19 09:58:52.276   789   997 E ActivityThread: Failed to find provider info for com.google.android.gsf.gservices
07-19 09:58:52.277   789   997 E ActivityThread: Failed to find provider info for com.google.android.gsf.gservices
07-19 09:58:52.278   789   997 E ActivityThread: Failed to find provider info for com.google.android.gsf.gservices
07-19 09:58:52.278   789   997 E ActivityThread: Failed to find provider info for com.google.android.gsf.gservices
07-19 09:58:52.285   789   789 E ActivityThread: Failed to find provider info for com.google.android.gsf.gservices
07-19 09:58:52.285   789   789 E ActivityThread: Failed to find provider info for com.google.android.gsf.gservices
07-19 09:58:52.286   789   789 E ActivityThread: Failed to find provider info for com.google.android.gsf.gservices
07-19 09:58:52.286   789   789 E ActivityThread: Failed to find provider info for com.google.android.gsf.gservices
07-19 09:58:52.286   789   789 E ActivityThread: Failed to find provider info for com.google.android.gsf.gservices
07-19 09:58:52.287   789   789 E ActivityThread: Failed to find provider info for com.google.android.gsf.gservices
07-19 09:58:52.287   789   789 E ActivityThread: Failed to find provider info for com.google.android.gsf.gservices
07-19 09:58:52.289   789   789 E ActivityThread: Failed to find provider info for com.google.android.gsf.gservices
07-19 09:58:52.289   789   789 E ActivityThread: Failed to find provider info for com.google.android.gsf.gservices
07-19 09:58:52.290   789   789 E ActivityThread: Failed to find provider info for com.google.android.gsf.gservices
07-19 09:58:52.290   789   789 E ActivityThread: Failed to find provider info for com.google.android.gsf.gservices
07-19 09:58:52.290   789   789 E ActivityThread: Failed to find provider info for com.google.android.gsf.gservices
07-19 09:58:52.291   789   789 E ActivityThread: Failed to find provider info for com.google.android.gsf.gservices
07-19 09:58:52.291   789   789 E ActivityThread: Failed to find provider info for com.google.android.gsf.gservices
07-19 09:58:52.291   789   789 E ActivityThread: Failed to find provider info for com.google.android.gsf.gservices
07-19 09:58:52.292   789   789 E ActivityThread: Failed to find provider info for com.google.android.gsf.gservices
07-19 09:58:52.292   789   789 E ActivityThread: Failed to find provider info for com.google.android.gsf.gservices
07-19 09:58:52.295   789   789 E ActivityThread: Failed to find provider info for com.google.android.gsf.gservices
07-19 09:58:52.310   789   789 E ActivityThread: Failed to find provider info for com.google.android.gsf.gservices
07-19 09:58:52.329   789   789 E ActivityThread: Failed to find provider info for com.google.android.gsf.gservices
07-19 09:58:52.330   789   789 E ActivityThread: Failed to find provider info for com.google.android.gsf.gservices
07-19 09:58:52.332   789   789 E ActivityThread: Failed to find provider info for com.google.android.gsf.gservices
07-19 09:58:52.333   789   789 E ActivityThread: Failed to find provider info for com.google.android.gsf.gservices
07-19 09:58:52.343   789   789 E ActivityThread: Failed to find provider info for com.google.android.gsf.gservices
07-19 09:58:57.051   187   193 D vold    : e4crypt_prepare_user_storage for volume null, user 0, serial 0, flags 2
07-19 09:58:57.051   187   193 D vold    : Preparing: /data/system_ce/0
07-19 09:58:57.051   187   193 D vold    : Preparing: /data/misc_ce/0
07-19 09:58:57.051   187   193 D vold    : Preparing: /data/media/0
07-19 09:58:57.051   187   193 D vold    : Preparing: /data/data
07-19 09:58:57.236   187   192 D vold    : Linking /storage/emulated/0 to /mnt/user/0/primary
07-19 09:58:57.440   601  1027 I chatty  : uid=1000(system) backup expire 3 lines
07-19 09:58:57.865   601   660 I chatty  : uid=1000 system_server expire 1 line
07-19 09:58:58.343   601  1167 I chatty  : uid=1000(system) Binder:601_8 expire 20 lines
07-19 09:58:58.344   187   193 D VoldCryptCmdListener: cryptfs getpwtype
07-19 09:58:58.459   601   601 I chatty  : uid=1000 system_server expire 11 lines
07-19 09:58:58.674   601   614 I chatty  : uid=1000(system) ActivityManager expire 10 lines
07-19 09:58:59.055   601   648 I chatty  : uid=1000(system) WifiStateMachin expire 2 lines
07-19 09:58:59.473   601   620 I chatty  : uid=1000(system) android.io expire 10 lines
07-19 09:59:00.818   601  1088 I chatty  : uid=1000(system) Binder:601_6 expire 17 lines
07-19 09:59:02.717   601  1328 I chatty  : uid=1000(system) Binder:601_9 expire 13 lines
07-19 09:59:02.726  1478  1478 D ActivityThread: Loading provider free.lucky.apps.filemanager.explorer: free.lucky.apps.filemanager.provider.ExplorerProvider
07-19 09:59:02.866   601   652 I chatty  : uid=1000(system) ConnectivitySer expire 11 lines
07-19 09:59:03.673   601  1582 I chatty  : uid=1000 system_server expire 2 lines
07-19 09:59:07.880   601   621 I chatty  : uid=1000(system) android.display expire 21 lines
07-19 09:59:10.368   601   786 I chatty  : uid=1000(system) Binder:601_3 expire 18 lines
07-19 09:59:12.228   601   637 I chatty  : uid=1000(system) InputReader expire 6 lines
07-19 09:59:12.929   601   832 I chatty  : uid=1000(system) Binder:601_5 expire 13 lines
07-19 09:59:16.957  2274  2274 D ActivityThread: Loading provider com.google.android.gm.sapi: com.google.android.gm.sapi.SapiUiProvider
07-19 09:59:18.185   601  1166 I chatty  : uid=1000(system) Binder:601_7 expire 12 lines
07-19 09:59:24.105   601  2623 I chatty  : uid=1000(system) Binder:601_A expire 14 lines
07-19 09:59:24.837   601  2677 I chatty  : uid=1000(system) Binder:601_C expire 13 lines
07-19 09:59:26.299   601  2628 I chatty  : uid=1000(system) Binder:601_B expire 12 lines
07-19 09:59:26.333   601   626 I chatty  : uid=1000(system) PackageManager expire 14 lines
07-19 09:59:33.978   187   193 D VoldCryptCmdListener: cryptfs getpwtype
07-19 09:59:38.357   601   832 I chatty  : uid=1000(system) Binder:601_5 expire 13 lines
07-19 09:59:38.700   601  1328 I chatty  : uid=1000(system) Binder:601_9 expire 13 lines
07-19 09:59:50.706  3602  3602 D ActivityThread: Loading provider com.google.android.gm.sapi: com.google.android.gm.sapi.SapiUiProvider
07-19 09:59:50.732   601   635 I chatty  : uid=1000(system) AlarmManager expire 2 lines
07-19 09:59:51.339   601   983 I chatty  : uid=1000(system) IPC Thread expire 437 lines
07-19 09:59:52.258   601   825 I chatty  : uid=1000(system) Binder:601_4 expire 15 lines
07-19 09:59:54.621   601  1166 I chatty  : uid=1000(system) Binder:601_7 expire 10 lines
07-19 09:59:54.675   601   786 I chatty  : uid=1000(system) Binder:601_3 expire 17 lines
07-19 09:59:58.847   601  2628 I chatty  : uid=1000(system) Binder:601_B expire 13 lines
07-19 09:59:58.879   601  1088 I chatty  : uid=1000(system) Binder:601_6 expire 19 lines
07-19 10:00:06.762   601  2677 I chatty  : uid=1000(system) Binder:601_C expire 18 lines
07-19 10:00:08.210   601   611 I chatty  : uid=1000(system) Binder:601_1 expire 18 lines
07-19 10:03:49.347  4141  4141 W ContextImpl: Calling a method in the system process without a qualified user: android.app.ContextImpl.startService:1357 android.content.ContextWrapper.startService:613 android.content.ContextWrapper.startService:613 com.android.keychain.KeyChainBroadcastReceiver.onReceive:12 android.app.ActivityThread.handleReceiver:3040 
07-19 10:04:17.543   601   614 I chatty  : uid=1000(system) ActivityManager expire 10 lines
07-19 10:04:17.566   601   626 I chatty  : uid=1000(system) PackageManager expire 17 lines
07-19 10:04:17.935   601  1167 I chatty  : uid=1000(system) Binder:601_8 expire 27 lines
07-19 10:04:18.013  4141  4141 W ContextImpl: Calling a method in the system process without a qualified user: android.app.ContextImpl.startService:1357 android.content.ContextWrapper.startService:613 android.content.ContextWrapper.startService:613 com.android.keychain.KeyChainBroadcastReceiver.onReceive:12 android.app.ActivityThread.handleReceiver:3040 
07-19 10:04:18.194   601   601 I chatty  : uid=1000 system_server expire 12 lines
07-19 10:04:18.389   601   832 I chatty  : uid=1000(system) Binder:601_5 expire 15 lines
07-19 10:04:19.320   601   612 I chatty  : uid=1000(system) Binder:601_2 expire 14 lines
07-19 10:04:39.780  4141  4141 W ContextImpl: Calling a method in the system process without a qualified user: android.app.ContextImpl.startService:1357 android.content.ContextWrapper.startService:613 android.content.ContextWrapper.startService:613 com.android.keychain.KeyChainBroadcastReceiver.onReceive:12 android.app.ActivityThread.handleReceiver:3040 
07-19 10:04:46.113   601   626 I chatty  : uid=1000(system) PackageManager expire 5 lines
07-19 10:04:50.382  4141  4141 W ContextImpl: Calling a method in the system process without a qualified user: android.app.ContextImpl.startService:1357 android.content.ContextWrapper.startService:613 android.content.ContextWrapper.startService:613 com.android.keychain.KeyChainBroadcastReceiver.onReceive:12 android.app.ActivityThread.handleReceiver:3040 
07-19 10:04:55.927   601   614 I chatty  : uid=1000(system) ActivityManager expire 10 lines
07-19 10:04:56.204   601   620 I chatty  : uid=1000(system) android.io expire 16 lines
07-19 10:05:43.851   601   601 I chatty  : uid=1000 system_server expire 18 lines
07-19 10:08:06.968   601  2628 I chatty  : uid=1000(system) Binder:601_B expire 16 lines
07-19 10:08:08.050   601  1328 I chatty  : uid=1000(system) Binder:601_9 expire 14 lines
07-19 10:08:41.929   601   825 I chatty  : uid=1000(system) Binder:601_4 expire 13 lines
07-19 10:08:43.688   601  1166 I chatty  : uid=1000(system) Binder:601_7 expire 15 lines
07-19 10:08:44.005   601   652 I chatty  : uid=1000(system) ConnectivitySer expire 35 lines
07-19 10:10:03.547   601  2623 I chatty  : uid=1000(system) Binder:601_A expire 13 lines
07-19 10:13:44.429 11603 11603 D ActivityThread: Loading provider free.lucky.apps.filemanager.explorer: free.lucky.apps.filemanager.provider.ExplorerProvider
07-19 10:13:44.999 11603 11650 E ActivityThread: Failed to find provider info for com.facebook.katana.provider.AttributionIdProvider
07-19 10:14:01.220 11603 11603 W ViewRootImpl[DocumentsActivity]: Dropping event due to no window focus: MotionEvent { action=ACTION_MOVE, actionButton=0, id[0]=1, x[0]=533.82623, y[0]=942.70197, toolType[0]=TOOL_TYPE_FINGER, buttonState=0, metaState=0, flags=0x0, edgeFlags=0x0, pointerCount=1, historySize=1, eventTime=950108, downTime=947486, deviceId=1, source=0x1002 }
07-19 10:14:01.237 11603 11603 W ViewRootImpl[DocumentsActivity]: Dropping event due to no window focus: MotionEvent { action=ACTION_MOVE, actionButton=0, id[0]=1, x[0]=533.82623, y[0]=942.70197, toolType[0]=TOOL_TYPE_FINGER, buttonState=0, metaState=0, flags=0x0, edgeFlags=0x0, pointerCount=1, historySize=1, eventTime=950125, downTime=947486, deviceId=1, source=0x1002 }
07-19 10:14:01.253 11603 11603 W ViewRootImpl[DocumentsActivity]: Dropping event due to no window focus: MotionEvent { action=ACTION_MOVE, actionButton=0, id[0]=1, x[0]=533.82623, y[0]=942.70197, toolType[0]=TOOL_TYPE_FINGER, buttonState=0, metaState=0, flags=0x0, edgeFlags=0x0, pointerCount=1, historySize=2, eventTime=950142, downTime=947486, deviceId=1, source=0x1002 }
07-19 10:14:01.269 11603 11603 W ViewRootImpl[DocumentsActivity]: Dropping event due to no window focus: MotionEvent { action=ACTION_MOVE, actionButton=0, id[0]=1, x[0]=533.82623, y[0]=942.70197, toolType[0]=TOOL_TYPE_FINGER, buttonState=0, metaState=0, flags=0x0, edgeFlags=0x0, pointerCount=1, historySize=2, eventTime=950158, downTime=947486, deviceId=1, source=0x1002 }
07-19 10:14:01.286 11603 11603 W ViewRootImpl[DocumentsActivity]: Dropping event due to no window focus: MotionEvent { action=ACTION_MOVE, actionButton=0, id[0]=1, x[0]=533.82623, y[0]=942.70197, toolType[0]=TOOL_TYPE_FINGER, buttonState=0, metaState=0, flags=0x0, edgeFlags=0x0, pointerCount=1, historySize=2, eventTime=950175, downTime=947486, deviceId=1, source=0x1002 }
07-19 10:14:01.302 11603 11603 W ViewRootImpl[DocumentsActivity]: Dropping event due to no window focus: MotionEvent { action=ACTION_MOVE, actionButton=0, id[0]=1, x[0]=533.82623, y[0]=942.70197, toolType[0]=TOOL_TYPE_FINGER, buttonState=0, metaState=0, flags=0x0, edgeFlags=0x0, pointerCount=1, historySize=2, eventTime=950192, downTime=947486, deviceId=1, source=0x1002 }
07-19 10:14:01.319 11603 11603 W ViewRootImpl[DocumentsActivity]: Dropping event due to no window focus: MotionEvent { action=ACTION_MOVE, actionButton=0, id[0]=1, x[0]=533.82623, y[0]=942.70197, toolType[0]=TOOL_TYPE_FINGER, buttonState=0, metaState=0, flags=0x0, edgeFlags=0x0, pointerCount=1, historySize=2, eventTime=950208, downTime=947486, deviceId=1, source=0x1002 }
07-19 10:14:01.336 11603 11603 W ViewRootImpl[DocumentsActivity]: Dropping event due to no window focus: MotionEvent { action=ACTION_MOVE, actionButton=0, id[0]=1, x[0]=533.82623, y[0]=942.70197, toolType[0]=TOOL_TYPE_FINGER, buttonState=0, metaState=0, flags=0x0, edgeFlags=0x0, pointerCount=1, historySize=2, eventTime=950222, downTime=947486, deviceId=1, source=0x1002 }
07-19 10:14:01.378 11603 11603 W ViewRootImpl[DocumentsActivity]: Dropping event due to no window focus: MotionEvent { action=ACTION_MOVE, actionButton=0, id[0]=1, x[0]=533.82623, y[0]=942.70197, toolType[0]=TOOL_TYPE_FINGER, buttonState=0, metaState=0, flags=0x0, edgeFlags=0x0, pointerCount=1, historySize=2, eventTime=950259, downTime=947486, deviceId=1, source=0x1002 }
07-19 10:14:01.393 11603 11603 W ViewRootImpl[DocumentsActivity]: Dropping event due to no window focus: MotionEvent { action=ACTION_MOVE, actionButton=0, id[0]=1, x[0]=533.8328, y[0]=942.70197, toolType[0]=TOOL_TYPE_FINGER, buttonState=0, metaState=0, flags=0x0, edgeFlags=0x0, pointerCount=1, historySize=3, eventTime=950275, downTime=947486, deviceId=1, source=0x1002 }
07-19 10:14:01.407 11603 11603 W ViewRootImpl[DocumentsActivity]: Dropping event due to no window focus: MotionEvent { action=ACTION_MOVE, actionButton=0, id[0]=1, x[0]=536.3254, y[0]=945.36743, toolType[0]=TOOL_TYPE_FINGER, buttonState=0, metaState=0, flags=0x0, edgeFlags=0x0, pointerCount=1, historySize=1, eventTime=950291, downTime=947486, deviceId=1, source=0x1002 }
07-19 10:14:01.408 11603 11603 W ViewRootImpl[DocumentsActivity]: Cancelling event due to no window focus: MotionEvent { action=ACTION_CANCEL, actionButton=0, id[0]=1, x[0]=536.3254, y[0]=945.36743, toolType[0]=TOOL_TYPE_FINGER, buttonState=0, metaState=0, flags=0x0, edgeFlags=0x0, pointerCount=1, historySize=0, eventTime=950299, downTime=947486, deviceId=1, source=0x1002 }
07-19 10:14:01.461 11603 11603 W ViewRootImpl[DocumentsActivity]: Cancelling event due to no window focus: MotionEvent { action=ACTION_CANCEL, actionButton=0, id[0]=1, x[0]=536.3254, y[0]=945.36743, toolType[0]=TOOL_TYPE_FINGER, buttonState=0, metaState=0, flags=0x0, edgeFlags=0x0, pointerCount=1, historySize=0, eventTime=950299, downTime=947486, deviceId=1, source=0x1002 }
07-19 10:14:01.461 11603 11603 W ViewRootImpl[DocumentsActivity]: Cancelling event due to no window focus: MotionEvent { action=ACTION_CANCEL, actionButton=0, id[0]=1, x[0]=536.3254, y[0]=945.36743, toolType[0]=TOOL_TYPE_FINGER, buttonState=0, metaState=0, flags=0x0, edgeFlags=0x0, pointerCount=1, historySize=0, eventTime=950299, downTime=947486, deviceId=1, source=0x1002 }
07-19 10:14:28.102 11603 11827 W PackageParser: Ignoring duplicate uses-permissions/uses-permissions-sdk-m: android.permission.READ_CONTACTS in package: com.android.bluetooth at: Binary XML file line #61
07-19 10:14:28.104 11603 11827 W PackageParser: No actions in intent filter at /system/app/Bluetooth/Bluetooth.apk Binary XML file line #222
07-19 10:14:28.112 11603 11827 W PackageParser: Ignoring duplicate uses-permissions/uses-permissions-sdk-m: android.permission.READ_CONTACTS in package: com.android.bluetooth at: Binary XML file line #61
07-19 10:14:28.113 11603 11827 W PackageParser: No actions in intent filter at /system/app/Bluetooth/Bluetooth.apk Binary XML file line #222
07-19 10:14:28.117 11603 11827 W PackageParser: Ignoring duplicate uses-permissions/uses-permissions-sdk-m: android.permission.READ_CONTACTS in package: com.android.bluetooth at: Binary XML file line #61
07-19 10:14:28.118 11603 11827 W PackageParser: No actions in intent filter at /system/app/Bluetooth/Bluetooth.apk Binary XML file line #222
07-19 10:14:28.123 11603 11827 W PackageParser: Ignoring duplicate uses-permissions/uses-permissions-sdk-m: android.permission.READ_CONTACTS in package: com.android.bluetooth at: Binary XML file line #61
07-19 10:14:28.124 11603 11827 W PackageParser: No actions in intent filter at /system/app/Bluetooth/Bluetooth.apk Binary XML file line #222
07-19 10:14:28.184 11603 11827 W PackageParser: Unknown element under <application>: enable-feature at /data/app/com.outsystemsenterprise.libertymutualdev.DispatchMobile-1/base.apk Binary XML file line #167
07-19 10:16:45.642   601   616 I chatty  : uid=1000(system) ActivityManager expire 2 lines
07-19 10:17:09.567 12088 12088 D ActivityThread: Loading provider free.lucky.apps.filemanager.explorer: free.lucky.apps.filemanager.provider.ExplorerProvider
07-19 10:17:16.019   601  1328 I chatty  : uid=1000(system) Binder:601_9 expire 21 lines
07-19 10:17:22.748   601   613 I chatty  : uid=1000(system) android.bg expire 19 lines
07-19 10:17:23.158 12203 12203 D ActivityThread: Loading provider com.google.android.gm.sapi: com.google.android.gm.sapi.SapiUiProvider
07-19 10:19:34.702   601   825 I chatty  : uid=1000(system) Binder:601_4 expire 18 lines
07-19 10:20:36.386   601   832 I chatty  : uid=1000(system) Binder:601_5 expire 10 lines
07-19 10:53:21.688   601   786 I chatty  : uid=1000(system) Binder:601_3 expire 19 lines
07-19 10:53:21.761   601   612 I chatty  : uid=1000(system) Binder:601_2 expire 33 lines
07-19 10:53:21.808   601  2628 I chatty  : uid=1000(system) Binder:601_B expire 19 lines
07-19 10:53:24.725   601  2623 I chatty  : uid=1000(system) Binder:601_A expire 17 lines
07-19 10:53:25.628   601  2677 I chatty  : uid=1000(system) Binder:601_C expire 12 lines
07-19 10:53:26.053   601  1167 I chatty  : uid=1000(system) Binder:601_8 expire 17 lines
07-19 10:53:27.280   601  1088 I chatty  : uid=1000(system) Binder:601_6 expire 17 lines
07-19 10:53:33.494   601   614 I chatty  : uid=1000(system) ActivityManager expire 36 lines
07-19 10:53:38.010   601   983 I chatty  : uid=1000(system) IPC Thread expire 4865 lines
07-19 10:53:38.553  1393  4876 V FingerprintManager: FingerprintManagerService was null
07-19 10:54:22.044   601   617 I chatty  : uid=1000(system) batterystats-sy expire 30 lines
07-19 10:59:35.473   601   611 I chatty  : uid=1000(system) Binder:601_1 expire 19 lines
07-19 11:59:48.649   601   601 I chatty  : uid=1000 system_server expire 12 lines
07-19 12:16:17.318   601 13198 I chatty  : uid=1000(system) Binder:601_D expire 14 lines
07-19 12:16:18.789   601   636 I chatty  : uid=1000(system) InputDispatcher expire 2 lines
07-19 12:16:21.698   601  1166 I chatty  : uid=1000(system) Binder:601_7 expire 22 lines
07-19 12:24:48.705   601 16875 I chatty  : uid=1000(system) Binder:601_E expire 13 lines
07-19 13:32:20.957   689   689 V DeadZone: consuming errant click: (1005.6726,23.1427)
07-19 13:32:22.161   689   689 V DeadZone: consuming errant click: (1060.1549,22.254272)
07-19 13:32:22.629   689   689 V DeadZone: consuming errant click: (1015.1695,21.365723)
07-19 13:32:24.432   601   832 I chatty  : uid=1000(system) Binder:601_5 expire 11 lines
07-19 13:32:24.435   601  2677 I chatty  : uid=1000(system) Binder:601_C expire 17 lines
07-19 13:32:24.555   601   652 I chatty  : uid=1000(system) ConnectivitySer expire 16 lines
07-19 13:33:31.263   601   601 I chatty  : uid=1000 system_server expire 3 lines
07-19 13:33:32.775   601   983 I chatty  : uid=1000(system) IPC Thread expire 1091 lines
07-19 13:35:15.169   601   617 I chatty  : uid=1000(system) batterystats-sy expire 4 lines
07-19 13:35:44.259   601  2628 I chatty  : uid=1000(system) Binder:601_B expire 8 lines
07-19 13:35:45.505   601   611 I chatty  : uid=1000(system) Binder:601_1 expire 3 lines
07-19 13:35:45.560   601   825 I chatty  : uid=1000(system) Binder:601_4 expire 8 lines
07-19 13:35:45.560   601  2623 I chatty  : uid=1000(system) Binder:601_A expire 7 lines
07-19 13:35:45.566   601   612 I chatty  : uid=1000(system) Binder:601_2 expire 4 lines
07-19 13:35:45.674   601   786 I chatty  : uid=1000(system) Binder:601_3 expire 8 lines
07-19 13:36:04.567   601  1088 I chatty  : uid=1000(system) Binder:601_6 expire 7 lines
07-19 13:36:04.587   601   614 I chatty  : uid=1000(system) ActivityManager expire 12 lines
07-19 13:36:09.473   601 27451 I chatty  : uid=1000(system) Binder:601_F expire 6 lines
07-19 13:36:09.487   601  1328 I chatty  : uid=1000(system) Binder:601_9 expire 4 lines
07-19 13:36:09.671   601  1166 I chatty  : uid=1000(system) Binder:601_7 expire 2 lines
07-19 13:36:09.798   601 27660 I chatty  : uid=1000(system) Binder:601_10 expire 9 lines
07-19 13:36:12.768   601   620 I chatty  : uid=1000(system) android.io expire 6 lines
07-19 13:37:47.389   601 13198 I chatty  : uid=1000(system) Binder:601_D expire 4 lines
07-19 13:38:04.809   601   623 I chatty  : uid=1000(system) PowerManagerSer expire 1 line
07-19 13:38:05.312   601   621 I chatty  : uid=1000(system) android.display expire 6 lines
07-19 13:51:44.236   601   983 I chatty  : uid=1000(system) IPC Thread expire 85 lines
07-19 13:52:18.982   601   613 I chatty  : uid=1000(system) android.bg expire 1 line
07-19 13:52:53.074   601   635 I chatty  : uid=1000(system) AlarmManager expire 1 line
07-19 13:53:31.421   601   637 I chatty  : uid=1000(system) InputReader expire 1 line
07-19 13:53:31.445   601   623 I chatty  : uid=1000(system) PowerManagerSer expire 2 lines
07-19 13:53:31.528   601  2677 I chatty  : uid=1000(system) Binder:601_C expire 1 line
07-19 13:53:31.609   601   612 I chatty  : uid=1000(system) Binder:601_2 expire 2 lines
07-19 13:53:32.454   601  1328 I chatty  : uid=1000(system) Binder:601_9 expire 1 line
07-19 13:53:32.854   601 27660 I chatty  : uid=1000(system) Binder:601_10 expire 1 line
07-19 13:53:39.371   601  2623 I chatty  : uid=1000(system) Binder:601_A expire 1 line
07-19 13:53:39.383   601   614 I chatty  : uid=1000(system) ActivityManager expire 2 lines
07-19 13:53:42.055   601 16875 I chatty  : uid=1000(system) Binder:601_E expire 2 lines
07-19 13:54:32.241   601   983 I chatty  : uid=1000(system) IPC Thread expire 204 lines
07-19 13:57:32.051   601   617 I chatty  : uid=1000(system) batterystats-sy expire 4 lines
07-19 13:57:56.221   601   983 I chatty  : uid=1000(system) IPC Thread expire 193 lines
07-19 13:58:25.068   601   611 I chatty  : uid=1000(system) Binder:601_1 expire 1 line
07-19 13:58:39.326   601   623 I chatty  : uid=1000(system) PowerManagerSer expire 2 lines
07-19 13:58:39.617   601   614 I chatty  : uid=1000(system) ActivityManager expire 2 lines
07-19 13:58:39.892   601   621 I chatty  : uid=1000(system) android.display expire 2 lines
07-19 13:58:44.357   601 16875 I chatty  : uid=1000(system) Binder:601_E expire 1 line
07-19 14:00:09.710   601  1328 I chatty  : uid=1000(system) Binder:601_9 expire 1 line
07-19 14:01:09.226   601   983 D libgps  : proxy_gnss_sv_status_cb: called. num_svs(13)
07-19 14:01:10.232   601   983 D libgps  : proxy_gnss_sv_status_cb: called. num_svs(13)
07-19 14:01:11.222   601   983 D libgps  : proxy_gnss_sv_status_cb: called. num_svs(13)
07-19 14:01:12.227   601   983 D libgps  : proxy_gnss_sv_status_cb: called. num_svs(13)
07-19 14:01:13.227   601   983 D libgps  : proxy_gnss_sv_status_cb: called. num_svs(13)
07-19 14:01:14.221   601   983 D libgps  : proxy_gnss_sv_status_cb: called. num_svs(13)
07-19 14:01:15.226   601   983 D libgps  : proxy_gnss_sv_status_cb: called. num_svs(13)
07-19 14:01:16.222   601   983 D libgps  : proxy_gnss_sv_status_cb: called. num_svs(13)
07-19 14:01:17.224   601   983 D libgps  : proxy_gnss_sv_status_cb: called. num_svs(13)
07-19 14:01:18.223   601   983 D libgps  : proxy_gnss_sv_status_cb: called. num_svs(13)
07-19 14:01:19.222   601   983 D libgps  : proxy_gnss_sv_status_cb: called. num_svs(13)
07-19 14:01:20.220   601   983 D libgps  : proxy_gnss_sv_status_cb: called. num_svs(13)
07-19 14:01:21.228   601   983 D libgps  : proxy_gnss_sv_status_cb: called. num_svs(13)
07-19 14:01:22.226   601   983 D libgps  : proxy_gnss_sv_status_cb: called. num_svs(13)
07-19 14:01:23.225   601   983 D libgps  : proxy_gnss_sv_status_cb: called. num_svs(13)
07-19 14:01:24.224   601   983 D libgps  : proxy_gnss_sv_status_cb: called. num_svs(13)
07-19 14:01:25.226   601   983 D libgps  : proxy_gnss_sv_status_cb: called. num_svs(13)
07-19 14:01:26.225   601   983 D libgps  : proxy_gnss_sv_status_cb: called. num_svs(13)
07-19 14:01:27.222   601   983 D libgps  : proxy_gnss_sv_status_cb: called. num_svs(13)
07-19 14:01:28.225   601   983 D libgps  : proxy_gnss_sv_status_cb: called. num_svs(13)
07-19 14:01:29.225   601   983 D libgps  : proxy_gnss_sv_status_cb: called. num_svs(13)
07-19 14:01:30.228   601   983 D libgps  : proxy_gnss_sv_status_cb: called. num_svs(13)
07-19 14:01:31.222   601   983 D libgps  : proxy_gnss_sv_status_cb: called. num_svs(13)
07-19 14:01:32.225   601   983 D libgps  : proxy_gnss_sv_status_cb: called. num_svs(13)
07-19 14:01:33.224   601   983 D libgps  : proxy_gnss_sv_status_cb: called. num_svs(13)
07-19 14:01:34.226   601   983 D libgps  : proxy_gnss_sv_status_cb: called. num_svs(13)
07-19 14:01:35.217   601   983 D libgps  : proxy_gnss_sv_status_cb: called. num_svs(13)
07-19 14:01:36.219   601   983 D libgps  : proxy_gnss_sv_status_cb: called. num_svs(12)
07-19 14:01:37.220   601   983 D libgps  : proxy_gnss_sv_status_cb: called. num_svs(12)
07-19 14:01:38.225   601   983 D libgps  : proxy_gnss_sv_status_cb: called. num_svs(12)
07-19 14:01:39.219   601   983 D libgps  : proxy_gnss_sv_status_cb: called. num_svs(12)
07-19 14:01:40.223   601   983 D libgps  : proxy_gnss_sv_status_cb: called. num_svs(12)
07-19 14:01:41.222   601   983 D libgps  : proxy_gnss_sv_status_cb: called. num_svs(12)
07-19 14:01:42.222   601   983 D libgps  : proxy_gnss_sv_status_cb: called. num_svs(12)
07-19 14:01:43.218   601   983 D libgps  : proxy_gnss_sv_status_cb: called. num_svs(12)
07-19 14:01:44.227   601   983 D libgps  : proxy_gnss_sv_status_cb: called. num_svs(12)
07-19 14:01:45.225   601   983 D libgps  : proxy_gnss_sv_status_cb: called. num_svs(12)
07-19 14:01:46.223   601   983 D libgps  : proxy_gnss_sv_status_cb: called. num_svs(12)
07-19 14:01:47.222   601   983 D libgps  : proxy_gnss_sv_status_cb: called. num_svs(12)
07-19 14:01:48.222   601   983 D libgps  : proxy_gnss_sv_status_cb: called. num_svs(12)
07-19 14:01:49.225   601   983 D libgps  : proxy_gnss_sv_status_cb: called. num_svs(12)
07-19 14:01:50.226   601   983 D libgps  : proxy_gnss_sv_status_cb: called. num_svs(12)
07-19 14:01:51.222   601   983 D libgps  : proxy_gnss_sv_status_cb: called. num_svs(12)
07-19 14:01:52.227   601   983 D libgps  : proxy_gnss_sv_status_cb: called. num_svs(12)
07-19 14:01:53.222   601   983 D libgps  : proxy_gnss_sv_status_cb: called. num_svs(12)
07-19 14:01:54.223   601   983 D libgps  : proxy_gnss_sv_status_cb: called. num_svs(12)
07-19 14:01:55.221   601   983 D libgps  : proxy_gnss_sv_status_cb: called. num_svs(12)
07-19 14:01:56.226   601   983 D libgps  : proxy_gnss_sv_status_cb: called. num_svs(12)
07-19 14:01:57.223   601   983 D libgps  : proxy_gnss_sv_status_cb: called. num_svs(12)
07-19 14:01:58.223   601   983 D libgps  : proxy_gnss_sv_status_cb: called. num_svs(12)
07-19 14:01:59.228   601   983 D libgps  : proxy_gnss_sv_status_cb: called. num_svs(12)
07-19 14:02:00.225   601   983 D libgps  : proxy_gnss_sv_status_cb: called. num_svs(12)
07-19 14:02:01.219   601   983 D libgps  : proxy_gnss_sv_status_cb: called. num_svs(12)
07-19 14:02:02.227   601   983 D libgps  : proxy_gnss_sv_status_cb: called. num_svs(12)
07-19 14:02:03.221   601   983 D libgps  : proxy_gnss_sv_status_cb: called. num_svs(12)
07-19 14:02:04.225   601   983 D libgps  : proxy_gnss_sv_status_cb: called. num_svs(12)
07-19 14:02:05.218   601   983 D libgps  : proxy_gnss_sv_status_cb: called. num_svs(12)
07-19 14:02:06.223   601   983 D libgps  : proxy_gnss_sv_status_cb: called. num_svs(12)
07-19 14:02:07.222   601   983 D libgps  : proxy_gnss_sv_status_cb: called. num_svs(12)
07-19 14:02:08.222   601   983 D libgps  : proxy_gnss_sv_status_cb: called. num_svs(12)
07-19 14:02:09.223   601   983 D libgps  : proxy_gnss_sv_status_cb: called. num_svs(12)
07-19 14:02:10.228   601   983 D libgps  : proxy_gnss_sv_status_cb: called. num_svs(12)
07-19 14:02:11.231   601   983 D libgps  : proxy_gnss_sv_status_cb: called. num_svs(12)
07-19 14:02:12.228   601   983 D libgps  : proxy_gnss_sv_status_cb: called. num_svs(12)
07-19 14:02:13.228   601   983 D libgps  : proxy_gnss_sv_status_cb: called. num_svs(12)
07-19 14:02:14.229   601   983 D libgps  : proxy_gnss_sv_status_cb: called. num_svs(12)
07-19 14:02:15.228   601   983 D libgps  : proxy_gnss_sv_status_cb: called. num_svs(12)
07-19 14:02:16.230   601   983 D libgps  : proxy_gnss_sv_status_cb: called. num_svs(12)
07-19 14:02:17.232   601   983 D libgps  : proxy_gnss_sv_status_cb: called. num_svs(12)
07-19 14:02:18.227   601   983 D libgps  : proxy_gnss_sv_status_cb: called. num_svs(12)
07-19 14:02:19.233   601   983 D libgps  : proxy_gnss_sv_status_cb: called. num_svs(12)
07-19 14:02:20.230   601   983 D libgps  : proxy_gnss_sv_status_cb: called. num_svs(12)
