07-19 16:52:11.123   247   247 I Netd    : Destroyed 3 sockets for UidRanges{ 10003 10004 10010 10014 10018 10020 10023 10024 10025 10027 10038 10040 10043 10045 10046 10048 10049 10050 10052 10057 10059 10060 10061 10062 10063 10066 10069 10071 10072 10075 10076 10077 10080 10083 10086 10089 10091 10104 } skip={} in 1.1 ms
07-19 16:52:11.123  2248  2359 I chatty  : uid=10046(com.google.android.apps.docs) expire 4 lines
07-19 16:52:11.123  2248  2385 I chatty  : uid=10046(com.google.android.apps.docs) expire 5 lines
07-19 16:52:11.126  2233  2404 V NativeCrypto: Read error: ssl=0x7ae3ca7788: I/O error during system call, Software caused connection abort
07-19 16:52:11.126  2233  2404 V NativeCrypto: Write error: ssl=0x7ae3ca7788: I/O error during system call, Broken pipe
07-19 16:52:11.127  2233  2404 V NativeCrypto: Write error: ssl=0x7ae3ca7788: I/O error during system call, Broken pipe
07-19 16:52:11.134  2233  2404 V NativeCrypto: SSL shutdown failed: ssl=0x7ae3ca7788: I/O error during system call, Success
07-19 16:52:11.149  2233  2293 W sgo     : Application name is not set. Call Builder#setApplicationName.
07-19 16:52:11.152  2233  2293 W sgo     : Application name is not set. Call Builder#setApplicationName.
07-19 16:52:11.173   601  2628 I ActivityManager: Killing 745:com.google.android.talk/u0a65 (adj 906): empty #17
07-19 16:52:11.207   601 13198 D ActivityManager: cleanUpApplicationRecord -- 745
07-19 16:52:11.221  2233  2239 I art     : Do partial code cache collection, code=30KB, data=30KB
07-19 16:52:11.222  2233  2239 I art     : After code cache collection, code=29KB, data=29KB
07-19 16:52:11.222  2233  2239 I art     : Increasing code cache capacity to 128KB
07-19 16:52:11.224  2233  2293 W sgo     : Application name is not set. Call Builder#setApplicationName.
07-19 16:52:14.140   601   637 I PowerManagerService: Going to sleep due to power button (uid 1000)...
07-19 16:52:14.144   601   623 I PowerManagerService: Sleeping (uid 1000)...
07-19 16:52:14.165   238   661 W AudioPolicyIntefaceImpl: getOutputForAttr uid 10029 tried to pass itself off as 1000
07-19 16:52:14.166   238 12576 W AudioFlinger: virtual sp<android::IAudioTrack> android::AudioFlinger::createTrack(audio_stream_type_t, uint32_t, audio_format_t, audio_channel_mask_t, size_t *, audio_output_flags_t *, const sp<android::IMemory> &, audio_io_handle_t, pid_t, pid_t, audio_session_t *, int, status_t *) uid 10029 pid 689 tried to pass itself off as pid 0
07-19 16:52:14.166   238 12576 W AudioFlinger: TrackBase uid 10029 tried to pass itself off as 1000
07-19 16:52:14.187   689   689 W FingerprintManager: isFingerprintHardwareDetected(): Service not connected!
07-19 16:52:14.215   830   888 I MicroDetector: Keeping mic open: false
07-19 16:52:14.217   830   930 I DeviceStateChecker: DeviceStateChecker cancelled
07-19 16:52:14.217   830  1771 I AudioController: internalShutdown
07-19 16:52:14.218   830   892 I MicroRecognitionRunner: Stopping hotword detection.
07-19 16:52:14.235   238   289 I SoundTriggerHwService::Module: void android::SoundTriggerHwService::Module::onCallbackEvent(const sp<android::SoundTriggerHwService::CallbackEvent> &) mClient == 0
07-19 16:52:14.242   830  1771 I MicrophoneInputStream: mic_close  SR : 16000 CC : 16 SO : 1999
07-19 16:52:14.242   830  1771 E AudioSource: Stop listening is called on already closed AudioSource
07-19 16:52:14.244   830  1796 I MicroRecognitionRunner: Detection finished
07-19 16:52:14.251   830   888 I PBSessionCacheImpl: Deleted sessionId[6131668779226] from persistence.
07-19 16:52:14.266   830   888 W SearchServiceCore: Abort, client detached.
07-19 16:52:14.267   830   888 I StreamController: cleanUpControllerScope(nowcards-15-16d5583-ed01)
07-19 16:52:14.648   601   623 I chatty  : uid=1000(system) PowerManagerSer expire 6 lines
07-19 16:52:14.659   601   621 I DisplayManagerService: Display device changed state: "Built-in Screen", OFF
07-19 16:52:14.660   199   199 D SurfaceFlinger: Set power mode=0, type=0 flinger=0x7d16430000
07-19 16:52:14.661   199   199 D hwcomposer: hwc_blank: display 0: blank
07-19 16:52:14.661   199   199 D hwcomposer: hwc_blank_display: display 0: [0 -> 1]
07-19 16:52:14.663   601   621 W LocalDisplayAdapter: Unable to find color mode 0, ignoring request.
07-19 16:52:14.967   601   673 I chatty  : uid=1000(system) PhotonicModulat expire 4 lines
07-19 16:52:14.981   601 27660 I ActivityManager: Setting hasTopUi=true for pid=689
07-19 16:52:15.021   678   678 I DeviceStatusMonitor: onReceive() : Action = android.intent.action.SCREEN_OFF
07-19 16:52:15.070   689   689 D PhoneStatusBar: disable: < expand ICONS* alerts SYSTEM_INFO* back home recent clock search quick_settings >
07-19 16:52:15.075   689   689 W FingerprintManager: isFingerprintHardwareDetected(): Service not connected!
07-19 16:52:15.082   689   689 W FingerprintManager: isFingerprintHardwareDetected(): Service not connected!
07-19 16:52:15.088   689   689 W FingerprintManager: isFingerprintHardwareDetected(): Service not connected!
07-19 16:52:15.128   689   689 W View    : requestLayout() improperly called by com.android.systemui.statusbar.ExpandableNotificationRow{1bd7adb VFE...C.. ......ID 0,0-832,184} during layout: running second layout pass
07-19 16:52:15.136   601  2677 W LocalDisplayAdapter: Unable to find color mode 0, ignoring request.
07-19 16:52:15.145   689   689 W FingerprintManager: isFingerprintHardwareDetected(): Service not connected!
07-19 16:52:15.145   689   689 D PhoneStatusBar: disable: < expand ICONS alerts SYSTEM_INFO back HOME* RECENT* clock SEARCH* quick_settings >
07-19 16:52:15.179   601   621 W LocalDisplayAdapter: Unable to find color mode 0, ignoring request.
07-19 16:52:15.213  1265  1265 I chatty  : uid=10011(com.google.android.gms) expire 11 lines
07-19 16:52:15.249  1265  1927 I chatty  : uid=10011(com.google.android.gms) expire 13 lines
07-19 16:52:19.352   601   637 I PowerManagerService: Waking up from sleep (uid 1000)...
07-19 16:52:19.357   601   601 I chatty  : uid=1000 system_server expire 3 lines
07-19 16:52:19.367   689   689 W FingerprintManager: isFingerprintHardwareDetected(): Service not connected!
07-19 16:52:19.376   601   623 I DisplayPowerController: Blocking screen on until initial contents have been drawn.
07-19 16:52:19.388   601   621 I DisplayManagerService: Display device changed state: "Built-in Screen", ON
07-19 16:52:19.390   601   621 W LocalDisplayAdapter: Unable to find color mode 0, ignoring request.
07-19 16:52:19.390   199   199 D SurfaceFlinger: Set power mode=2, type=0 flinger=0x7d16430000
07-19 16:52:19.390   199   199 D hwcomposer: hwc_blank: display 0: unblank
07-19 16:52:19.390   199   199 D hwcomposer: hwc_blank_display: display 0: [1 -> 0]
07-19 16:52:19.395   199   199 D hwcomposer: Display 0 layer clip is 1536 x 2048
07-19 16:52:19.395   199   199 D hwcomposer: Display 0 device clip is 1536 x 2048
07-19 16:52:19.401   601   825 I chatty  : uid=1000(system) Binder:601_4 expire 3 lines
07-19 16:52:19.430   678   678 I DeviceStatusMonitor: onReceive() : Action = android.intent.action.SCREEN_ON
07-19 16:52:19.560   789  2432 I chatty  : uid=10011 com.google.android.gms.persistent expire 5 lines
07-19 16:52:19.583   789  2433 I chatty  : uid=10011 com.google.android.gms.persistent expire 1 line
07-19 16:52:19.588   789  2431 I chatty  : uid=10011 com.google.android.gms.persistent expire 7 lines
07-19 16:52:19.601   789 13268 I chatty  : uid=10011(com.google.android.gms) Binder:789_D expire 1 line
07-19 16:52:19.697   601   623 I DisplayPowerController: Unblocked screen on after 322 ms
07-19 16:52:19.717   601 13198 W ActivityManager: Permission Denial: Accessing service ComponentInfo{com.google.android.music/com.google.android.music.dial.DialMediaRouteProviderService} from pid=1265, uid=10011 that is not exported from uid 10070
07-19 16:52:19.727  1080  1147 D BrcmNfcJni: RoutingManager::nfaEeCallback: NFA_EE_SET_TECH_CFG_EVT; status=0x0
07-19 16:52:19.727  1080  1147 D BrcmNfcJni: RoutingManager::nfaEeCallback: NFA_EE_SET_PROTO_CFG_EVT; status=0x0
07-19 16:52:19.727  1080  2434 D BrcmNfcJni: RoutingManager::commitRouting
07-19 16:52:19.728  1080  1147 D BrcmNfcJni: RoutingManager::nfaEeCallback: NFA_EE_UPDATED_EVT
07-19 16:52:19.801  1265  1851 I chatty  : uid=10011(com.google.android.gms) highpool[1] expire 8 lines
07-19 16:52:19.803  1265   480 I chatty  : uid=10011(com.google.android.gms) expire 1 line
07-19 16:52:20.721  2248  2368 I chatty  : uid=10046(com.google.android.apps.docs) expire 10 lines
07-19 16:52:21.181  1265  2439 I chatty  : uid=10011(com.google.android.gms) expire 8 lines
07-19 16:52:25.354   830   888 I WorkerManager: dispose()
07-19 16:52:25.359   830   888 W ThreadPoolDumper: Queue length for executor EventBus is now 11. Perhaps some tasks are too long, or the pool is too small.
07-19 16:52:29.348   601   623 I PowerManagerService: Going to sleep due to screen timeout (uid 1000)...
07-19 16:52:29.349   601   623 I PowerManagerService: Sleeping (uid 1000)...
07-19 16:52:29.357   689   689 W FingerprintManager: isFingerprintHardwareDetected(): Service not connected!
07-19 16:52:29.935   199   199 D SurfaceFlinger: Set power mode=0, type=0 flinger=0x7d16430000
07-19 16:52:29.936   601   621 I DisplayManagerService: Display device changed state: "Built-in Screen", OFF
07-19 16:52:29.946   199   199 D hwcomposer: hwc_blank: display 0: blank
07-19 16:52:29.946   199   199 D hwcomposer: hwc_blank_display: display 0: [0 -> 1]
07-19 16:52:29.963   601   621 W LocalDisplayAdapter: Unable to find color mode 0, ignoring request.
07-19 16:52:30.268   689   689 D PhoneStatusBar: disable: < expand ICONS alerts SYSTEM_INFO back HOME RECENT clock SEARCH quick_settings >
07-19 16:52:30.271   689   689 W FingerprintManager: isFingerprintHardwareDetected(): Service not connected!
07-19 16:52:30.280   689   689 W FingerprintManager: isFingerprintHardwareDetected(): Service not connected!
07-19 16:52:30.283   689   689 W FingerprintManager: isFingerprintHardwareDetected(): Service not connected!
07-19 16:52:30.288   678   678 I DeviceStatusMonitor: onReceive() : Action = android.intent.action.SCREEN_OFF
07-19 16:52:30.345  1265  1265 I chatty  : uid=10011(com.google.android.gms) expire 11 lines
07-19 16:52:37.769  2233  2447 W HashedNamesTransmitter: Constant name exists in message
07-19 16:52:38.042  1393  3085 I com.tenforwardconsulting.bgloc.DistanceFilterLocationProvider: Stationary location monitor fired
07-19 16:52:38.073   601  1088 I ActivityManager: Killing 1321:com.google.android.videos/u0a83 (adj 906): empty #17
07-19 16:52:38.190   601 27660 D ActivityManager: cleanUpApplicationRecord -- 1321
07-19 16:52:38.342  1393  3085 D com.tenforwardconsulting.bgloc.DistanceFilterLocationProvider: Single location update: Location[fused 18.566868,73.830836 acc=24 et=+6h54m27s27ms alt=516.5]
07-19 16:52:38.356  1393  3085 I com.tenforwardconsulting.bgloc.DistanceFilterLocationProvider: Distance from stationary location: 43.289967
07-19 16:52:38.360  8274  8274 I chatty  : uid=1021(gps) /system/bin/glgps expire 14 lines
07-19 16:52:38.377   601   786 I chatty  : uid=1000(system) Binder:601_3 expire 4 lines
07-19 16:52:38.500   601   613 I chatty  : uid=1000(system) android.bg expire 13 lines
07-19 16:52:38.501   601  2448 I chatty  : uid=1000 system_server expire 2 lines
07-19 16:52:49.555   830  1796 W GmsLocationProvider: Error removing location updates: 16
07-19 16:52:50.720  2248  2368 I chatty  : uid=10046(com.google.android.apps.docs) expire 21 lines
07-19 16:53:20.822  1265  2451 I chatty  : uid=10011(com.google.android.gms) expire 1 line
07-19 16:53:28.492 31330 31399 I PlayCommon: [228] aeho.d(23): Preparing logs for uploading
07-19 16:53:28.512 31330 31399 I PlayCommon: [228] aeho.d(125): Connecting to server: https://play.googleapis.com/play/log?format=raw&proto_v2=true
07-19 16:53:28.810 31330 31399 I PlayCommon: [228] aeho.d(173): Successfully uploaded logs.
07-19 16:53:38.375  1393  3085 I com.tenforwardconsulting.bgloc.DistanceFilterLocationProvider: Stationary location monitor fired
07-19 16:53:38.480  1393  3085 D com.tenforwardconsulting.bgloc.DistanceFilterLocationProvider: Single location update: Location[fused 18.566847,73.830819 acc=23 et=+6h55m27s345ms alt=516.5]
07-19 16:53:38.495  1393  3085 I com.tenforwardconsulting.bgloc.DistanceFilterLocationProvider: Distance from stationary location: 44.2602
07-19 16:53:38.543  8274  8274 I chatty  : uid=1021(gps) /system/bin/glgps expire 14 lines
07-19 16:53:38.685   601   613 I chatty  : uid=1000(system) android.bg expire 13 lines
07-19 16:53:38.688   601  2456 I chatty  : uid=1000 system_server expire 2 lines
07-19 16:53:53.720  2248  2368 I chatty  : uid=10046(com.google.android.apps.docs) expire 11 lines
07-19 16:53:55.184 31330 31715 I PlayCommon: [278] aeho.d(23): Preparing logs for uploading
07-19 16:53:55.191 31330 31715 W PlayCommon: [278] aeho.a(1): No account for auth token provided
07-19 16:53:55.193 31330 31715 I PlayCommon: [278] aeho.d(125): Connecting to server: https://play.googleapis.com/play/log?format=raw&proto_v2=true
07-19 16:53:55.395 31330 31715 I PlayCommon: [278] aeho.d(173): Successfully uploaded logs.
07-19 16:54:26.520 31330 31348 I Finsky  : [209] jen.run(3): Stats for Executor: BlockingExecutor jfw@f41427f[Running, pool size = 0, active threads = 0, queued tasks = 0, completed tasks = 36]
07-19 16:54:26.522 31330 31348 I Finsky  : [209] jen.run(3): Stats for Executor: LightweightExecutor jfw@e46324c[Running, pool size = 2, active threads = 0, queued tasks = 0, completed tasks = 63]
07-19 16:54:26.720  2248  2368 I chatty  : uid=10046(com.google.android.apps.docs) expire 11 lines
07-19 16:54:26.824 31330 31348 I Finsky  : [209] jen.run(3): Stats for Executor: bgExecutor jfw@9fec295[Running, pool size = 4, active threads = 0, queued tasks = 0, completed tasks = 144]
07-19 16:54:38.513  1393  3085 I com.tenforwardconsulting.bgloc.DistanceFilterLocationProvider: Stationary location monitor fired
07-19 16:54:38.618   601 27451 I chatty  : uid=1000(system) Binder:601_F expire 7 lines
07-19 16:54:38.746  1393  3085 D com.tenforwardconsulting.bgloc.DistanceFilterLocationProvider: Single location update: Location[fused 18.566847,73.830819 acc=23 et=+6h56m27s498ms alt=516.5]
07-19 16:54:38.759  1393  3085 I com.tenforwardconsulting.bgloc.DistanceFilterLocationProvider: Distance from stationary location: 44.34294
07-19 16:54:38.773  8274  8274 I chatty  : uid=1021(gps) /system/bin/glgps expire 14 lines
07-19 16:54:38.915   601   613 I chatty  : uid=1000(system) android.bg expire 13 lines
07-19 16:54:38.919   601  2460 I chatty  : uid=1000 system_server expire 2 lines
07-19 16:54:43.833   601   650 I chatty  : uid=1000(system) WifiScanningSer expire 12 lines
07-19 16:54:59.719  2248  2368 I chatty  : uid=10046(com.google.android.apps.docs) expire 2 lines
07-19 16:55:05.719  2248  2368 W CelloCake: [CelloTaskRunnered0485a7-monitoring0] [Account=ed0485a7:Task=150311155]Slow task still running after 175s. pollForChanges(options=# com.google.apps.drive.dataservice.PollForChangesOptions@9fbb500d){account=ed0485a7, submitTimeMs=24839529, startTimeMs=24839530, waitTimeMs=1, timedOut}
07-19 16:55:08.719  2248  2368 W CelloCake: [CelloTaskRunnered0485a7-monitoring0] [Account=ed0485a7:Task=150311155]Slow task still running after 178s. pollForChanges(options=# com.google.apps.drive.dataservice.PollForChangesOptions@9fbb500d){account=ed0485a7, submitTimeMs=24839529, startTimeMs=24839530, waitTimeMs=1, timedOut}
07-19 16:55:11.719  2248  2368 W CelloCake: [CelloTaskRunnered0485a7-monitoring0] [Account=ed0485a7:Task=150311155]Slow task still running after 181s. pollForChanges(options=# com.google.apps.drive.dataservice.PollForChangesOptions@9fbb500d){account=ed0485a7, submitTimeMs=24839529, startTimeMs=24839530, waitTimeMs=1, timedOut}
07-19 16:55:14.720  2248  2368 W CelloCake: [CelloTaskRunnered0485a7-monitoring0] [Account=ed0485a7:Task=150311155]Slow task still running after 184s. pollForChanges(options=# com.google.apps.drive.dataservice.PollForChangesOptions@9fbb500d){account=ed0485a7, submitTimeMs=24839529, startTimeMs=24839530, waitTimeMs=1, timedOut}
07-19 16:55:17.719  2248  2368 W CelloCake: [CelloTaskRunnered0485a7-monitoring0] [Account=ed0485a7:Task=150311155]Slow task still running after 187s. pollForChanges(options=# com.google.apps.drive.dataservice.PollForChangesOptions@9fbb500d){account=ed0485a7, submitTimeMs=24839529, startTimeMs=24839530, waitTimeMs=1, timedOut}
07-19 16:55:20.719  2248  2368 W CelloCake: [CelloTaskRunnered0485a7-monitoring0] [Account=ed0485a7:Task=150311155]Slow task still running after 190s. pollForChanges(options=# com.google.apps.drive.dataservice.PollForChangesOptions@9fbb500d){account=ed0485a7, submitTimeMs=24839529, startTimeMs=24839530, waitTimeMs=1, timedOut}
07-19 16:55:20.958  1265  2463 I chatty  : uid=10011(com.google.android.gms) expire 1 line
07-19 16:55:23.720  2248  2368 W CelloCake: [CelloTaskRunnered0485a7-monitoring0] [Account=ed0485a7:Task=150311155]Slow task still running after 193s. pollForChanges(options=# com.google.apps.drive.dataservice.PollForChangesOptions@9fbb500d){account=ed0485a7, submitTimeMs=24839529, startTimeMs=24839530, waitTimeMs=1, timedOut}
07-19 16:55:26.719  2248  2368 W CelloCake: [CelloTaskRunnered0485a7-monitoring0] [Account=ed0485a7:Task=150311155]Slow task still running after 196s. pollForChanges(options=# com.google.apps.drive.dataservice.PollForChangesOptions@9fbb500d){account=ed0485a7, submitTimeMs=24839529, startTimeMs=24839530, waitTimeMs=1, timedOut}
07-19 16:55:29.719  2248  2368 W CelloCake: [CelloTaskRunnered0485a7-monitoring0] [Account=ed0485a7:Task=150311155]Slow task still running after 199s. pollForChanges(options=# com.google.apps.drive.dataservice.PollForChangesOptions@9fbb500d){account=ed0485a7, submitTimeMs=24839529, startTimeMs=24839530, waitTimeMs=1, timedOut}
07-19 16:55:30.497   601   613 I UsageStatsService: User[0] Flushing usage stats to disk
07-19 16:55:32.719  2248  2368 W CelloCake: [CelloTaskRunnered0485a7-monitoring0] [Account=ed0485a7:Task=150311155]Slow task still running after 202s. pollForChanges(options=# com.google.apps.drive.dataservice.PollForChangesOptions@9fbb500d){account=ed0485a7, submitTimeMs=24839529, startTimeMs=24839530, waitTimeMs=1, timedOut}
07-19 16:55:32.828  2233  2293 E SyncManagerImpl: [TaskSchedulerLowPriority0] IOException
07-19 16:55:32.828  2233  2293 E SyncManagerImpl: npz: java.io.IOException: Timed out connecting to www.googleapis.com/172.217.26.234:443
07-19 16:55:32.828  2233  2293 E SyncManagerImpl: 	at njs.a(PG:188)
07-19 16:55:32.828  2233  2293 E SyncManagerImpl: 	at nqc.a(PG:20)
07-19 16:55:32.828  2233  2293 E SyncManagerImpl: 	at nqc$1.run(PG:16)
07-19 16:55:32.828  2233  2293 E SyncManagerImpl: 	at mfb.a(PG:3)
07-19 16:55:32.828  2233  2293 E SyncManagerImpl: 	at nqc.a(PG:172)
07-19 16:55:32.828  2233  2293 E SyncManagerImpl: 	at nqg.run(PG:2)
07-19 16:55:32.828  2233  2293 E SyncManagerImpl: 	at java.util.concurrent.Executors$RunnableAdapter.call(Executors.java:428)
07-19 16:55:32.828  2233  2293 E SyncManagerImpl: 	at yyn$a.a(PG:1)
07-19 16:55:32.828  2233  2293 E SyncManagerImpl: 	at yyb.run(PG:3)
07-19 16:55:32.828  2233  2293 E SyncManagerImpl: 	at yyn.run(PG:2)
07-19 16:55:32.828  2233  2293 E SyncManagerImpl: 	at java.util.concurrent.ThreadPoolExecutor.runWorker(ThreadPoolExecutor.java:1133)
07-19 16:55:32.828  2233  2293 E SyncManagerImpl: 	at java.util.concurrent.ThreadPoolExecutor$Worker.run(ThreadPoolExecutor.java:607)
07-19 16:55:32.828  2233  2293 E SyncManagerImpl: 	at java.lang.Thread.run(Thread.java:761)
07-19 16:55:32.828  2233  2293 E SyncManagerImpl: Caused by: java.io.IOException: Timed out connecting to www.googleapis.com/172.217.26.234:443
07-19 16:55:32.828  2233  2293 E SyncManagerImpl: 	at mgk$a.connect(PG:20)
07-19 16:55:32.828  2233  2293 E SyncManagerImpl: 	at zpi$b.a(PG:1)
07-19 16:55:32.828  2233  2293 E SyncManagerImpl: 	at zrd.a(PG:133)
07-19 16:55:32.828  2233  2293 E SyncManagerImpl: 	at zoh.a(PG:317)
07-19 16:55:32.828  2233  2293 E SyncManagerImpl: 	at mgl.a(PG:88)
07-19 16:55:32.828  2233  2293 E SyncManagerImpl: 	at lyz.a(PG:10)
07-19 16:55:32.828  2233  2293 E SyncManagerImpl: 	at lzb.a(PG:6)
07-19 16:55:32.828  2233  2293 E SyncManagerImpl: 	at lyy.a(PG:9)
07-19 16:55:32.828  2233  2293 E SyncManagerImpl: 	at qkg.a(PG:9)
07-19 16:55:32.828  2233  2293 E SyncManagerImpl: 	at shk.a(PG:35)
07-19 16:55:32.828  2233  2293 E SyncManagerImpl: 	at sfy.a(PG:18)
07-19 16:55:32.828  2233  2293 E SyncManagerImpl: 	at mht.a(PG:26)
07-19 16:55:32.828  2233  2293 E SyncManagerImpl: 	at mio.a(PG:4)
07-19 16:55:32.828  2233  2293 E SyncManagerImpl: 	at cnh.a(PG:4)
07-19 16:55:32.828  2233  2293 E SyncManagerImpl: 	at njs.a(PG:147)
07-19 16:55:32.828  2233  2293 E SyncManagerImpl: 	... 12 more
07-19 16:55:32.833  2233  2293 E SyncManagerImpl: [TaskSchedulerLowPriority0] IOException
07-19 16:55:32.833  2233  2293 E SyncManagerImpl: npz: java.io.IOException: Timed out connecting to www.googleapis.com/172.217.26.234:443
07-19 16:55:32.833  2233  2293 E SyncManagerImpl: 	at njs.a(PG:188)
07-19 16:55:32.833  2233  2293 E SyncManagerImpl: 	at nqc.a(PG:20)
07-19 16:55:32.833  2233  2293 E SyncManagerImpl: 	at nqc$1.run(PG:16)
07-19 16:55:32.833  2233  2293 E SyncManagerImpl: 	at mfb.a(PG:3)
07-19 16:55:32.833  2233  2293 E SyncManagerImpl: 	at nqc.a(PG:172)
07-19 16:55:32.833  2233  2293 E SyncManagerImpl: 	at nqg.run(PG:2)
07-19 16:55:32.833  2233  2293 E SyncManagerImpl: 	at java.util.concurrent.Executors$RunnableAdapter.call(Executors.java:428)
07-19 16:55:32.833  2233  2293 E SyncManagerImpl: 	at yyn$a.a(PG:1)
07-19 16:55:32.833  2233  2293 E SyncManagerImpl: 	at yyb.run(PG:3)
07-19 16:55:32.833  2233  2293 E SyncManagerImpl: 	at yyn.run(PG:2)
07-19 16:55:32.833  2233  2293 E SyncManagerImpl: 	at java.util.concurrent.ThreadPoolExecutor.runWorker(ThreadPoolExecutor.java:1133)
07-19 16:55:32.833  2233  2293 E SyncManagerImpl: 	at java.util.concurrent.ThreadPoolExecutor$Worker.run(ThreadPoolExecutor.java:607)
07-19 16:55:32.833  2233  2293 E SyncManagerImpl: 	at java.lang.Thread.run(Thread.java:761)
07-19 16:55:32.833  2233  2293 E SyncManagerImpl: Caused by: java.io.IOException: Timed out connecting to www.googleapis.com/172.217.26.234:443
07-19 16:55:32.833  2233  2293 E SyncManagerImpl: 	at mgk$a.connect(PG:20)
07-19 16:55:32.833  2233  2293 E SyncManagerImpl: 	at zpi$b.a(PG:1)
07-19 16:55:32.833  2233  2293 E SyncManagerImpl: 	at zrd.a(PG:133)
07-19 16:55:32.833  2233  2293 E SyncManagerImpl: 	at zoh.a(PG:317)
07-19 16:55:32.833  2233  2293 E SyncManagerImpl: 	at mgl.a(PG:88)
07-19 16:55:32.833  2233  2293 E SyncManagerImpl: 	at lyz.a(PG:10)
07-19 16:55:32.833  2233  2293 E SyncManagerImpl: 	at lzb.a(PG:6)
07-19 16:55:32.833  2233  2293 E SyncManagerImpl: 	at lyy.a(PG:9)
07-19 16:55:32.833  2233  2293 E SyncManagerImpl: 	at qkg.a(PG:9)
07-19 16:55:32.833  2233  2293 E SyncManagerImpl: 	at shk.a(PG:35)
07-19 16:55:32.833  2233  2293 E SyncManagerImpl: 	at sfy.a(PG:18)
07-19 16:55:32.833  2233  2293 E SyncManagerImpl: 	at mht.a(PG:26)
07-19 16:55:32.833  2233  2293 E SyncManagerImpl: 	at mio.a(PG:4)
07-19 16:55:32.833  2233  2293 E SyncManagerImpl: 	at cnh.a(PG:4)
07-19 16:55:32.833  2233  2293 E SyncManagerImpl: 	at njs.a(PG:147)
07-19 16:55:32.833  2233  2293 E SyncManagerImpl: 	... 12 more
07-19 16:55:32.835   601  2628 D ConnectivityService: Returning blocked NetworkInfo to uid=10050
07-19 16:55:32.844  2233  2347 W SyncManagerImpl: [SyncManagerImpl] Sync completed for AccountId ed0485a7 (com.google.android.apps.docs.editors.punch)
07-19 16:55:33.002   789   808 I chatty  : uid=10011(com.google.android.gms) HeapTaskDaemon expire 2 lines
07-19 16:55:35.719  2248  2368 W CelloCake: [CelloTaskRunnered0485a7-monitoring0] [Account=ed0485a7:Task=150311155]Slow task still running after 205s. pollForChanges(options=# com.google.apps.drive.dataservice.PollForChangesOptions@9fbb500d){account=ed0485a7, submitTimeMs=24839529, startTimeMs=24839530, waitTimeMs=1, timedOut}
07-19 16:55:38.720  2248  2368 W CelloCake: [CelloTaskRunnered0485a7-monitoring0] [Account=ed0485a7:Task=150311155]Slow task still running after 208s. pollForChanges(options=# com.google.apps.drive.dataservice.PollForChangesOptions@9fbb500d){account=ed0485a7, submitTimeMs=24839529, startTimeMs=24839530, waitTimeMs=1, timedOut}
07-19 16:55:38.776  1393  3085 I com.tenforwardconsulting.bgloc.DistanceFilterLocationProvider: Stationary location monitor fired
07-19 16:55:38.969  1393  3085 D com.tenforwardconsulting.bgloc.DistanceFilterLocationProvider: Single location update: Location[fused 18.566847,73.830819 acc=22 et=+6h57m27s763ms alt=516.5]
07-19 16:55:38.983  8274  8274 I chatty  : uid=1021(gps) /system/bin/glgps expire 9 lines
07-19 16:55:38.986  1393  3085 I com.tenforwardconsulting.bgloc.DistanceFilterLocationProvider: Distance from stationary location: 44.064888
07-19 16:55:39.096   247 29432 I Netd    : Destroyed 2 sockets for UidRanges{ 10000-2147483647 } skip={1001 1027 10008 10011 10013 10029 10031 10095} in 1.0 ms
07-19 16:55:39.122   601   613 I chatty  : uid=1000(system) android.bg expire 13 lines
07-19 16:55:39.122  8274  8274 D gpsd    : CALL_SENTRY(main()): marshal_gps_start took 135 ms (from 25047881 to 25048016) (logOverhead=0,0,0,0,0,0,0), start: 16:55:38.987
07-19 16:55:39.122  8274  8274 D gpsd    : CALL_SENTRY(main()): ProcessEvent took 135 ms (from 25047881 to 25048016) (logOverhead=0,0,0,0,0,0,0), start: 16:55:38.987
07-19 16:55:39.123   601  2472 I chatty  : uid=1000 system_server expire 2 lines
07-19 16:55:39.531  8274  8274 D gpsd    : WakeLock(Release,GPSD)
07-19 16:55:41.720  2248  2368 W CelloCake: [CelloTaskRunnered0485a7-monitoring0] [Account=ed0485a7:Task=150311155]Slow task still running after 211s. pollForChanges(options=# com.google.apps.drive.dataservice.PollForChangesOptions@9fbb500d){account=ed0485a7, submitTimeMs=24839529, startTimeMs=24839530, waitTimeMs=1, timedOut}
07-19 16:55:44.719  2248  2368 W CelloCake: [CelloTaskRunnered0485a7-monitoring0] [Account=ed0485a7:Task=150311155]Slow task still running after 214s. pollForChanges(options=# com.google.apps.drive.dataservice.PollForChangesOptions@9fbb500d){account=ed0485a7, submitTimeMs=24839529, startTimeMs=24839530, waitTimeMs=1, timedOut}
07-19 16:55:44.863  8274  8274 D gpsd    : WakeLock(Acquire,GPSD)
07-19 16:55:44.864  8274  8274 D gpsd    : WakeLock(Release,GPSD)
07-19 16:55:47.719  2248  2368 W CelloCake: [CelloTaskRunnered0485a7-monitoring0] [Account=ed0485a7:Task=150311155]Slow task still running after 217s. pollForChanges(options=# com.google.apps.drive.dataservice.PollForChangesOptions@9fbb500d){account=ed0485a7, submitTimeMs=24839529, startTimeMs=24839530, waitTimeMs=1, timedOut}
07-19 16:55:50.719  2248  2368 W CelloCake: [CelloTaskRunnered0485a7-monitoring0] [Account=ed0485a7:Task=150311155]Slow task still running after 220s. pollForChanges(options=# com.google.apps.drive.dataservice.PollForChangesOptions@9fbb500d){account=ed0485a7, submitTimeMs=24839529, startTimeMs=24839530, waitTimeMs=1, timedOut}
07-19 16:55:53.719  2248  2368 W CelloCake: [CelloTaskRunnered0485a7-monitoring0] [Account=ed0485a7:Task=150311155]Slow task still running after 223s. pollForChanges(options=# com.google.apps.drive.dataservice.PollForChangesOptions@9fbb500d){account=ed0485a7, submitTimeMs=24839529, startTimeMs=24839530, waitTimeMs=1, timedOut}
07-19 16:55:56.719  2248  2368 W CelloCake: [CelloTaskRunnered0485a7-monitoring0] [Account=ed0485a7:Task=150311155]Slow task still running after 226s. pollForChanges(options=# com.google.apps.drive.dataservice.PollForChangesOptions@9fbb500d){account=ed0485a7, submitTimeMs=24839529, startTimeMs=24839530, waitTimeMs=1, timedOut}
07-19 16:55:59.719  2248  2368 W CelloCake: [CelloTaskRunnered0485a7-monitoring0] [Account=ed0485a7:Task=150311155]Slow task still running after 229s. pollForChanges(options=# com.google.apps.drive.dataservice.PollForChangesOptions@9fbb500d){account=ed0485a7, submitTimeMs=24839529, startTimeMs=24839530, waitTimeMs=1, timedOut}
07-19 16:56:02.719  2248  2368 W CelloCake: [CelloTaskRunnered0485a7-monitoring0] [Account=ed0485a7:Task=150311155]Slow task still running after 232s. pollForChanges(options=# com.google.apps.drive.dataservice.PollForChangesOptions@9fbb500d){account=ed0485a7, submitTimeMs=24839529, startTimeMs=24839530, waitTimeMs=1, timedOut}
07-19 16:56:05.719  2248  2368 W CelloCake: [CelloTaskRunnered0485a7-monitoring0] [Account=ed0485a7:Task=150311155]Slow task still running after 235s. pollForChanges(options=# com.google.apps.drive.dataservice.PollForChangesOptions@9fbb500d){account=ed0485a7, submitTimeMs=24839529, startTimeMs=24839530, waitTimeMs=1, timedOut}
07-19 16:56:08.719  2248  2368 W CelloCake: [CelloTaskRunnered0485a7-monitoring0] [Account=ed0485a7:Task=150311155]Slow task still running after 238s. pollForChanges(options=# com.google.apps.drive.dataservice.PollForChangesOptions@9fbb500d){account=ed0485a7, submitTimeMs=24839529, startTimeMs=24839530, waitTimeMs=1, timedOut}
07-19 16:56:11.720  2248  2368 W CelloCake: [CelloTaskRunnered0485a7-monitoring0] [Account=ed0485a7:Task=150311155]Slow task still running after 241s. pollForChanges(options=# com.google.apps.drive.dataservice.PollForChangesOptions@9fbb500d){account=ed0485a7, submitTimeMs=24839529, startTimeMs=24839530, waitTimeMs=1, timedOut}
07-19 16:56:14.719  2248  2368 W CelloCake: [CelloTaskRunnered0485a7-monitoring0] [Account=ed0485a7:Task=150311155]Slow task still running after 244s. pollForChanges(options=# com.google.apps.drive.dataservice.PollForChangesOptions@9fbb500d){account=ed0485a7, submitTimeMs=24839529, startTimeMs=24839530, waitTimeMs=1, timedOut}
07-19 16:56:17.719  2248  2368 W CelloCake: [CelloTaskRunnered0485a7-monitoring0] [Account=ed0485a7:Task=150311155]Slow task still running after 247s. pollForChanges(options=# com.google.apps.drive.dataservice.PollForChangesOptions@9fbb500d){account=ed0485a7, submitTimeMs=24839529, startTimeMs=24839530, waitTimeMs=1, timedOut}
07-19 16:56:20.719  2248  2368 W CelloCake: [CelloTaskRunnered0485a7-monitoring0] [Account=ed0485a7:Task=150311155]Slow task still running after 250s. pollForChanges(options=# com.google.apps.drive.dataservice.PollForChangesOptions@9fbb500d){account=ed0485a7, submitTimeMs=24839529, startTimeMs=24839530, waitTimeMs=1, timedOut}
07-19 16:56:23.719  2248  2368 W CelloCake: [CelloTaskRunnered0485a7-monitoring0] [Account=ed0485a7:Task=150311155]Slow task still running after 253s. pollForChanges(options=# com.google.apps.drive.dataservice.PollForChangesOptions@9fbb500d){account=ed0485a7, submitTimeMs=24839529, startTimeMs=24839530, waitTimeMs=1, timedOut}
07-19 16:56:26.719  2248  2368 W CelloCake: [CelloTaskRunnered0485a7-monitoring0] [Account=ed0485a7:Task=150311155]Slow task still running after 256s. pollForChanges(options=# com.google.apps.drive.dataservice.PollForChangesOptions@9fbb500d){account=ed0485a7, submitTimeMs=24839529, startTimeMs=24839530, waitTimeMs=1, timedOut}
07-19 16:56:29.719  2248  2368 W CelloCake: [CelloTaskRunnered0485a7-monitoring0] [Account=ed0485a7:Task=150311155]Slow task still running after 259s. pollForChanges(options=# com.google.apps.drive.dataservice.PollForChangesOptions@9fbb500d){account=ed0485a7, submitTimeMs=24839529, startTimeMs=24839530, waitTimeMs=1, timedOut}
07-19 16:56:32.719  2248  2368 W CelloCake: [CelloTaskRunnered0485a7-monitoring0] [Account=ed0485a7:Task=150311155]Slow task still running after 262s. pollForChanges(options=# com.google.apps.drive.dataservice.PollForChangesOptions@9fbb500d){account=ed0485a7, submitTimeMs=24839529, startTimeMs=24839530, waitTimeMs=1, timedOut}
07-19 16:56:35.719  2248  2368 W CelloCake: [CelloTaskRunnered0485a7-monitoring0] [Account=ed0485a7:Task=150311155]Slow task still running after 265s. pollForChanges(options=# com.google.apps.drive.dataservice.PollForChangesOptions@9fbb500d){account=ed0485a7, submitTimeMs=24839529, startTimeMs=24839530, waitTimeMs=1, timedOut}
07-19 16:56:38.719  2248  2368 W CelloCake: [CelloTaskRunnered0485a7-monitoring0] [Account=ed0485a7:Task=150311155]Slow task still running after 268s. pollForChanges(options=# com.google.apps.drive.dataservice.PollForChangesOptions@9fbb500d){account=ed0485a7, submitTimeMs=24839529, startTimeMs=24839530, waitTimeMs=1, timedOut}
07-19 16:56:41.719  2248  2368 W CelloCake: [CelloTaskRunnered0485a7-monitoring0] [Account=ed0485a7:Task=150311155]Slow task still running after 271s. pollForChanges(options=# com.google.apps.drive.dataservice.PollForChangesOptions@9fbb500d){account=ed0485a7, submitTimeMs=24839529, startTimeMs=24839530, waitTimeMs=1, timedOut}
07-19 16:56:44.719  2248  2368 W CelloCake: [CelloTaskRunnered0485a7-monitoring0] [Account=ed0485a7:Task=150311155]Slow task still running after 274s. pollForChanges(options=# com.google.apps.drive.dataservice.PollForChangesOptions@9fbb500d){account=ed0485a7, submitTimeMs=24839529, startTimeMs=24839530, waitTimeMs=1, timedOut}
07-19 16:56:47.719  2248  2368 W CelloCake: [CelloTaskRunnered0485a7-monitoring0] [Account=ed0485a7:Task=150311155]Slow task still running after 277s. pollForChanges(options=# com.google.apps.drive.dataservice.PollForChangesOptions@9fbb500d){account=ed0485a7, submitTimeMs=24839529, startTimeMs=24839530, waitTimeMs=1, timedOut}
07-19 16:56:50.719  2248  2368 W CelloCake: [CelloTaskRunnered0485a7-monitoring0] [Account=ed0485a7:Task=150311155]Slow task still running after 280s. pollForChanges(options=# com.google.apps.drive.dataservice.PollForChangesOptions@9fbb500d){account=ed0485a7, submitTimeMs=24839529, startTimeMs=24839530, waitTimeMs=1, timedOut}
07-19 16:56:53.719  2248  2368 W CelloCake: [CelloTaskRunnered0485a7-monitoring0] [Account=ed0485a7:Task=150311155]Slow task still running after 283s. pollForChanges(options=# com.google.apps.drive.dataservice.PollForChangesOptions@9fbb500d){account=ed0485a7, submitTimeMs=24839529, startTimeMs=24839530, waitTimeMs=1, timedOut}
07-19 16:56:56.719  2248  2368 W CelloCake: [CelloTaskRunnered0485a7-monitoring0] [Account=ed0485a7:Task=150311155]Slow task still running after 286s. pollForChanges(options=# com.google.apps.drive.dataservice.PollForChangesOptions@9fbb500d){account=ed0485a7, submitTimeMs=24839529, startTimeMs=24839530, waitTimeMs=1, timedOut}
07-19 16:56:59.719  2248  2368 W CelloCake: [CelloTaskRunnered0485a7-monitoring0] [Account=ed0485a7:Task=150311155]Slow task still running after 289s. pollForChanges(options=# com.google.apps.drive.dataservice.PollForChangesOptions@9fbb500d){account=ed0485a7, submitTimeMs=24839529, startTimeMs=24839530, waitTimeMs=1, timedOut}
07-19 16:57:02.719  2248  2368 W CelloCake: [CelloTaskRunnered0485a7-monitoring0] [Account=ed0485a7:Task=150311155]Slow task still running after 292s. pollForChanges(options=# com.google.apps.drive.dataservice.PollForChangesOptions@9fbb500d){account=ed0485a7, submitTimeMs=24839529, startTimeMs=24839530, waitTimeMs=1, timedOut}
07-19 16:57:05.719  2248  2368 W CelloCake: [CelloTaskRunnered0485a7-monitoring0] [Account=ed0485a7:Task=150311155]Slow task still running after 295s. pollForChanges(options=# com.google.apps.drive.dataservice.PollForChangesOptions@9fbb500d){account=ed0485a7, submitTimeMs=24839529, startTimeMs=24839530, waitTimeMs=1, timedOut}
07-19 16:57:08.719  2248  2368 W CelloCake: [CelloTaskRunnered0485a7-monitoring0] [Account=ed0485a7:Task=150311155]Slow task still running after 298s. pollForChanges(options=# com.google.apps.drive.dataservice.PollForChangesOptions@9fbb500d){account=ed0485a7, submitTimeMs=24839529, startTimeMs=24839530, waitTimeMs=1, timedOut}
07-19 16:57:10.685  2248  2344 E SyncManagerImpl: [SyncManagerImpl] SyncException
07-19 16:57:10.685  2248  2344 E SyncManagerImpl: ktc: bta: Cello error 22. Execution error.
07-19 16:57:10.685  2248  2344 E SyncManagerImpl: 	at cok.a(PG:36)
07-19 16:57:10.685  2248  2344 E SyncManagerImpl: 	at ktb.a(PG:21)
07-19 16:57:10.685  2248  2344 E SyncManagerImpl: 	at ktk.run(PG:17)
07-19 16:57:10.685  2248  2344 E SyncManagerImpl: 	at ivd.a(PG:3)
07-19 16:57:10.685  2248  2344 E SyncManagerImpl: 	at ktb.a(PG:162)
07-19 16:57:10.685  2248  2344 E SyncManagerImpl: 	at kth.run(PG:2)
07-19 16:57:10.685  2248  2344 E SyncManagerImpl: 	at ktf.run(PG:27)
07-19 16:57:10.685  2248  2344 E SyncManagerImpl: Caused by: bta: Cello error 22. Execution error.
07-19 16:57:10.685  2248  2344 E SyncManagerImpl: 	at btg.a(Unknown Source)
07-19 16:57:10.685  2248  2344 E SyncManagerImpl: 	at byc.a(PG:5)
07-19 16:57:10.685  2248  2344 E SyncManagerImpl: 	at cok.a(PG:21)
07-19 16:57:10.685  2248  2344 E SyncManagerImpl: 	... 6 more
07-19 16:57:10.685  2248  2344 E SyncManagerImpl: Caused by: java.util.concurrent.TimeoutException: Waited 300000000000 nanoseconds (plus 40710863 nanoseconds delay) for sjc$b@2ce02c5[status=PENDING, info=[setFuture=[skx@fed641a[status=PENDING]]]]
07-19 16:57:10.685  2248  2344 E SyncManagerImpl: 	at siz.get(PG:57)
07-19 16:57:10.685  2248  2344 E SyncManagerImpl: 	at sjy$a.get(PG)
07-19 16:57:10.685  2248  2344 E SyncManagerImpl: 	at bti.call(Unknown Source)
07-19 16:57:10.685  2248  2344 E SyncManagerImpl: 	at btg.a(Unknown Source)
07-19 16:57:10.685  2248  2344 E SyncManagerImpl: 	... 8 more
07-19 16:57:10.691   601  1166 D ConnectivityService: Returning blocked NetworkInfo to uid=10046
07-19 16:57:10.700  2248  2344 W SyncManagerImpl: [SyncManagerImpl] Sync completed for AccountId ed0485a7 (com.google.android.apps.docs)
07-19 16:57:11.719  2248  2368 W CelloCake: [CelloTaskRunnered0485a7-monitoring0] [Account=ed0485a7:Task=150311155]Slow task still running after 301s. pollForChanges(options=# com.google.apps.drive.dataservice.PollForChangesOptions@9fbb500d){account=ed0485a7, submitTimeMs=24839529, startTimeMs=24839530, waitTimeMs=1, timedOut}
07-19 16:57:14.719  2248  2368 W CelloCake: [CelloTaskRunnered0485a7-monitoring0] [Account=ed0485a7:Task=150311155]Slow task still running after 304s. pollForChanges(options=# com.google.apps.drive.dataservice.PollForChangesOptions@9fbb500d){account=ed0485a7, submitTimeMs=24839529, startTimeMs=24839530, waitTimeMs=1, timedOut}
07-19 16:57:17.720  2248  2368 W CelloCake: [CelloTaskRunnered0485a7-monitoring0] [Account=ed0485a7:Task=150311155]Slow task still running after 307s. pollForChanges(options=# com.google.apps.drive.dataservice.PollForChangesOptions@9fbb500d){account=ed0485a7, submitTimeMs=24839529, startTimeMs=24839530, waitTimeMs=1, timedOut}
07-19 16:57:19.058  1393  3085 I com.tenforwardconsulting.bgloc.DistanceFilterLocationProvider: Stationary location monitor fired
07-19 16:57:19.117  1393  3085 D com.tenforwardconsulting.bgloc.DistanceFilterLocationProvider: Single location update: Location[fused 18.566847,73.830819 acc=24 et=+6h59m8s0ms alt=516.5]
07-19 16:57:19.131  1393  3085 I com.tenforwardconsulting.bgloc.DistanceFilterLocationProvider: Distance from stationary location: 45.447083
07-19 16:57:19.190  8274  8274 D gpsd    : WakeLock(Acquire,GPSD)
07-19 16:57:19.190  8274  8274 D gpsd    : CustomerModule::updateParameterFromProperty : persist.brcm.agps.mode = __NOT_DEFINED__
07-19 16:57:19.190  8274  8274 D gpsd    : CustomerModule::updateParameterFromProperty : persist.brcm.agps.certpath = __NOT_DEFINED__
07-19 16:57:19.190  8274  8274 D gpsd    : WakeLock(Release,GPSD)
07-19 16:57:19.193  8274  8274 D gpsd    : WakeLock(Acquire,GPSD)
07-19 16:57:19.193  8274  8274 D gpsd    : WakeLock(Release,GPSD)
07-19 16:57:19.196  8274  8274 D gpsd    : WakeLock(Acquire,GPSD)
07-19 16:57:19.196  8274  8274 D gpsd    : CustomerModule::restoreCustomConfig : tlsEnable = false
07-19 16:57:19.328  8274  8274 D gpsd    : CALL_SENTRY(main()): GlEngine::OnStart took 131 ms (from 25148091 to 25148222) (logOverhead=0,0,0,0,0,0,0), start: 16:57:19.197
07-19 16:57:19.331  8274  8274 D gpsd    : CALL_SENTRY(main()): marshal_gps_start took 134 ms (from 25148091 to 25148225) (logOverhead=0,0,0,0,0,0,0), start: 16:57:19.197
07-19 16:57:19.331  8274  8274 D gpsd    : CALL_SENTRY(main()): ProcessEvent took 134 ms (from 25148091 to 25148225) (logOverhead=0,0,0,0,0,0,0), start: 16:57:19.197
07-19 16:57:19.332   601   613 I chatty  : uid=1000(system) android.bg expire 13 lines
07-19 16:57:19.334   601  2479 I chatty  : uid=1000 system_server expire 2 lines
07-19 16:57:19.735  8274  8274 D gpsd    : WakeLock(Release,GPSD)
07-19 16:57:20.720  2248  2368 W CelloCake: [CelloTaskRunnered0485a7-monitoring0] [Account=ed0485a7:Task=150311155]Slow task still running after 310s. pollForChanges(options=# com.google.apps.drive.dataservice.PollForChangesOptions@9fbb500d){account=ed0485a7, submitTimeMs=24839529, startTimeMs=24839530, waitTimeMs=1, timedOut}
07-19 16:57:23.720  2248  2368 W CelloCake: [CelloTaskRunnered0485a7-monitoring0] [Account=ed0485a7:Task=150311155]Slow task still running after 313s. pollForChanges(options=# com.google.apps.drive.dataservice.PollForChangesOptions@9fbb500d){account=ed0485a7, submitTimeMs=24839529, startTimeMs=24839530, waitTimeMs=1, timedOut}
07-19 16:57:25.090  8274  8274 D gpsd    : WakeLock(Acquire,GPSD)
07-19 16:57:25.091  8274  8274 D gpsd    : WakeLock(Release,GPSD)
07-19 16:57:26.552 31330 31348 I Finsky  : [209] jen.run(3): Stats for Executor: BlockingExecutor jfw@f41427f[Running, pool size = 0, active threads = 0, queued tasks = 0, completed tasks = 36]
07-19 16:57:26.554 31330 31348 I Finsky  : [209] jen.run(3): Stats for Executor: LightweightExecutor jfw@e46324c[Running, pool size = 2, active threads = 0, queued tasks = 0, completed tasks = 63]
07-19 16:57:26.720  2248  2368 W CelloCake: [CelloTaskRunnered0485a7-monitoring0] [Account=ed0485a7:Task=150311155]Slow task still running after 316s. pollForChanges(options=# com.google.apps.drive.dataservice.PollForChangesOptions@9fbb500d){account=ed0485a7, submitTimeMs=24839529, startTimeMs=24839530, waitTimeMs=1, timedOut}
07-19 16:57:26.867 31330 31348 I Finsky  : [209] jen.run(3): Stats for Executor: bgExecutor jfw@9fec295[Running, pool size = 4, active threads = 0, queued tasks = 0, completed tasks = 144]
07-19 16:57:29.720  2248  2368 W CelloCake: [CelloTaskRunnered0485a7-monitoring0] [Account=ed0485a7:Task=150311155]Slow task still running after 319s. pollForChanges(options=# com.google.apps.drive.dataservice.PollForChangesOptions@9fbb500d){account=ed0485a7, submitTimeMs=24839529, startTimeMs=24839530, waitTimeMs=1, timedOut}
07-19 16:57:32.719  2248  2368 W CelloCake: [CelloTaskRunnered0485a7-monitoring0] [Account=ed0485a7:Task=150311155]Slow task still running after 322s. pollForChanges(options=# com.google.apps.drive.dataservice.PollForChangesOptions@9fbb500d){account=ed0485a7, submitTimeMs=24839529, startTimeMs=24839530, waitTimeMs=1, timedOut}
07-19 16:57:35.719  2248  2368 W CelloCake: [CelloTaskRunnered0485a7-monitoring0] [Account=ed0485a7:Task=150311155]Slow task still running after 325s. pollForChanges(options=# com.google.apps.drive.dataservice.PollForChangesOptions@9fbb500d){account=ed0485a7, submitTimeMs=24839529, startTimeMs=24839530, waitTimeMs=1, timedOut}
07-19 16:57:38.719  2248  2368 W CelloCake: [CelloTaskRunnered0485a7-monitoring0] [Account=ed0485a7:Task=150311155]Slow task still running after 328s. pollForChanges(options=# com.google.apps.drive.dataservice.PollForChangesOptions@9fbb500d){account=ed0485a7, submitTimeMs=24839529, startTimeMs=24839530, waitTimeMs=1, timedOut}
07-19 16:57:41.719  2248  2368 W CelloCake: [CelloTaskRunnered0485a7-monitoring0] [Account=ed0485a7:Task=150311155]Slow task still running after 331s. pollForChanges(options=# com.google.apps.drive.dataservice.PollForChangesOptions@9fbb500d){account=ed0485a7, submitTimeMs=24839529, startTimeMs=24839530, waitTimeMs=1, timedOut}
07-19 16:57:44.719  2248  2368 W CelloCake: [CelloTaskRunnered0485a7-monitoring0] [Account=ed0485a7:Task=150311155]Slow task still running after 334s. pollForChanges(options=# com.google.apps.drive.dataservice.PollForChangesOptions@9fbb500d){account=ed0485a7, submitTimeMs=24839529, startTimeMs=24839530, waitTimeMs=1, timedOut}
07-19 16:57:47.719  2248  2368 W CelloCake: [CelloTaskRunnered0485a7-monitoring0] [Account=ed0485a7:Task=150311155]Slow task still running after 337s. pollForChanges(options=# com.google.apps.drive.dataservice.PollForChangesOptions@9fbb500d){account=ed0485a7, submitTimeMs=24839529, startTimeMs=24839530, waitTimeMs=1, timedOut}
07-19 16:57:50.719  2248  2368 W CelloCake: [CelloTaskRunnered0485a7-monitoring0] [Account=ed0485a7:Task=150311155]Slow task still running after 340s. pollForChanges(options=# com.google.apps.drive.dataservice.PollForChangesOptions@9fbb500d){account=ed0485a7, submitTimeMs=24839529, startTimeMs=24839530, waitTimeMs=1, timedOut}
07-19 16:57:53.719  2248  2368 W CelloCake: [CelloTaskRunnered0485a7-monitoring0] [Account=ed0485a7:Task=150311155]Slow task still running after 343s. pollForChanges(options=# com.google.apps.drive.dataservice.PollForChangesOptions@9fbb500d){account=ed0485a7, submitTimeMs=24839529, startTimeMs=24839530, waitTimeMs=1, timedOut}
07-19 16:57:56.719  2248  2368 W CelloCake: [CelloTaskRunnered0485a7-monitoring0] [Account=ed0485a7:Task=150311155]Slow task still running after 346s. pollForChanges(options=# com.google.apps.drive.dataservice.PollForChangesOptions@9fbb500d){account=ed0485a7, submitTimeMs=24839529, startTimeMs=24839530, waitTimeMs=1, timedOut}
07-19 16:57:59.720  2248  2368 W CelloCake: [CelloTaskRunnered0485a7-monitoring0] [Account=ed0485a7:Task=150311155]Slow task still running after 349s. pollForChanges(options=# com.google.apps.drive.dataservice.PollForChangesOptions@9fbb500d){account=ed0485a7, submitTimeMs=24839529, startTimeMs=24839530, waitTimeMs=1, timedOut}
07-19 16:58:02.719  2248  2368 W CelloCake: [CelloTaskRunnered0485a7-monitoring0] [Account=ed0485a7:Task=150311155]Slow task still running after 352s. pollForChanges(options=# com.google.apps.drive.dataservice.PollForChangesOptions@9fbb500d){account=ed0485a7, submitTimeMs=24839529, startTimeMs=24839530, waitTimeMs=1, timedOut}
07-19 16:58:05.719  2248  2368 W CelloCake: [CelloTaskRunnered0485a7-monitoring0] [Account=ed0485a7:Task=150311155]Slow task still running after 355s. pollForChanges(options=# com.google.apps.drive.dataservice.PollForChangesOptions@9fbb500d){account=ed0485a7, submitTimeMs=24839529, startTimeMs=24839530, waitTimeMs=1, timedOut}
07-19 16:58:08.719  2248  2368 W CelloCake: [CelloTaskRunnered0485a7-monitoring0] [Account=ed0485a7:Task=150311155]Slow task still running after 358s. pollForChanges(options=# com.google.apps.drive.dataservice.PollForChangesOptions@9fbb500d){account=ed0485a7, submitTimeMs=24839529, startTimeMs=24839530, waitTimeMs=1, timedOut}
07-19 16:58:11.265   601   617 E BatteryStatsService: no controller energy info supplied
07-19 16:58:11.266   812   812 E PhoneInterfaceManager: [PhoneIntfMgr] queryModemActivityInfo: Empty response
07-19 16:58:11.275   601   617 E BatteryStatsService: modem info is invalid: ModemActivityInfo{ mTimestamp=0 mSleepTimeMs=0 mIdleTimeMs=0 mTxTimeMs[]=[0, 0, 0, 0, 0] mRxTimeMs=0 mEnergyUsed=0}
07-19 16:58:11.720  2248  2368 W CelloCake: [CelloTaskRunnered0485a7-monitoring0] [Account=ed0485a7:Task=150311155]Slow task still running after 361s. pollForChanges(options=# com.google.apps.drive.dataservice.PollForChangesOptions@9fbb500d){account=ed0485a7, submitTimeMs=24839529, startTimeMs=24839530, waitTimeMs=1, timedOut}
07-19 16:58:14.719  2248  2368 W CelloCake: [CelloTaskRunnered0485a7-monitoring0] [Account=ed0485a7:Task=150311155]Slow task still running after 364s. pollForChanges(options=# com.google.apps.drive.dataservice.PollForChangesOptions@9fbb500d){account=ed0485a7, submitTimeMs=24839529, startTimeMs=24839530, waitTimeMs=1, timedOut}
07-19 16:58:17.719  2248  2368 W CelloCake: [CelloTaskRunnered0485a7-monitoring0] [Account=ed0485a7:Task=150311155]Slow task still running after 367s. pollForChanges(options=# com.google.apps.drive.dataservice.PollForChangesOptions@9fbb500d){account=ed0485a7, submitTimeMs=24839529, startTimeMs=24839530, waitTimeMs=1, timedOut}
07-19 16:58:20.719  2248  2368 W CelloCake: [CelloTaskRunnered0485a7-monitoring0] [Account=ed0485a7:Task=150311155]Slow task still running after 370s. pollForChanges(options=# com.google.apps.drive.dataservice.PollForChangesOptions@9fbb500d){account=ed0485a7, submitTimeMs=24839529, startTimeMs=24839530, waitTimeMs=1, timedOut}
07-19 16:58:21.204  1265  2480 I chatty  : uid=10011(com.google.android.gms) expire 1 line
07-19 16:58:23.720  2248  2368 W CelloCake: [CelloTaskRunnered0485a7-monitoring0] [Account=ed0485a7:Task=150311155]Slow task still running after 373s. pollForChanges(options=# com.google.apps.drive.dataservice.PollForChangesOptions@9fbb500d){account=ed0485a7, submitTimeMs=24839529, startTimeMs=24839530, waitTimeMs=1, timedOut}
07-19 16:58:26.719  2248  2368 W CelloCake: [CelloTaskRunnered0485a7-monitoring0] [Account=ed0485a7:Task=150311155]Slow task still running after 376s. pollForChanges(options=# com.google.apps.drive.dataservice.PollForChangesOptions@9fbb500d){account=ed0485a7, submitTimeMs=24839529, startTimeMs=24839530, waitTimeMs=1, timedOut}
07-19 16:58:29.719  2248  2368 W CelloCake: [CelloTaskRunnered0485a7-monitoring0] [Account=ed0485a7:Task=150311155]Slow task still running after 379s. pollForChanges(options=# com.google.apps.drive.dataservice.PollForChangesOptions@9fbb500d){account=ed0485a7, submitTimeMs=24839529, startTimeMs=24839530, waitTimeMs=1, timedOut}
07-19 16:58:32.719  2248  2368 W CelloCake: [CelloTaskRunnered0485a7-monitoring0] [Account=ed0485a7:Task=150311155]Slow task still running after 382s. pollForChanges(options=# com.google.apps.drive.dataservice.PollForChangesOptions@9fbb500d){account=ed0485a7, submitTimeMs=24839529, startTimeMs=24839530, waitTimeMs=1, timedOut}
